0 fffffed3 trap_CG_RegisterSharedMemory
0 fffffed4 trap_G2API_SetNewOrigin
0 fffffed5 trap_G2API_SetSurfaceOnOff
0 fffffed6 trap_G2API_SetRootSurface
0 fffffed7 trap_G2API_SetBoltInfo
0 fffffed8 trap_G2API_AddBolt
0 fffffed9 trap_G2API_RemoveGhoul2Model
0 fffffeda trap_G2API_HasGhoul2ModelOnIndex
0 fffffedb trap_G2API_DuplicateGhoul2Instance
0 fffffedc trap_G2API_CopySpecificGhoul2Model
0 fffffedd trap_G2API_CopyGhoul2Instance
0 fffffede trap_G2API_GetGLAName
0 fffffedf trap_G2API_SetBoneAnim
0 fffffee0 trap_G2API_SetBoneAngles
0 fffffee1 trap_G2API_CleanGhoul2Models
0 fffffee2 trap_G2API_InitGhoul2Model
0 fffffee3 trap_G2API_GetBoltMatrix_NoReconstruct
0 fffffee4 trap_G2API_GetBoltMatrix
0 fffffee5 trap_G2API_GiveMeVectorFromMatrix
0 fffffee6 trap_G2_HaveWeGhoul2Models
0 fffffee7 trap_G2_SetGhoul2ModelIndexes
0 fffffee8 trap_G2_ListModelBones
0 fffffee9 trap_G2_ListModelSurfaces
0 fffffeea trap_ROFF_Purge_Ent
0 fffffeeb trap_ROFF_Play
0 fffffeec trap_ROFF_Cache
0 fffffeed trap_ROFF_UpdateEntities
0 fffffeee trap_ROFF_Clean
0 fffffeef trap_SP_Register
0 fffffef0 trap_SP_GetStringTextString
0 fffffef1 trap_SP_Print
0 fffffef2 trap_FX_AddSprite
0 fffffef3 trap_FX_AddPrimitive
0 fffffef4 trap_FX_AddBezier
0 fffffef5 trap_FX_AddPoly
0 fffffef6 trap_FX_AdjustTime
0 fffffef7 trap_FX_FreeSystem
0 fffffef8 trap_FX_InitSystem
0 fffffef9 trap_FX_AddScheduledEffects
0 fffffefa trap_FX_PlayBoltedEffectID
0 fffffefb trap_FX_PlayEntityEffectID
0 fffffefc trap_FX_PlayEffectID
0 fffffefd trap_FX_PlaySimpleEffectID
0 fffffefe trap_FX_PlayEntityEffect
0 fffffeff trap_FX_PlayEffect
0 ffffff00 trap_FX_PlaySimpleEffect
0 ffffff01 trap_FX_RegisterEffect
0 ffffff02 trap_R_inPVS
0 ffffff03 trap_GetEntityToken
0 ffffff04 trap_CIN_SetExtents
0 ffffff05 trap_CIN_DrawCinematic
0 ffffff06 trap_CIN_RunCinematic
0 ffffff07 trap_CIN_StopCinematic
0 ffffff08 trap_CIN_PlayCinematic
0 ffffff09 trap_SnapVector
0 ffffff0a trap_RealTime
0 ffffff0b trap_S_StopBackgroundTrack
0 ffffff0c trap_PC_RemoveAllGlobalDefines
0 ffffff0d trap_PC_LoadGlobalDefines
0 ffffff0e trap_PC_SourceFileAndLine
0 ffffff0f trap_PC_ReadToken
0 ffffff10 trap_PC_FreeSource
0 ffffff11 trap_PC_LoadSource
0 ffffff12 trap_PC_AddGlobalDefine
0 ffffff13 trap_Key_GetKey
0 ffffff14 trap_Key_SetCatcher
0 ffffff15 trap_Key_GetCatcher
0 ffffff16 trap_Key_IsDown
0 ffffff17 trap_MemoryRemaining
0 ffffff1a trap_OpenUIMenu
0 ffffff1b trap_SetClientTurnExtent
0 ffffff1c trap_SetClientForceAngle
0 ffffff1d trap_SetUserCmdValue
0 ffffff1e trap_GetUserCmd
0 ffffff1f trap_GetCurrentCmdNumber
0 ffffff20 trap_GetServerCommand
0 ffffff21 trap_GetSnapshot
0 ffffff22 trap_GetCurrentSnapshotNumber
0 ffffff23 trap_GetGameState
0 ffffff24 trap_GetGlconfig
0 ffffff25 trap_FX_AddLine
0 ffffff26 trap_R_GetBModelVerts
0 ffffff27 trap_R_SetLightStyle
0 ffffff28 trap_R_GetLightStyle
0 ffffff29 trap_R_RemapShader
0 ffffff2a trap_R_DrawRotatePic2
0 ffffff2b trap_R_DrawRotatePic
0 ffffff2c trap_R_LerpTag
0 ffffff2d trap_R_ModelBounds
0 ffffff2e trap_R_DrawStretchPic
0 ffffff2f trap_R_SetColor
0 ffffff30 trap_R_RenderScene
0 ffffff31 trap_R_AddAdditiveLightToScene
0 ffffff32 trap_R_AddLightToScene
0 ffffff33 trap_R_LightForPoint
0 ffffff34 trap_R_AddPolysToScene
0 ffffff35 trap_R_AddPolyToScene
0 ffffff36 trap_R_AddRefEntityToScene
0 ffffff37 trap_R_ClearScene
0 ffffff8e asin
0 ffffff8f acos
0 ffffff90 ceil
0 ffffff91 floor
0 ffffff92 perpendicularvector
0 ffffff93 anglevectors
0 ffffff94 matrixmultiply
0 ffffff95 sqrt
0 ffffff96 atan2
0 ffffff97 cos
0 ffffff98 sin
0 ffffff99 strncpy
0 ffffff9a memcpy
0 ffffff9b memset
0 ffffffcb trap_AnyLanguage_ReadCharFromString
0 ffffffcc trap_R_Font_DrawString
0 ffffffcd trap_R_Font_HeightPixels
0 ffffffce trap_R_Font_StrLenChars
0 ffffffcf trap_R_Font_StrLenPixels
0 ffffffd0 trap_R_RegisterFont
0 ffffffd1 trap_R_RegisterShaderNoMip
0 ffffffd2 trap_R_RegisterShader
0 ffffffd3 trap_R_RegisterSkin
0 ffffffd4 trap_R_RegisterModel
0 ffffffd5 trap_R_LoadWorldMap
0 ffffffd6 trap_S_StartBackgroundTrack
0 ffffffd7 trap_S_RegisterSound
0 ffffffd8 trap_S_Respatialize
0 ffffffd9 trap_S_StopLoopingSound
0 ffffffda trap_S_AddRealLoopingSound
0 ffffffdb trap_S_UpdateEntityPosition
0 ffffffdc trap_S_AddLoopingSound
0 ffffffdd trap_S_ClearLoopingSounds
0 ffffffde trap_S_StartLocalSound
0 ffffffdf trap_S_StartSound
0 ffffffe0 trap_S_MuteSound
0 ffffffe1 trap_CM_MarkFragments
0 ffffffe2 trap_CM_TransformedCapsuleTrace
0 ffffffe3 trap_CM_TransformedBoxTrace
0 ffffffe4 trap_CM_CapsuleTrace
0 ffffffe5 trap_CM_BoxTrace
0 ffffffe6 trap_CM_TransformedPointContents
0 ffffffe7 trap_CM_PointContents
0 ffffffe8 trap_CM_TempCapsuleModel
0 ffffffe9 trap_CM_TempBoxModel
0 ffffffea trap_CM_InlineModel
0 ffffffeb trap_CM_NumInlineModels
0 ffffffec trap_CM_LoadMap
0 ffffffed trap_UpdateScreen
0 ffffffee trap_SendClientCommand
0 ffffffef trap_RemoveCommand
0 fffffff0 trap_AddCommand
0 fffffff1 trap_SendConsoleCommand
0 fffffff2 trap_FS_FCloseFile
0 fffffff3 trap_FS_Write
0 fffffff4 trap_FS_Read
0 fffffff5 trap_FS_FOpenFile
0 fffffff6 trap_Args
0 fffffff7 trap_Argv
0 fffffff8 trap_Argc
0 fffffff9 trap_Cvar_VariableStringBuffer
0 fffffffa trap_Cvar_Set
0 fffffffb trap_Cvar_Update
0 fffffffc trap_Cvar_Register
0 fffffffd trap_Milliseconds
0 fffffffe trap_Error
0 ffffffff trap_Print
0        0 vmMain
0      122 C_PointContents
0      138 C_GetLerpOrigin
0      14a C_GetLerpAngles
0      15c C_GetModelScale
0      16e C_Trace
0      19a C_GetBoltPos
0      20d C_ImpactMark
0      24c CG_RegisterCvars
0      332 CG_ForceModelChange
0      368 CG_UpdateCvars
0      3bb CG_CrosshairPlayer
0      3d4 CG_LastAttacker
0      3e5 CG_Printf
0      3fe CG_Error
0      417 Com_Error
0      432 Com_Printf
0      44d CG_Argv
0      45c CG_RegisterItemSounds
0      4f5 CG_RegisterSounds
0      a8e CG_RegisterEffects
0      abc CG_RegisterGraphics
0     1137 CG_GetStripEdString
0     1167 CG_BuildSpectatorString
0     11bb CG_RegisterClients
0     1206 CG_ConfigString
0     1227 CG_StartMusic
0     126a CG_GetMenuBuffer
0     12ce CG_Asset_Parse
0     156d CG_ParseMenu
0     15d8 CG_Load_Menu
0     1628 CG_OwnerDrawHandleKey
0     162d CG_FeederCount
0     1689 CG_SetScoreSelection
0     1720 CG_InfoFromScoreIndex
0     1773 CG_FeederItemText
0     18e3 CG_FeederItemImage
0     18e8 CG_FeederSelection
0     1933 CG_Cvar_Get
0     1952 CG_Text_PaintWithCursor
0     1976 CG_OwnerDrawWidth
0     1a07 CG_PlayCinematic
0     1a26 CG_StopCinematic
0     1a2f CG_DrawCinematic
0     1a4e CG_RunCinematicFrame
0     1a57 CG_LoadHudMenu
0     1af2 CG_AssetCache
0     1b9f CG_Init_CG
0     1bab CG_Init_CGents
0     1bb7 CG_InitItems
0     1bc3 CG_Init
0     1f8c CG_Shutdown
0     1f98 CG_NextForcePower_f
0     1fdc CG_PrevForcePower_f
0     2020 CG_NextInventory_f
0     206a CG_PrevInventory_f
0     20b4 CG_TargetCommand_f
0     20e6 CG_SizeUp_f
0     20fc CG_SizeDown_f
0     2112 CG_Viewpos_f
0     212c CG_ScoresDown_f
0     2151 CG_ScoresUp_f
0     215f CG_scrollScoresDown_f
0     2188 CG_scrollScoresUp_f
0     21b1 CG_spWin_f
0     21e6 CG_spLose_f
0     221b CG_TellTarget_f
0     2246 CG_TellAttacker_f
0     2271 CG_VoiceTellTarget_f
0     229c CG_VoiceTellAttacker_f
0     22c7 CG_NextTeamMember_f
0     22cd CG_PrevTeamMember_f
0     22d3 CG_NextOrder_f
0     2346 CG_ConfirmOrder_f
0     2376 CG_DenyOrder_f
0     2397 CG_TaskOffense_f
0     23ce CG_TaskDefense_f
0     23ed CG_TaskPatrol_f
0     240c CG_TaskCamp_f
0     242b CG_TaskFollow_f
0     244a CG_TaskRetrieve_f
0     2469 CG_TaskEscort_f
0     2488 CG_TaskOwnFlag_f
0     2499 CG_TauntKillInsult_f
0     24a1 CG_TauntPraise_f
0     24a9 CG_TauntTaunt_f
0     24b1 CG_TauntDeathInsult_f
0     24b9 CG_TauntGauntlet_f
0     24c1 CG_TaskSuicide_f
0     24e3 CG_StartOrbit_f
0     252b CG_ConsoleCommand
0     2569 CG_InitConsoleCommands
0     268f MenuFontToHandle
0     26b6 CG_Text_Width
0     26d4 CG_Text_Height
0     26ef CG_Text_Paint
0     275f CG_DrawZoomMask
0     2ab7 CG_Draw3DModel
0     2b25 CG_DrawHead
0     2b5e CG_DrawFlagModel
0     2c43 DrawAmmo
0     2c4c CG_DrawHUDLeftFrame1
0     2c6c CG_DrawHUDLeftFrame2
0     2c8c DrawHealthArmor
0     2ef2 CG_DrawHealth
0     2f99 CG_DrawArmor
0     30e0 CG_DrawHUDRightFrame1
0     3100 CG_DrawHUDRightFrame2
0     3120 CG_DrawAmmo
0     3286 CG_DrawForcePower
0     3322 CG_DrawHUD
0     35af ForcePower_Valid
0     35dc CG_DrawForceSelect
0     3830 CG_DrawInvenSelect
0     3acb CG_DrawStats
0     3adf CG_DrawTeamBackground
0     3b1c CG_DrawMiniScoreboard
0     3ba9 CG_DrawEnemyInfo
0     3d6b CG_DrawSnapshot
0     3dab CG_DrawFPS
0     3e38 CG_DrawTimer
0     3ea0 CG_DrawTeamOverlay
0     41df CG_DrawPowerupIcons
0     42c3 CG_DrawUpperRight
0     432f CG_AddLagometerFrameInfo
0     434f CG_AddLagometerSnapshotInfo
0     4392 CG_DrawDisconnect
0     446b CG_DrawLagometer
0     467a CG_CenterPrint
0     46b8 CG_DrawCenterString
0     479a CG_DrawCrosshair
0     499a CG_WorldCoordToScreenCoordFloat
0     4a43 CG_WorldCoordToScreenCoord
0     4a64 CG_SaberClashFlare
0     4b36 CG_DrawHolocronIcons
0     4bc0 CG_IsDurationPower
0     4be9 CG_DrawActivePowers
0     4caf CG_DrawRocketLocking
0     4e67 CG_ScanForCrosshairEntity
0     4fb6 CG_DrawCrosshairNames
0     505f CG_DrawSpectator
0     51e0 CG_DrawVote
0     5251 CG_DrawTeamVote
0     53a1 CG_DrawScoreboard
0     53ab CG_DrawIntermission
0     53ba CG_DrawFollow
0     5445 CG_DrawAmmoWarning
0     5448 CG_DrawWarmup
0     5660 CG_DrawTimedMenus
0     5681 CG_DrawFlagStatus
0     5753 CG_Draw2D
0     5d60 CG_DrawTourneyScoreboard
0     5d63 CG_DrawActive
0     5dee CG_DrawRect
0     5e20 CG_GetColorForHealth
0     5ebe CG_DrawSides
0     5f14 CG_DrawTopBottom
0     5f6a CG_FillRect2
0     5f99 CG_FillRect
0     5fc8 CG_DrawPic
0     5fef CG_DrawRotatePic
0     6019 CG_DrawRotatePic2
0     6043 CG_DrawChar
0     60aa CG_DrawStringExt
0     61b6 CG_DrawBigString
0     61ee CG_DrawBigStringColor
0     6214 CG_DrawSmallString
0     6248 CG_DrawSmallStringColor
0     6269 CG_DrawStrlen
0     62b1 CG_TileClearBox
0     62f8 CG_TileClear
0     638f CG_FadeColor
0     63d3 CG_ColorForGivenHealth
0     6422 CG_ColorForHealth
0     6487 CG_DrawNumField
0     66b7 UI_DrawProportionalString
0     6740 UI_DrawScaledProportionalString
0     67b7 CG_BubbleTrail
0     6955 CG_SmokePuff
0     6ab8 CG_TestLine
0     6b89 CG_ThrowChunk
0     6c3c CG_DoGlassQuad
0     6da9 CG_CalcBiLerp
0     73a6 CG_CalcHeightWidth
0     7553 CG_InitGlass
0     75aa Vector2Set
0     75b9 CG_DoGlass
0     7835 CG_GlassShatter
0     786d CG_GlassShatter_Old
0     7a03 CG_CreateDebris
0     7c20 CG_ScorePlum
0     7ce8 CG_ExplosionEffects
0     7d2e CG_MakeExplosion
0     7eed CG_SurfaceExplosion
0     8192 CG_Bleed
0     81f9 CG_LaunchGib
0     8278 CG_GibPlayer
0     8507 CG_LaunchExplode
0     8586 CG_BigExplode
0     86e0 CG_PositionEntityOnTag
0     87b4 CG_PositionRotatedEntityOnTag
0     8885 CG_SetEntitySoundPosition
0     88e2 CG_EntityEffects
0     89d6 FX_AddOrientedLine
0     8a9e FX_DrawPortableShield
0     8bb2 CG_Special
0     8bd5 CG_SetGhoul2Info
0     8bfe CG_CreateBBRefEnts
0     8c01 G2_BoltToGhoul2Model
0     8cb2 ScaleModelAxis
0     8dba CG_General
0     9b5c CG_Speaker
0     9bcd CG_GreyItem
0     9bfa CG_Item
0     a2d2 CG_Missile
0     a693 CG_Mover
0     a70d CG_Beam
0     a741 CG_Portal
0     a7b8 CG_AdjustPositionForMover
0     a86f LerpBoneAngleOverrides
0     a872 CG_InterpolateEntityPosition
0     a938 CG_CalcEntityLerpPositions
0     a9dd CG_TeamBase
0     aa2d CG_AddCEntity
0     aae2 CG_ManualEntityRender
0     aaeb CG_AddPacketEntities
0     abd4 CG_ROFF_NotetrackCallback
0     aeae CG_PlaceString
0     afca CG_Obituary
0     b32b CG_ToggleBinoculars
0     b395 CG_UseItem
0     b448 CG_ItemPickup
0     b563 CG_PainEvent
0     b5be CG_ReattachLimb
0     b636 CG_BodyQueueCopy
0     b814 CG_TeamName
0     b831 CG_PrintCTFMessage
0     b94d CG_GetCTFMessageEvent
0     b98e DoFall
0     ba5c CG_InClientBitflags
0     baab CG_EntityEvent
0     d38c CG_CheckEvents
0     d422 CG_LoadingString
0     d432 CG_LoadingItem
0     d44d CG_LoadingClient
0     d47a CG_DrawInformation
0     daf5 CG_LoadBar
0     dbb3 CG_ClearLightStyles
0     dbd5 CG_RunLightStyles
0     dc9f CG_SetLightstyle
0     dd2a CG_InitLocalEntities
0     dd60 CG_FreeLocalEntity
0     dd99 CG_AllocLocalEntity
0     ddd7 CG_BloodTrail
0     de4c CG_FragmentBounceMark
0     deef CG_FragmentBounceSound
0     df08 CG_ReflectVelocity
0     dffe CG_AddFragment
0     e179 CG_AddFadeRGB
0     e24b CG_AddFadeScaleModel
0     e402 CG_AddMoveScaleFade
0     e4ed CG_AddPuff
0     e5f9 CG_AddScaleFade
0     e692 CG_AddFallScaleFade
0     e744 CG_AddExplosion
0     e7b5 CG_AddSpriteExplosion
0     e881 CG_AddRefEntity
0     e89c CG_AddScorePlum
0     ead2 CG_AddOLine
0     ebf6 CG_AddLine
0     ec09 CG_AddLocalEntities
0     ecb9 CG_InitMarkPolys
0     ecef CG_FreeMarkPoly
0     ed28 CG_AllocMark
0     ed7f CG_ImpactMark
0     f059 CG_AddMarks
0     f323 CG_ClearParticles
0     f3c6 CG_AddParticleToScene
0    10be2 CG_AddParticles
0    10de7 CG_ParticleSnowFlurry
0    10f83 CG_ParticleSnow
0    110d9 CG_ParticleBubble
0    11258 CG_ParticleSmoke
0    11357 CG_ParticleBulletDebris
0    11418 CG_ParticleExplosion
0    11523 CG_AddParticleShrapnel
0    11526 CG_NewParticleArea
0    11667 CG_SnowLink
0    116ad CG_ParticleImpactSmokePuff
0    11790 CG_Particle_Bleed
0    11874 CG_Particle_OilParticle
0    11976 CG_Particle_OilSlick
0    11ab7 CG_OilSlickRemove
0    11b02 ValidBloodPool
0    11c08 CG_BloodPool
0    11d01 CG_ParticleBloodCloud
0    11e3d CG_ParticleSparks
0    11fb3 CG_ParticleDust
0    121b9 CG_ParticleMisc
0    12259 CG_CustomSound
0    122c7 CG_NeedAnimSequence
0    122fc CG_RegisterClientModelname
0    1284c CG_ColorFromString
0    128b0 CG_LoadClientInfo
0    12ba2 CG_CopyClientInfoModel
0    12cd1 CG_ScanForExistingClientInfo
0    12d8f CG_SetDeferredClientInfo
0    12eb9 CG_NewClientInfo
0    132a9 CG_ActualLoadDeferredPlayers
0    132f1 CG_LoadDeferredPlayers
0    132f7 CG_InRoll
0    13321 CG_InRollAnim
0    13343 CG_SetLerpFrameAnimation
0    137ab CG_FirstAnimFrame
0    137ee CG_InWalkingAnim
0    13845 CG_FootstepForSurface
0    138df CG_FootStep
0    1395d CG_RunLerpFrame
0    13e06 CG_ClearLerpFrame
0    13e4b CG_PlayerAnimation
0    13f31 CG_SwingAngles
0    1403b CG_SwingAnglesATST
0    1416c CG_AddPainTwitch
0    141b3 CG_G2SetBoneAngles
0    141ea CG_G2ClientSpineAngles
0    14528 CG_G2PlayerAngles
0    14b19 CG_HasteTrail
0    14b96 CG_PlayerFlag
0    14cb3 CG_PlayerPowerups
0    14d81 CG_PlayerFloatSprite
0    14dcd CG_PlayerShadow
0    14e8a CG_PlayerSplash
0    14f7d CG_ForcePushBlur
0    1507c CG_ForceGripEffect
0    15199 CG_AddRefEntityWithPowerups
0    15207 CG_PlayerShieldHit
0    1527b CG_DrawPlayerShield
0    1532f CG_PlayerHitFX
0    1535a CG_LightVerts
0    1548a CG_DoSaber
0    156ab CG_GetTagWorldPosition
0    15774 CG_CreateSaberMarks
0    15a73 CG_AddSaberBlade
0    160f0 CG_IsMindTricked
0    16142 CG_DrawPlayerSphere
0    161df CG_AddLightningBeam
0    16382 CG_AddRandomLightning
0    16478 CG_ThereIsAMaster
0    164a3 CG_Player
0    1837a CG_ResetPlayerEntity
0    184df CG_CheckAmmo
0    184e2 CG_DamageFeedback
0    18625 CG_Respawn
0    18636 CG_CheckPlayerstateEvents
0    18718 CG_CheckChangedPredictableEvents
0    187a5 CG_CheckLocalSounds
0    1899d CG_TransitionPlayerState
0    18a53 CG_BuildSolidList
0    18ae2 CG_ClipMoveToEntities
0    18bf3 CG_Trace
0    18c37 CG_PointContents
0    18ca7 CG_InterpolatePlayerState
0    18ddc CG_TouchItem
0    18ece CG_TouchTriggerPrediction
0    18f85 CG_EntityStateToPlayerState
0    1911f CG_PredictPlayerState
0    1949a CGSagaGetValueGroup
0    19595 CGSagaGetPairedValue
0    1976d CG_InitSagaMode
0    19800 CG_SagaRoundOver
0    198d7 CG_SagaObjectiveCompleted
0    199fa CG_DrawClientScore
0    19cbf CG_TeamScoreboard
0    19d3c CG_GetTeamCount
0    19d7e CG_DrawOldScoreboard
0    1a36f CG_ValidOrder
0    1a3a1 CG_ParseScores
0    1a5d5 CG_ParseTeamInfo
0    1a6a4 CG_ParseServerinfo
0    1a861 CG_ParseWarmup
0    1a880 CG_SetConfigValues
0    1a99c CG_ShaderStateChanged
0    1aa54 CG_ConfigStringModified
0    1ad0b CG_AddToTeamChat
0    1ae86 CG_KillCEntityInstances
0    1af97 CG_MapRestart
0    1b021 CG_ParseVoiceChats
0    1b284 CG_LoadVoiceChats
0    1b2e6 CG_HeadModelVoiceChats
0    1b380 CG_GetVoiceChat
0    1b3f4 CG_VoiceChatListForClient
0    1b410 CG_PlayVoiceChat
0    1b48a CG_PlayBufferedVoiceChats
0    1b4b8 CG_AddBufferedVoiceChat
0    1b4f7 CG_VoiceChatLocal
0    1b5a9 CG_VoiceChat
0    1b642 CG_RemoveChatEscapeChar
0    1b688 CG_CheckSVStripEdRef
0    1b7b5 CG_ServerCommand
0    1bad4 CG_ExecuteNewServerCommands
0    1bafb CG_ResetEntity
0    1bb3f CG_TransitionEntity
0    1bb6c CG_SetInitialSnapshot
0    1bc2d CG_TransitionSnapshot
0    1bd33 CG_SetNextSnap
0    1be1a CG_ReadNextSnapshot
0    1be89 CG_ProcessSnapshots
0    1bf39 CreepToPosition
0    1c106 TurretClientRun
0    1c408 CG_TestModel_f
0    1c493 CG_TestGun_f
0    1c49f CG_TestModelNextFrame_f
0    1c4b5 CG_TestModelPrevFrame_f
0    1c4d2 CG_TestModelNextSkin_f
0    1c4e8 CG_TestModelPrevSkin_f
0    1c505 CG_AddTestModel
0    1c590 CG_CalcVrect
0    1c5fd CG_StepOffset
0    1c61f CG_CalcIdealThirdPersonViewTarget
0    1c65f CG_CalcIdealThirdPersonViewLocation
0    1c698 CG_ResetThirdPersonViewDamp
0    1c705 CG_UpdateThirdPersonTargetDamp
0    1c78c CG_UpdateThirdPersonCameraDamp
0    1c852 CG_OffsetThirdPersonView
0    1c978 CG_OffsetFirstPersonView
0    1cba5 CG_ZoomDown_f
0    1cbb5 CG_ZoomUp_f
0    1cbc5 CG_CalcFOVFromX
0    1cc00 CG_CalcFov
0    1cd81 CG_DamageBlendBlob
0    1cfc9 CheckOutOfConstrict
0    1d034 CG_CalcViewValues
0    1d15b CG_PowerupTimerSounds
0    1d19b CG_AddBufferedSound
0    1d1c5 CG_PlayBufferedSounds
0    1d1fe CG_UpdateSoundTrackers
0    1d257 CG_SE_UpdateShake
0    1d33a CG_SE_UpdateMusic
0    1d3a3 CG_CalcScreenEffects
0    1d3b0 CGCam_Shake
0    1d3c6 CGCam_SetMusicMult
0    1d3e5 CG_DrawActiveFrame
0    1d5ff CG_RegisterWeapon
0    1e14c CG_SetGhoul2InfoRef
0    1e189 CG_RegisterItemVisuals
0    1e2eb CG_MapTorsoToWeaponFrame
0    1e3ed CG_CalculateWeaponPosition
0    1e4d2 CG_LightningBolt
0    1e4f7 CG_AddWeaponWithPowerups
0    1e526 CG_AddPlayerWeapon
0    1ea2b CG_AddViewWeapon
0    1ebdc CG_DrawIconBackground
0    1edb3 CG_WeaponCheck
0    1edec CG_WeaponSelectable
0    1ee4d CG_DrawWeaponSelect
0    1f19d CG_NextWeapon_f
0    1f203 CG_PrevWeapon_f
0    1f269 CG_Weapon_f
0    1f394 CG_OutOfAmmoChange
0    1f3dd CG_FireATST
0    1f3fb CG_GetClientWeaponMuzzleBoltPoint
0    1f471 CG_FireWeapon
0    1f639 CG_MissileHitWall
0    1f719 CG_MissileHitPlayer
0    1f812 CG_Tracer
0    1fa1f CG_CalcMuzzlePoint
0    1fc0d CG_InitG2Weapons
0    1fc99 CG_ShutDownG2Weapons
0    1fcb3 CG_CopyG2WeaponInstance
0    1fcea CG_CheckPlayerG2Weapons
0    1fe0e FX_BlasterProjectileThink
0    1fe30 FX_BlasterAltFireThink
0    1fe52 FX_BlasterWeaponHitWall
0    1fe61 FX_BlasterWeaponHitPlayer
0    1fe82 FX_BowcasterProjectileThink
0    1fea4 FX_BowcasterHitWall
0    1feb3 FX_BowcasterHitPlayer
0    1fec2 FX_BowcasterAltProjectileThink
0    1fee4 FX_BryarProjectileThink
0    1ff06 FX_BryarHitWall
0    1ff39 FX_BryarHitPlayer
0    1ff5a FX_BryarAltProjectileThink
0    1ff9c FX_BryarAltHitWall
0    20004 FX_BryarAltHitPlayer
0    20025 FX_TurretProjectileThink
0    20047 FX_TurretHitWall
0    20056 FX_TurretHitPlayer
0    20077 FX_DEMP2_ProjectileThink
0    20099 FX_DEMP2_HitWall
0    200a8 FX_DEMP2_HitPlayer
0    200b7 FX_DEMP2_AltBeam
0    200ba FX_DEMP2_AltDetonate
0    2012c FX_DisruptorMainShot
0    20163 FX_DisruptorAltShot
0    201d0 FX_DisruptorAltMiss
0    202ac FX_DisruptorAltHit
0    202bb FX_DisruptorHitWall
0    202ca FX_DisruptorHitPlayer
0    202d9 FX_FlechetteProjectileThink
0    202fb FX_FlechetteWeaponHitWall
0    2030a FX_FlechetteWeaponHitPlayer
0    20319 FX_FlechetteAltProjectileThink
0    2033b FX_RepeaterProjectileThink
0    2035d FX_RepeaterHitWall
0    2036c FX_RepeaterHitPlayer
0    2037b FX_RepeaterAltProjectileThink
0    2039d FX_RepeaterAltHitWall
0    203ac FX_RepeaterAltHitPlayer
0    203bb FX_RocketProjectileThink
0    203dd FX_RocketHitWall
0    203ec FX_RocketHitPlayer
0    203fb FX_RocketAltProjectileThink
0    2041d FX_ForceDrained
0    20454 PM_SlideMove
0    20844 PM_StepSlideMove
0    20b93 BG_InSpecialJump
0    20bb8 BG_InSaberStandAnim
0    20bde BG_DirectFlippingAnim
0    20bfd BG_SaberInAttack
0    20c2a BG_SaberInSpecial
0    20c47 BG_SaberInIdle
0    20c64 BG_FlippingAnim
0    20cac BG_SpinningSaberAnim
0    20dc4 BG_SaberInSpecialAttack
0    20ded BG_InRoll
0    20e13 BG_InDeathAnim
0    20e38 PM_SaberInParry
0    20e4d PM_SaberInReflect
0    20e62 PM_SaberInStart
0    20e77 PM_InSaberAnim
0    20e8e PM_InKnockDown
0    20ebb PM_PainAnim
0    20eda PM_JumpingAnim
0    20ef9 PM_LandingAnim
0    20f40 PM_SpinningAnim
0    20f4d PM_InOnGroundAnim
0    20faa PM_InRollComplete
0    20fd0 PM_AnimLength
0    20ffd PM_DebugLegsAnim
0    21048 BG_ParseAnimationFile
0    211c0 PM_StartLegsAnim
0    2121f PM_ContinueLegsAnim
0    2123f PM_ForceLegsAnim
0    212af PM_StartTorsoAnim
0    212e4 PM_SetLegsAnimTimer
0    21302 PM_SetTorsoAnimTimer
0    21320 BG_SaberStartTransAnim
0    2136f PM_SetAnimFinal
0    215ab PM_SetAnim
0    21624 PM_GetSaberStance
0    21629 PM_DoSlowFall
0    2164c PM_AddEvent
0    2165b PM_AddEventWithParm
0    2166b PM_AddTouchEnt
0    216c0 PM_ClipVelocity
0    21739 PM_Friction
0    21835 PM_Accelerate
0    218b1 PM_CmdScale
0    21948 PM_SetMovementDir
0    21a94 PM_ForceJumpingUp
0    21b53 PM_JumpForDir
0    21bf6 PM_SetPMViewAngle
0    21c37 PM_AdjustAngleForWallRun
0    21e3b PM_CheckJump
0    229bb PM_CheckWaterJump
0    22aa2 PM_WaterJumpMove
0    22ae3 PM_WaterMove
0    22c14 PM_FlyMove
0    22c9f PM_AirMove
0    22d62 PM_WalkMove
0    23004 PM_DeadMove
0    2307d PM_NoclipMove
0    231ef PM_FootstepForSurface
0    23208 PM_TryRoll
0    233fa PM_CrashLand
0    2370b PM_CorrectAllSolid
0    237f2 PM_GroundTraceMissed
0    2395d PM_GroundTrace
0    23af0 PM_SetWaterLevel
0    23bbd PM_CheckDuck
0    23d93 PM_Use
0    23ddc PM_RunningAnim
0    23e0a PM_Footsteps
0    24081 PM_WaterEvents
0    240d8 PM_BeginWeaponChange
0    2413e PM_FinishWeaponChange
0    24191 PM_DoChargedWeapons
0    2466b PM_ItemUsable
0    24896 PM_Weapon
0    251c3 PM_Animate
0    25221 PM_DropTimers
0    252ab PM_UpdateViewAngles
0    2534f PM_AdjustAttackStates
0    256c7 BG_CmdForRoll
0    2571c BG_AdjustClientSpeed
0    25a9a PmoveSingle
0    25f10 Pmove
0    25fbc swapfunc
0    26043 med3
0    260c6 qsort
0    2647f strlen
0    2649a strcat
0    264dd strcpy
0    26512 strcmp
0    2654b strchr
0    2656a strstr
0    265b0 tolower
0    265c8 toupper
0    265e0 memmove
0    26627 tan
0    2663e srand
0    26645 rand
0    2665a atof
0    2671f _atof
0    267ea atoi
0    26862 _atoi
0    268e4 abs
0    268f9 fabs
0    2690e AddInt
0    269e9 AddFloat
0    26af7 AddString
0    26b8e vsprintf
0    26d26 sscanf
0    26d91 BG_LegalizedForcePowers
0    2715e vectoyaw
0    271b8 BG_HasYsalamiri
0    271e7 BG_CanUseFPNow
0    2724e BG_FindItemForPowerup
0    2728a BG_FindItemForHoldable
0    272c4 BG_FindItemForWeapon
0    272f7 BG_FindItem
0    27320 BG_PlayerTouchesItem
0    27380 BG_ProperForceIndex
0    273a3 BG_CycleForce
0    2747b BG_GetItemIndexByTag
0    274ab BG_CycleInven
0    27517 BG_CanItemBeGrabbed
0    27714 BG_EvaluateTrajectory
0    278e2 BG_EvaluateTrajectoryDelta
0    279dc BG_AddPredictableEventToPlayerstate
0    27a17 BG_TouchJumpPad
0    27a7b BG_PlayerStateToEntityState
0    27d86 BG_PlayerStateToEntityStateExtraPolate
0    2809e BG_SwingAngles
0    281a3 BG_AddPainTwitch
0    281e4 BG_G2PlayerAngles
0    28381 BG_Alloc
0    283c1 BG_AllocUnaligned
0    283f4 BG_TempAlloc
0    2842c BG_TempFree
0    28459 BG_StringAlloc
0    2847c BG_OutOfMemory
0    2848e PM_irand_timesync
0    284c3 BG_ForcePowerDrain
0    28581 PM_AttackMoveForQuad
0    285b6 PM_SaberAnimTransitionAnim
0    286c9 PM_SaberMoveQuadrantForMovement
0    2872e PM_SaberInBounce
0    28753 PM_SaberInTransition
0    28768 PM_SaberKataDone
0    287a0 PM_SetAnimFrame
0    287aa PM_SaberLockBreak
0    28a73 PM_SaberLocked
0    28c97 PM_SaberInBrokenParry
0    28cac PM_BrokenParryForParry
0    28cee PM_CanBackstab
0    28d6f PM_SaberFlipOverAttackMove
0    28e70 PM_SomeoneInFront
0    28f00 PM_SaberLungeAttackMove
0    28f4a PM_SaberJumpAttackMove
0    28fb7 PM_GroundDistance
0    29020 PM_SaberAttackForMovement
0    290ca PM_WeaponLightsaber
0    29895 PM_SetSaberMove
0    29a6d Q_rand
0    29a82 Q_random
0    29a94 Q_crandom
0    29aa5 VectorCompare
0    29add VectorLength
0    29b10 VectorLengthSquared
0    29b3c Distance
0    29b7d DistanceSquared
0    29bcb VectorNormalizeFast
0    29c2a VectorInverse
0    29c52 CrossProduct
0    29ccb ClampChar
0    29ce2 ClampShort
0    29cf9 DirToByte
0    29d54 ByteToDir
0    29d72 ColorBytes3
0    29de1 ColorBytes4
0    29e73 NormalizeColor
0    29ee9 PlaneFromPoints
0    29fa7 RotatePointAroundVector
0    2a0b2 RotateAroundDirection
0    2a0f6 vectoangles
0    2a1b2 AnglesToAxis
0    2a1e7 AxisClear
0    2a21e AxisCopy
0    2a242 ProjectPointOnPlane
0    2a2fd MakeNormalVectors
0    2a3a8 VectorRotate
0    2a445 Q_rsqrt
0    2a47c Q_fabs
0    2a48c LerpAngle
0    2a4bd AngleSubtract
0    2a4e2 AnglesSubtract
0    2a530 AngleMod
0    2a542 AngleNormalize360
0    2a550 AngleNormalize180
0    2a56b AngleDelta
0    2a57b SetPlaneSignbits
0    2a5a8 BoxOnPlaneSide
0    2a969 RadiusFromBounds
0    2a9bc ClearBounds
0    2a9f3 AddPointToBounds
0    2aa8c VectorNormalize
0    2aafc VectorNormalize2
0    2ab8a _VectorMA
0    2abcc _DotProduct
0    2ac01 _VectorSubtract
0    2ac3a _VectorAdd
0    2ac73 _VectorCopy
0    2ac9a _VectorScale
0    2acca Vector4Scale
0    2ad0c Q_log2
0    2ad2b MatrixMultiply
0    2af00 AngleVectors
0    2aff8 PerpendicularVector
0    2b064 Rand_Init
0    2b06b flrand
0    2b0a6 irand
0    2b0d8 powf
0    2b0fb GetIDForString
0    2b140 GetStringForID
0    2b17c Com_Clamp
0    2b196 COM_SkipPath
0    2b1ba COM_StripExtension
0    2b1f0 COM_DefaultExtension
0    2b238 ShortSwap
0    2b258 ShortNoSwap
0    2b263 LongSwap
0    2b296 LongNoSwap
0    2b29c Long64Swap
0    2b2d9 Long64NoSwap
0    2b2e1 FloatSwap
0    2b2f7 FloatNoSwap
0    2b2fe COM_BeginParseSession
0    2b310 COM_GetCurrentParseLine
0    2b316 COM_Parse
0    2b325 COM_ParseError
0    2b345 COM_ParseWarning
0    2b365 SkipWhitespace
0    2b39c COM_Compress
0    2b4ef COM_ParseExt
0    2b63b COM_MatchToken
0    2b664 SkipBracedSection
0    2b6a2 SkipRestOfLine
0    2b6da Parse1DMatrix
0    2b719 Parse2DMatrix
0    2b754 Parse3DMatrix
0    2b799 Q_isprint
0    2b7ae Q_islower
0    2b7c3 Q_isupper
0    2b7d8 Q_isalpha
0    2b7f9 Q_strrchr
0    2b82d Q_strncpyz
0    2b868 Q_stricmpn
0    2b8f3 Q_strncmp
0    2b945 Q_stricmp
0    2b96d Q_strlwr
0    2b993 Q_strupr
0    2b9b9 Q_strcat
0    2b9e5 Q_PrintStrlen
0    2ba35 Q_CleanStr
0    2ba9b Com_sprintf
0    2bada va
0    2bb07 Info_ValueForKey
0    2bbe7 Info_NextPair
0    2bc85 Info_RemoveKey
0    2bd55 Info_RemoveKey_Big
0    2be25 Info_Validate
0    2be4c Info_SetValueForKey
0    2bf1c Info_SetValueForKey_Big
0    2bfe4 Q_irand
0    2bffc UI_Alloc
0    2c036 UI_InitMemory
0    2c03f UI_OutOfMemory
0    2c045 hashForString
0    2c085 String_Alloc
0    2c15e String_Report
0    2c1a7 String_Init
0    2c1eb PC_SourceWarning
0    2c21b PC_SourceError
0    2c24b LerpColor
0    2c2a6 Float_Parse
0    2c2d2 PC_Float_Parse
0    2c327 Color_Parse
0    2c354 PC_Color_Parse
0    2c381 Int_Parse
0    2c3ad PC_Int_Parse
0    2c405 Rect_Parse
0    2c44c PC_Rect_Parse
0    2c493 String_Parse
0    2c4bf PC_String_Parse
0    2c534 PC_Script_Parse
0    2c5b6 Init_Display
0    2c5bd GradientBar_Paint
0    2c603 Window_Init
0    2c63f Fade
0    2c6b0 Window_Paint
0    2c9fa Item_SetScreenCoords
0    2ca8e Item_UpdatePosition
0    2cae1 Menu_UpdatePosition
0    2cb38 Menu_PostParse
0    2cb64 Menu_ClearFocus
0    2cbe7 IsVisible
0    2cc0a Rect_ContainsPoint
0    2cc4f Menu_ItemsMatchingGroup
0    2ccab Menu_GetMatchingItemByNumber
0    2cd18 Script_SetColor
0    2cdb2 Script_SetAsset
0    2cdcb Script_SetBackground
0    2cded Menu_FindItemByName
0    2ce3c Script_SetTeamColor
0    2ce71 Script_SetItemColor
0    2cf4a Script_SetItemRect
0    2cfc8 Menu_ShowItemByName
0    2d03a Menu_FadeItemByName
0    2d0b3 Menus_FindByName
0    2d0e4 Menus_ShowByName
0    2d0fc Menus_OpenByName
0    2d105 Menu_RunCloseScript
0    2d134 Menus_CloseByName
0    2d194 Menus_CloseAll
0    2d1ca Script_Show
0    2d1ea Script_Hide
0    2d20a Script_FadeIn
0    2d22a Script_FadeOut
0    2d24a Script_Open
0    2d262 Script_Close
0    2d28c Menu_TransitionItemByName
0    2d377 Script_Defer
0    2d39e Script_RunDeferred
0    2d3b8 Script_Transition
0    2d41a Menu_OrbitItemByName
0    2d487 Script_Orbit
0    2d4f5 Script_SetFocus
0    2d580 Script_SetPlayerModel
0    2d59e Script_SetPlayerHead
0    2d5bc Script_SetCvar
0    2d5e8 Script_SetCvarToCvar
0    2d621 Script_Exec
0    2d648 Script_Play
0    2d671 Script_playLooped
0    2d69d Item_RunScript
0    2d73a Item_EnableShowViaCvar
0    2d813 Item_SetFocus
0    2d97f Item_TextScroll_MaxScroll
0    2d9ae Item_TextScroll_ThumbPosition
0    2d9f8 Item_TextScroll_ThumbDrawPosition
0    2da61 Item_TextScroll_OverLB
0    2db49 Item_TextScroll_MouseEnter
0    2db7a Item_TextScroll_HandleKey
0    2dd10 Item_ListBox_MaxScroll
0    2dd6a Item_ListBox_ThumbPosition
0    2ddf1 Item_ListBox_ThumbDrawPosition
0    2deb6 Item_Slider_ThumbPosition
0    2df4e Item_Slider_OverSlider
0    2df83 Item_ListBox_OverLB
0    2e14e Item_ListBox_MouseEnter
0    2e283 Item_MouseEnter
0    2e3a5 Item_MouseLeave
0    2e3f1 Menu_HitTest
0    2e42f Item_SetMouseOver
0    2e458 Item_OwnerDraw_HandleKey
0    2e492 Item_ListBox_HandleKey
0    2e9af Item_YesNo_HandleKey
0    2ea35 Item_Multi_CountSettings
0    2ea4d Item_Multi_FindCvarByValue
0    2ead2 Item_Multi_Setting
0    2eb63 Item_Multi_HandleKey
0    2ec56 Item_TextField_HandleKey
0    2efda Scroll_TextScroll_AutoFunc
0    2f037 Scroll_TextScroll_ThumbFunc
0    2f126 Scroll_ListBox_AutoFunc
0    2f183 Scroll_ListBox_ThumbFunc
0    2f30a Scroll_Slider_ThumbFunc
0    2f3a4 Item_StartCapture
0    2f519 Item_StopCapture
0    2f51c Item_Slider_HandleKey
0    2f618 Item_HandleKey
0    2f728 Item_Action
0    2f73f Menu_SetPrevCursorItem
0    2f815 Menu_SetNextCursorItem
0    2f8e2 Window_CloseCinematic
0    2f90a Menu_CloseCinematics
0    2f95e Display_CloseCinematics
0    2f97b Menus_Activate
0    2f9d2 Display_VisibleMenuCount
0    2f9fc Menus_HandleOOBClick
0    2fabf Item_CorrectedTextRect
0    2fae7 Menu_HandleKey
0    2fe08 ToWindowCoords
0    2fe50 Rect_ToWindowCoords
0    2fe65 Item_SetTextExtents
0    30009 Item_TextColor
0    3014f Item_Text_AutoWrapped_Paint
0    302ff Item_Text_Wrapped_Paint
0    3040c Item_Text_Paint
0    304fd Item_TextField_Paint
0    30673 Item_YesNo_Paint
0    307a7 Item_Multi_Paint
0    30895 Controls_GetKeyAssignment
0    308f3 Controls_GetConfig
0    30925 Controls_SetConfig
0    3097c Controls_SetDefaults
0    309af BindingIDFromName
0    309dc BindingFromName
0    30a6d Item_Slider_Paint
0    30b70 Item_Bind_Paint
0    30d49 Display_KeyBindPending
0    30d4f Item_Bind_HandleKey
0    30f5a Item_Model_Paint
0    3108a Item_Image_Paint
0    310d1 Item_TextScroll_Paint
0    31263 Item_ListBox_Paint
0    3181a Item_OwnerDraw_Paint
0    31ae0 Item_Paint
0    320ca Menu_Init
0    32101 Menu_GetFocusedItem
0    32140 Menu_GetFocused
0    3217b Menu_ScrollFeeder
0    321ce Menu_SetFeederSelection
0    32263 Menus_AnyFullScreenVisible
0    32297 Menus_ActivateByName
0    32326 Item_Init
0    3233f Menu_HandleMouseMove
0    32497 Menu_Paint
0    325f2 Item_ValidateTypeData
0    326b6 KeywordHash_Key
0    3271a KeywordHash_Add
0    32740 KeywordHash_Find
0    3277b ItemParse_name
0    32794 ItemParse_focusSound
0    327bc ItemParse_text
0    327d5 ItemParse_descText
0    327ee ItemParse_text2
0    32807 ItemParse_text2alignx
0    32820 ItemParse_text2aligny
0    32839 ItemParse_group
0    32852 ItemParse_asset_model
0    32892 ItemParse_asset_shader
0    328b8 ItemParse_model_origin
0    328fe ItemParse_model_fovx
0    32924 ItemParse_model_fovy
0    3294a ItemParse_model_rotation
0    32970 ItemParse_model_angle
0    32994 ItemParse_rect
0    329ad ItemParse_flag
0    32a18 ItemParse_style
0    32a36 ItemParse_decoration
0    32a49 ItemParse_notselectable
0    32a6c ItemParse_wrapped
0    32a7f ItemParse_autowrapped
0    32a92 ItemParse_horizontalscroll
0    32aa5 ItemParse_type
0    32ac4 ItemParse_elementwidth
0    32aea ItemParse_elementheight
0    32b10 ItemParse_feeder
0    32b29 ItemParse_elementtype
0    32b5a ItemParse_columns
0    32bfd ItemParse_border
0    32c16 ItemParse_bordersize
0    32c2f ItemParse_visible
0    32c57 ItemParse_ownerdraw
0    32c76 ItemParse_align
0    32c8f ItemParse_textalign
0    32cad ItemParse_textalignx
0    32cc6 ItemParse_textaligny
0    32cdf ItemParse_textscale
0    32cf8 ItemParse_textstyle
0    32d11 ItemParse_backcolor
0    32d40 ItemParse_forecolor
0    32d7d ItemParse_bordercolor
0    32dac ItemParse_outlinecolor
0    32dc5 ItemParse_background
0    32deb ItemParse_cinematic
0    32e04 ItemParse_doubleClick
0    32e35 ItemParse_onFocus
0    32e4e ItemParse_leaveFocus
0    32e67 ItemParse_mouseEnter
0    32e80 ItemParse_mouseExit
0    32e99 ItemParse_mouseEnterText
0    32eb2 ItemParse_mouseExitText
0    32ecb ItemParse_action
0    32ee4 ItemParse_special
0    32efd ItemParse_cvarTest
0    32f16 ItemParse_cvar
0    32f77 ItemParse_font
0    32f96 ItemParse_maxChars
0    32fcb ItemParse_maxPaintChars
0    33000 ItemParse_maxLineChars
0    33035 ItemParse_lineHeight
0    3306b ItemParse_cvarFloat
0    330ca ItemParse_cvarStrList
0    3318c ItemParse_cvarFloatList
0    3324a ItemParse_addColorRange
0    332ac ItemParse_ownerdrawFlag
0    332d1 ItemParse_enableCvar
0    332f0 ItemParse_disableCvar
0    3330f ItemParse_showCvar
0    3332e ItemParse_hideCvar
0    3334d ItemParse_Appearance_slot
0    33366 Item_SetupKeywordHash
0    33392 Item_Parse
0    33411 Item_TextScroll_BuildLines
0    33550 Item_InitControls
0    3358d MenuParse_font
0    335d0 MenuParse_name
0    335fd MenuParse_fullscreen
0    3361a MenuParse_rect
0    33635 MenuParse_style
0    33657 MenuParse_visible
0    33683 MenuParse_onOpen
0    336a0 MenuParse_onClose
0    336bd MenuParse_onESC
0    336da MenuParse_border
0    336f7 MenuParse_borderSize
0    33714 MenuParse_backcolor
0    33747 MenuParse_descAlignment
0    33769 MenuParse_descX
0    33786 MenuParse_descY
0    337a3 MenuParse_descScale
0    337c0 MenuParse_descColor
0    337f3 MenuParse_forecolor
0    33834 MenuParse_bordercolor
0    33867 MenuParse_focuscolor
0    3389a MenuParse_disablecolor
0    338cd MenuParse_outlinecolor
0    338ea MenuParse_background
0    33914 MenuParse_cinematic
0    33931 MenuParse_ownerdrawFlag
0    3395a MenuParse_ownerdraw
0    33977 MenuParse_popup
0    3398e MenuParse_outOfBounds
0    339a5 MenuParse_soundLoop
0    339c2 MenuParse_fadeClamp
0    339df MenuParse_fadeAmount
0    339fc MenuParse_fadeCycle
0    33a19 MenuParse_itemDef
0    33a9e MenuParse_appearanceIncrement
0    33abb Menu_SetupKeywordHash
0    33ae7 Menu_Parse
0    33b66 Menu_New
0    33b9a Menu_Count
0    33ba0 Menu_PaintAll
0    33c37 Menu_Reset
0    33c3d Display_GetContext
0    33c43 Display_CaptureItem
0    33c78 Display_MouseMove
0    33cf0 Display_CursorType
0    33d3c Display_HandleKey
0    33d69 Window_CacheContents
0    33da2 Item_CacheContents
0    33daf Menu_CacheContents
0    33dfb Display_CacheAll
0    33e18 Menu_OverActiveItem
0    33ecb CG_InitTeamChat
0    33ee9 CG_SetPrintString
0    33f09 CG_CheckOrderPending
0    33fea CG_SetSelectedPlayerName
0    34037 CG_GetSelectedPlayer
0    34049 CG_SelectNextPlayer
0    3406b CG_SelectPrevPlayer
0    3408e CG_StatusHandle
0    340da CG_GetValue
0    341c0 CG_OtherTeamHasFlag
0    341f5 CG_YourTeamHasFlag
0    3422a CG_OwnerDrawVisible
0    34347 CG_GetKillerText
0    34369 CG_GetGameStatusText
0    343e1 CG_GameTypeString
0    3441e CG_Text_Paint_Limit
0    3450a CG_DrawNewTeamInfo
0    34775 CG_DrawTeamSpectators
0    348c0 CG_DrawMedal
0    34a08 CG_OwnerDraw
0    34a0b CG_MouseEvent
0    34a9d CG_HideTeamMenu
0    34aaa CG_ShowTeamMenu
0    34ab2 CG_EventHandling
0    34acc CG_KeyEvent
0    34b25 CG_ClientNumFromName
0    34b5c CG_ShowResponseHead
0    34b6f CG_RunMenuScript
0    34b72 CG_DeferMenuScript
0    34b77 CG_GetTeamColor
1        4 colorTable
1      434 HolocronIcons
1      47c forceModelModificationCount
1      4e4 cvarTable
1      bf4 cvarTableSize
1      c9c forceTicPos
1      dec ammoTicPos
1      f3c commands
1     10bc menuScoreboard
1     10c0 bluehudtint
1     10d0 redhudtint
1     10e0 showPowersName
1     116c g_saberFlashTime
1     1170 g_saberFlashPos
1     1190 cgRageTime
1     1194 cgRageFadeTime
1     1198 cgRageFadeVal
1     119c cgRageRecTime
1     11a0 cgRageRecFadeTime
1     11a4 cgRageRecFadeVal
1     11a8 cgAbsorbTime
1     11ac cgAbsorbFadeTime
1     11b0 cgAbsorbFadeVal
1     11b4 cgProtectTime
1     11b8 cgProtectFadeTime
1     11bc cgProtectFadeVal
1     11c0 cgYsalTime
1     11c4 cgYsalFadeTime
1     11c8 cgYsalFadeVal
1     11cc gCGHasFallVector
1     11f0 forceHolocronModels
1     1734 shaderAnimNames
1     17b4 shaderAnimCounts
1     1834 shaderAnimSTRatio
1     18b4 cl_numparticles
1     18b8 initparticles
1     18bc roll
1     18c0 cg_customSoundNames
1     194c cgQueueLoad
1     1a38 cgAnnouncerTime
1     1a84 numValidOrders
1     1a88 cameramins
1     1a94 cameramaxs
1     1aa0 cameraCurTarget
1     1aac cameraCurLoc
1     1ab8 cameraOldLoc
1     1ac4 cameraNewLoc
1     1ad0 cameraLastFrame
1     1ad4 cameraLastYaw
1     1ad8 cameraStiffFactor
1     1b18 cgWeapFrame
1     1b1c cgWeapFrameTime
1     1c10 WHITE
1     1c28 WP_MuzzlePoint
1     1ce8 weaponData
1     2068 ammoData
1     2090 animTable
1     4738 BGPAFtextLoaded
1     473c gPMDoSlowFall
1     4740 pm_stopspeed
1     4744 pm_duckScale
1     4748 pm_swimScale
1     474c pm_wadeScale
1     4750 pm_accelerate
1     4754 pm_airaccelerate
1     4758 pm_wateraccelerate
1     475c pm_flyaccelerate
1     4760 pm_friction
1     4764 pm_waterfriction
1     4768 pm_flightfriction
1     476c pm_spectatorfriction
1     4770 c_pmove
1     4774 forceSpeedLevels
1     4784 forcePowerNeeded
1     48a4 forceJumpHeight
1     48b4 forceJumpStrength
1     4958 randSeed
1     49cc forceMasteryLevels
1     49ec forceMasteryPoints
1     4a0c bgForcePowerCost
1     4b2c forcePowerSorted
1     4b74 forcePowerDarkLight
1     4bbc WeaponReadyAnim
1     4bfc WeaponAttackAnim
1     4c3c bg_itemlist
1     54f8 bg_numItems
1     5550 eventnames
1     5728 bg_poolSize
1     572c bg_poolTail
1     5730 saberMoveData
1     1a3c validOrders
1     6c20 transitionMove
1     6ed0 vec3_origin
1     6edc axisDefault
1     6f00 colorBlack
1     6f10 colorRed
1     6f20 colorGreen
1     6f30 colorBlue
1     6f40 colorYellow
1     6f50 colorMagenta
1     6f60 colorCyan
1     6f70 colorWhite
1     6f80 colorLtGrey
1     6f90 colorMdGrey
1     6fa0 colorDkGrey
1     6fb0 colorLtBlue
1     6fc0 colorDkBlue
1     6fd0 g_color_table
1     7050 bytedirs
1     7808 holdrand
1     7814 captureFunc
1     7818 captureData
1     781c itemCapture
1     7820 DC
1     7824 g_waitingForKey
1     7828 g_editingField
1     782c g_bindItem
1     7830 g_editItem
1     7834 menuCount
1     7838 openMenuCount
1     783c debugMode
1     7840 lastListBoxClickTime
1     7844 itemFlags
1     7854 styles
1     7870 alignment
1     7880 types
1     78c0 strPoolIndex
1     78c4 strHandleCount
1     78d0 FPMessageTime
1     78d4 ui_deferredScriptItem
1     78d8 commandList
1     7998 scriptCommandCount
1     7a60 g_bindings
1     8330 itemParseKeywords
1     8690 menuParseKeywords
1     8844 drawTeamOverlayModificationCount
1     82b8 g_bindCount
2   752db8 _stackStart
2   762db8 _stackEnd
3     8400 cg_pmove_msec
3     8510 cg_debugSaber
3     8620 cgDC
3     b440 cg_debugBB
3     b550 ss_blockingMethod
3     b660 ui_myteam
3     b770 cg_recordSPDemoName
3     b880 cg_recordSPDemo
3     b990 cg_singlePlayerActive
3     baa0 cg_enableBreath
3     bbb0 cg_enableDust
3     bcc0 cg_singlePlayer
3     bdd0 cg_currentSelectedPlayerName
3     bee0 cg_currentSelectedPlayer
3     bff0 cg_blueTeamName
3     c100 cg_redTeamName
3     c210 cg_trueLightning
3     c320 cg_noProjectileTrail
3     c430 cg_noTaunt
3     c540 cg_bigFont
3     c650 cg_smallFont
3     c760 cg_cameraMode
3     c870 cg_timescale
3     c980 cg_timescaleFadeSpeed
3     ca90 cg_timescaleFadeEnd
3     cba0 cg_cameraOrbitDelay
3     ccb0 cg_cameraOrbit
3     cdc0 pmove_msec
3     ced0 pmove_fixed
3     cfe0 cg_smoothClients
3     d0f0 cg_hudFiles
3     d200 cg_scorePlum
3     d310 cg_noVoiceText
3     d420 cg_noVoiceChats
3     d530 cg_teamChatsOnly
3     d640 cg_drawFriend
3     d750 cg_deferPlayers
3     d860 cg_predictItems
3     d970 cg_blood
3     da80 cg_paused
3     db90 cg_buildScript
3     dca0 cg_forceModel
3     ddb0 cg_stats
3     dec0 cg_teamChatHeight
3     dfd0 cg_teamChatTime
3     e0e0 cg_synchronousClients
3     e1f0 cg_drawEnemyInfo
3     e300 cg_lagometer
3     e410 cg_stereoSeparation
3     e520 cg_thirdPersonHorzOffset
3     e630 cg_thirdPersonAlpha
3     e740 cg_thirdPersonTargetDamp
3     e850 cg_thirdPersonCameraDamp
3     e960 cg_thirdPersonVertOffset
3     ea70 cg_thirdPersonPitchOffset
3     eb80 cg_thirdPersonAngle
3     ec90 cg_thirdPersonRange
3     eda0 cg_thirdPerson
3     eeb0 cg_dismember
3     efc0 cg_animBlend
3     f0d0 cg_auraShell
3     f1e0 cg_speedTrail
3     f2f0 cg_saberTrail
3     f400 cg_saberContact
3     f510 cg_swingAngles
3     f620 cg_zoomFov
3     f730 cg_fov
3     f840 cg_simpleItems
3     f950 cg_ignore
3     fa60 cg_autoswitch
3     fb70 cg_tracerLength
3     fc80 cg_tracerWidth
3     fd90 cg_tracerChance
3     fea0 cg_viewsize
3     ffb0 cg_drawGun
3    100c0 cg_gun_z
3    101d0 cg_gun_y
3    102e0 cg_gun_x
3    103f0 cg_gun_frame
3    10500 cg_addMarks
3    10610 cg_footsteps
3    10720 cg_showmiss
3    10830 cg_noPlayerAnims
3    10940 cg_nopredict
3    10a50 cg_errorDecay
3    10b60 cg_debugEvents
3    10c70 cg_debugPosition
3    10d80 cg_debugAnim
3    10e90 cg_animSpeed
3    10fa0 cg_draw2D
3    110b0 cg_drawStatus
3    111c0 cg_crosshairHealth
3    112d0 cg_crosshairSize
3    113e0 cg_crosshairY
3    114f0 cg_crosshairX
3    11600 cg_teamOverlayUserinfo
3    11710 cg_drawTeamOverlay
3    11820 cg_drawRewards
3    11930 cg_dynamicCrosshair
3    11a40 cg_drawScores
3    11b50 cg_drawCrosshairNames
3    11c60 cg_drawCrosshair
3    11d70 cg_drawAmmoWarning
3    11e80 cg_drawIcons
3    11f90 cg_draw3dIcons
3    120a0 cg_drawSnapshot
3    121b0 cg_drawFPS
3    122c0 cg_drawTimer
3    123d0 cg_gibs
3    124e0 cg_shadows
3    125f0 cg_bobroll
3    12700 cg_bobpitch
3    12810 cg_bobup
3    12920 cg_runroll
3    12a30 cg_runpitch
3    12b40 cg_centertime
3    12c50 cg_items
3    16450 cg_weapons
3    17150 cg_entities
3   1f7150 cg
3   220a58 cgs
3   2322a0 gCGFallVector
3   2322ac lagometer
3   2328b4 lastvalidlockdif
3   2328b8 hudTintColor
3   2328bc teamChat2
3   2329bc teamChat1
3   232abc systemChat
3   232bbc numSortedTeamPlayers
3   232bc0 sortedTeamPlayers
3   232c5c offZ
3   23329c offX
3   23391c lastofs
3   233920 cl_lightstyle
3   237b20 cg_freeLocalEntities
3   237b24 cg_activeLocalEntities
3   237cf0 cg_localEntities
3   2714f0 oldtime
3   2714f4 rup
3   271500 rright
3   27150c rforward
3   271518 pvup
3   271524 pvright
3   271530 pvforward
3   27153c particles
3   29053c free_particles
3   290540 active_particles
3   290544 numShaderAnims
3   290548 shaderAnims
3   292548 markTotal
3   29254c cg_freeMarkPolys
3   292550 cg_activeMarkPolys
3   292670 cg_markPolys
3   2a4670 cgBoneAnglePostSet
3   2a46a8 cgSendPS
3   2af1a8 cg_triggerEntities
3   2af5a8 cg_numTriggerEntities
3   2af5ac cg_solidEntities
3   2af9ac cg_numSolidEntities
3   2af9b0 cg_pmove
3   2afb28 cg_saga_valid
3   2afb2c cg_saga_info
3   2b1b2c localClient
3   2b1b30 voiceChatBuffer
3   2b4230 voiceChatLists
3   4dcc70 zoomFov
3   4dcc74 cameraIdealLoc
3   4dcc80 cameraIdealTarget
3   4dcc8c cameraFocusLoc
3   4dcc98 cameraFocusAngles
3   4dcca4 cameraup
3   4dccb0 camerafwd
3   4dccbc cgScreenEffects
3   4dccdc g2WeaponInstances
3   4dcd1c BGPAFtext
3   4e695c bgGlobalAnimations
3   4ee254 pml
3   4ee6e0 pm
3   4ee6e4 bg_pool
3   6f80fc com_lines
3   6f8100 com_parsename
3   6f8500 com_token
3   6fa910 menuParseKeywordHash
3   6fb110 itemParseKeywordHash
3   6fb910 g_nameBind2
3   6fb930 g_nameBind1
3   6fb950 ui_deferredScript
3   6fc150 strHandle
3   6fe150 strPool
3   71e150 outOfMemory
3   71e154 allocPoint
3   71e158 memoryPool
3   73e158 menuStack
3   73e198 Menus
3   752d98 scrollInfo
