0 fffffda8 trap_G2API_CleanGhoul2Models
0 fffffda9 trap_G2API_RemoveGhoul2Model
0 fffffdaa trap_G2API_HasGhoul2ModelOnIndex
0 fffffdab trap_G2API_DuplicateGhoul2Instance
0 fffffdac trap_G2API_CopySpecificGhoul2Model
0 fffffdad trap_G2API_CopyGhoul2Instance
0 fffffdae trap_G2API_GetGLAName
0 fffffdaf trap_G2API_SetBoneAnim
0 fffffdb0 trap_G2API_SetBoneAngles
0 fffffdb1 trap_G2API_SetBoltInfo
0 fffffdb2 trap_G2API_AddBolt
0 fffffdb3 trap_G2API_InitGhoul2Model
0 fffffdb4 trap_G2API_GetBoltMatrix_NoReconstruct
0 fffffdb5 trap_G2API_GetBoltMatrix
0 fffffdb6 trap_G2_SetGhoul2ModelIndexes
0 fffffdb7 trap_G2_HaveWeGhoul2Models
0 fffffdb8 trap_G2_ListModelSurfaces
0 fffffdb9 trap_G2_ListModelBones
0 fffffdba trap_PC_SourceFileAndLine
0 fffffdbb trap_PC_ReadToken
0 fffffdbc trap_PC_FreeSource
0 fffffdbd trap_PC_LoadSource
0 fffffdbe trap_AAS_PointReachabilityAreaIndex
0 fffffdbf trap_AAS_PredictRoute
0 fffffdc0 trap_AAS_AlternativeRouteGoals
0 fffffdc1 trap_BotAddAvoidSpot
0 fffffdc2 trap_BotSetAvoidGoalTime
0 fffffdc3 trap_BotPredictVisiblePosition
0 fffffdc4 trap_BotRemoveFromAvoidGoals
0 fffffdc5 trap_BotGetChatMessage
0 fffffdc6 trap_BotNumInitialChats
0 fffffdc7 trap_BotGetMapLocationGoal
0 fffffdc8 trap_BotGetNextCampSpotGoal
0 fffffdc9 trap_BotMutateGoalFuzzyLogic
0 fffffdca trap_BotInterbreedGoalFuzzyLogic
0 fffffdcb trap_GeneticParentsAndChildSelection
0 fffffdcc trap_BotResetWeaponState
0 fffffdcd trap_BotFreeWeaponState
0 fffffdce trap_BotAllocWeaponState
0 fffffdcf trap_BotLoadWeaponWeights
0 fffffdd0 trap_BotGetWeaponInfo
0 fffffdd1 trap_BotChooseBestFightWeapon
0 fffffdd2 trap_BotInitMoveState
0 fffffdd3 trap_BotFreeMoveState
0 fffffdd4 trap_BotAllocMoveState
0 fffffdd5 trap_BotMovementViewTarget
0 fffffdd6 trap_BotReachabilityArea
0 fffffdd7 trap_BotResetLastAvoidReach
0 fffffdd8 trap_BotResetAvoidReach
0 fffffdd9 trap_BotMoveInDirection
0 fffffdda trap_BotMoveToGoal
0 fffffddb trap_BotResetMoveState
0 fffffddc trap_BotFreeGoalState
0 fffffddd trap_BotAllocGoalState
0 fffffdde trap_BotSaveGoalFuzzyLogic
0 fffffddf trap_BotFreeItemWeights
0 fffffde0 trap_BotLoadItemWeights
0 fffffde1 trap_BotUpdateEntityItems
0 fffffde2 trap_BotInitLevelItems
0 fffffde3 trap_BotAvoidGoalTime
0 fffffde4 trap_BotGetLevelItemGoal
0 fffffde5 trap_BotItemGoalInVisButNotVisible
0 fffffde6 trap_BotTouchingGoal
0 fffffde7 trap_BotChooseNBGItem
0 fffffde8 trap_BotChooseLTGItem
0 fffffde9 trap_BotGetSecondGoal
0 fffffdea trap_BotGetTopGoal
0 fffffdeb trap_BotGoalName
0 fffffdec trap_BotDumpGoalStack
0 fffffded trap_BotDumpAvoidGoals
0 fffffdee trap_BotEmptyGoalStack
0 fffffdef trap_BotPopGoal
0 fffffdf0 trap_BotPushGoal
0 fffffdf1 trap_BotResetAvoidGoals
0 fffffdf2 trap_BotResetGoalState
0 fffffdf3 trap_BotSetChatName
0 fffffdf4 trap_BotSetChatGender
0 fffffdf5 trap_BotLoadChatFile
0 fffffdf6 trap_BotReplaceSynonyms
0 fffffdf7 trap_UnifyWhiteSpaces
0 fffffdf8 trap_BotMatchVariable
0 fffffdf9 trap_BotFindMatch
0 fffffdfa trap_StringContains
0 fffffdfb trap_BotEnterChat
0 fffffdfc trap_BotChatLength
0 fffffdfd trap_BotReplyChat
0 fffffdfe trap_BotInitialChat
0 fffffdff trap_BotNumConsoleMessages
0 fffffe00 trap_BotNextConsoleMessage
0 fffffe01 trap_BotRemoveConsoleMessage
0 fffffe02 trap_BotQueueConsoleMessage
0 fffffe03 trap_BotFreeChatState
0 fffffe04 trap_BotAllocChatState
0 fffffe05 trap_Characteristic_String
0 fffffe06 trap_Characteristic_BInteger
0 fffffe07 trap_Characteristic_Integer
0 fffffe08 trap_Characteristic_BFloat
0 fffffe09 trap_Characteristic_Float
0 fffffe0a trap_BotFreeCharacter
0 fffffe0b trap_BotLoadCharacter
0 fffffe56 trap_EA_ResetInput
0 fffffe57 trap_EA_GetInput
0 fffffe58 trap_EA_EndRegular
0 fffffe59 trap_EA_View
0 fffffe5a trap_EA_Move
0 fffffe5b trap_EA_DelayedJump
0 fffffe5c trap_EA_Jump
0 fffffe5d trap_EA_SelectWeapon
0 fffffe5e trap_EA_MoveRight
0 fffffe5f trap_EA_MoveLeft
0 fffffe60 trap_EA_MoveBack
0 fffffe61 trap_EA_MoveForward
0 fffffe62 trap_EA_MoveDown
0 fffffe63 trap_EA_MoveUp
0 fffffe64 trap_EA_Crouch
0 fffffe65 trap_EA_Respawn
0 fffffe66 trap_EA_Use
0 fffffe67 trap_EA_ForcePower
0 fffffe68 trap_EA_Alt_Attack
0 fffffe69 trap_EA_Attack
0 fffffe6a trap_EA_Talk
0 fffffe6b trap_EA_Gesture
0 fffffe6c trap_EA_Action
0 fffffe6d trap_EA_Command
0 fffffe6e trap_EA_SayTeam
0 fffffe6f trap_EA_Say
0 fffffec1 trap_AAS_PredictClientMovement
0 fffffec2 trap_AAS_Swimming
0 fffffec3 trap_AAS_AreaTravelTimeToGoalArea
0 fffffec4 trap_AAS_AreaReachability
0 fffffec5 trap_AAS_IntForBSPEpairKey
0 fffffec6 trap_AAS_FloatForBSPEpairKey
0 fffffec7 trap_AAS_VectorForBSPEpairKey
0 fffffec8 trap_AAS_ValueForBSPEpairKey
0 fffffec9 trap_AAS_NextBSPEntity
0 fffffeca trap_AAS_PointContents
0 fffffecb trap_AAS_TraceAreas
0 fffffecc trap_AAS_PointAreaNum
0 fffffecd trap_AAS_Time
0 fffffece trap_AAS_PresenceTypeBoundingBox
0 fffffecf trap_AAS_Initialized
0 fffffed0 trap_AAS_EntityInfo
0 fffffed1 trap_AAS_AreaInfo
0 fffffed2 trap_AAS_BBoxAreas
0 fffffed3 trap_AAS_EnableRoutingArea
0 ffffff2c trap_BotUserCommand
0 ffffff2d trap_BotGetServerCommand
0 ffffff2e trap_BotGetSnapshotEntity
0 ffffff2f trap_BotLibTest
0 ffffff30 trap_BotLibUpdateEntity
0 ffffff31 trap_BotLibLoadMap
0 ffffff32 trap_BotLibStartFrame
0 ffffff33 trap_BotLibDefine
0 ffffff34 trap_BotLibVarGet
0 ffffff35 trap_BotLibVarSet
0 ffffff36 trap_BotLibShutdown
0 ffffff37 trap_BotLibSetup
0 ffffff8c asin
0 ffffff8d acos
0 ffffff90 ceil
0 ffffff91 floor
0 ffffff92 perpendicularvector
0 ffffff93 anglevectors
0 ffffff94 matrixmultiply
0 ffffff95 sqrt
0 ffffff96 atan2
0 ffffff97 cos
0 ffffff98 sin
0 ffffff99 strncpy
0 ffffff9a memcpy
0 ffffff9b memset
0 ffffffcc trap_ROFF_Purge_Ent
0 ffffffcd trap_ROFF_Play
0 ffffffce trap_ROFF_Cache
0 ffffffcf trap_ROFF_UpdateEntities
0 ffffffd0 trap_ROFF_Clean
0 ffffffd1 trap_SP_GetStringTextString
0 ffffffd2 trap_SP_RegisterServer
0 ffffffd3 trap_EntityContactCapsule
0 ffffffd4 trap_TraceCapsule
0 ffffffd5 trap_SnapVector
0 ffffffd6 trap_RealTime
0 ffffffd7 trap_DebugPolygonDelete
0 ffffffd8 trap_DebugPolygonCreate
0 ffffffd9 trap_FS_GetFileList
0 ffffffda trap_GetEntityToken
0 ffffffdb trap_GetUsercmd
0 ffffffdc trap_BotFreeClient
0 ffffffdd trap_BotAllocateClient
0 ffffffde trap_EntityContact
0 ffffffdf trap_EntitiesInBox
0 ffffffe0 trap_UnlinkEntity
0 ffffffe1 trap_LinkEntity
0 ffffffe2 trap_AreasConnected
0 ffffffe3 trap_AdjustAreaPortalState
0 ffffffe4 trap_InPVSIgnorePortals
0 ffffffe5 trap_InPVS
0 ffffffe6 trap_PointContents
0 ffffffe7 trap_Trace
0 ffffffe8 trap_SetBrushModel
0 ffffffe9 trap_GetServerinfo
0 ffffffea trap_SetUserinfo
0 ffffffeb trap_GetUserinfo
0 ffffffec trap_GetConfigstring
0 ffffffed trap_SetConfigstring
0 ffffffee trap_SendServerCommand
0 ffffffef trap_DropClient
0 fffffff0 trap_LocateGameData
0 fffffff1 trap_SendConsoleCommand
0 fffffff2 trap_FS_FCloseFile
0 fffffff3 trap_FS_Write
0 fffffff4 trap_FS_Read
0 fffffff5 trap_FS_FOpenFile
0 fffffff6 trap_Argv
0 fffffff7 trap_Argc
0 fffffff8 trap_Cvar_VariableStringBuffer
0 fffffff9 trap_Cvar_VariableIntegerValue
0 fffffffa trap_Cvar_Set
0 fffffffb trap_Cvar_Update
0 fffffffc trap_Cvar_Register
0 fffffffd trap_Milliseconds
0 fffffffe trap_Error
0 ffffffff trap_Printf
0        0 vmMain
0       a5 G_Printf
0       be G_Error
0       d7 G_FindTeams
0      1db G_RemapTeamShaders
0      1de G_RegisterCvars
0      252 G_UpdateCvars
0      2c6 G_InitGame
0      42d G_ShutdownGame
0      465 Com_Error
0      480 Com_Printf
0      49b AddTournamentPlayer
0      514 RemoveTournamentLoser
0      53b RemoveTournamentWinner
0      562 AdjustTournamentScores
0      5c8 SortRanks
0      69d CalculateRanks
0      94d SendScoreboardMessageToAllClients
0      976 MoveClientToIntermission
0      9e6 FindIntermissionPoint
0      a54 BeginIntermission
0      ac7 DuelLimitHit
0      afe DuelResetWinsLosses
0      b2f ExitLevel
0      bbc G_LogPrintf
0      c28 LogExit
0      d11 CheckIntermissionExit
0      e86 ScoreIsTied
0      ecf CheckExitRules
0     104c CheckTournament
0     116f CheckVote
0     1253 PrintTeam
0     127e SetLeader
0     1341 CheckTeamLeader
0     13d9 CheckTeamVote
0     14d2 CheckCvars
0     14ff G_RunThink
0     1538 G_RunFrame
0     171f G_GetStripEdString
0     1730 BotStraightTPOrderCheck
0     179a BotSelectWeapon
0     17ac BotReportStatus
0     180b BotOrder
0     19a6 BotMindTricked
0     1a1d BotAI_Print
0     1a20 IsTeamplay
0     1a2d BotAI_GetClientState
0     1a5e BotAI_GetEntityState
0     1aa3 BotAI_GetSnapshotEntity
0     1ad4 BotEntityInfo
0     1ae0 NumBots
0     1ae6 AngleDifference
0     1b0e BotChangeViewAngle
0     1b7a BotChangeViewAngles
0     1d19 BotInputToUserCommand
0     1fc5 BotUpdateInput
0     2088 BotAIRegularUpdate
0     2099 RemoveColorEscapeSequences
0     210d BotAI
0     225e BotScheduleBotThink
0     229c PlayersInGame
0     22dd BotAISetupClient
0     23fd BotAIShutdownClient
0     244c BotResetState
0     2537 BotAILoadMap
0     2571 OrgVisible
0     2597 WPOrgVisible
0     262c OrgVisibleBox
0     265c CheckForFunc
0     26af GetNearestVisibleWP
0     2775 PassWayCheck
0     280f TotalTrailDistance
0     28e8 CheckForShorterRoutes
0     2a3a WPConstantRoutine
0     2b94 BotCTFGuardDuty
0     2bb0 WPTouchRoutine
0     2d77 MoveTowardIdealAngles
0     2d87 BotTrace_Strafe
0     2f25 BotTrace_Jump
0     305e BotTrace_Duck
0     3142 PassStandardEnemyChecks
0     3317 BotDamageNotification
0     3418 BotCanHear
0     3516 UpdateEventTracker
0     3579 InFieldOfVision
0     35fb PassLovedOneCheck
0     36cb ScanForEnemies
0     38dd WaitingForNow
0     39b3 BotGetWeaponRange
0     3a03 BotIsAChickenWuss
0     3afd GetNearestBadThing
0     3dac BotDefendFlag
0     3e21 BotGetEnemyFlag
0     3e96 BotGetFlagBack
0     3f8e BotGuardFlagCarrier
0     4086 BotGetFlagHome
0     40fb GetNewFlagPoint
0     4212 CTFTakesPriority
0     451d EntityVisibleBox
0     455a Saga_TargetClosestObjective
0     477e Saga_DefendFromAttackers
0     4874 Saga_CountDefenders
0     48da Saga_CountTeammates
0     492b SagaTakesPriority
0     4c43 JMTakesPriority
0     4d2a BotHasAssociated
0     4de9 GetBestIdleGoal
0     4ed4 GetIdealDestination
0     5493 CommanderBotCTFAI
0     5769 CommanderBotSagaAI
0     5894 BotDoTeamplayAI
0     58bf CommanderBotTeamplayAI
0     5a66 CommanderBotAI
0     5a8f MeleeCombatHandling
0     5bed SaberCombatHandling
0     5f9d BotWeaponCanLead
0     5fe1 BotAimLeading
0     6138 BotAimOffsetGoalAngles
0     633a ShouldSecondaryFire
0     6442 CombatBotAI
0     6624 BotFallbackNavigation
0     66c7 BotTryAnotherWeapon
0     6747 BotWeaponSelectable
0     677d BotSelectIdealWeapon
0     691b BotSelectChoiceWeapon
0     69a9 BotSelectMelee
0     69da GetLoveLevel
0     6a6f BotLovedOneDied
0     6bbc BotDeathNotify
0     6c42 StrafeTracing
0     6d28 PrimFiring
0     6d59 KeepPrimFromFiring
0     6d8e AltFiring
0     6dbf KeepAltFromFiring
0     6df4 CheckForFriendInLOF
0     6ebb BotScanForLeader
0     6f4b BotReplyGreetings
0     6fba CTFFlagMovement
0     719c BotCheckDetPacks
0     72e2 BotUseInventoryItem
0     73bc BotSurfaceNear
0     7421 BotWeaponBlockable
0     7456 StandardBotAI
0     932a BotAIStartFrame
0     9428 BotAISetup
0     94b2 BotAIShutdown
0     94f0 B_TempAlloc
0     94fd B_TempFree
0     9506 B_Alloc
0     9513 B_Free
0     9516 B_InitAlloc
0     9522 B_CleanupAlloc
0     9525 GetValueGroup
0     9620 GetPairedValue
0     97c6 BotDoChat
0     9a93 ParseEmotionalAttachments
0     9bd6 ReadChatGroups
0     9c66 BotUtilizePersonality
0     a10a GetFlagStr
0     a405 G_TestLine
0     a43f BotWaypointRender
0     a66d TransferWPData
0     a791 CreateNewWP
0     a82f CreateNewWP_FromObject
0     a99a RemoveWP
0     a9f0 RemoveWP_InTrail
0     aad5 CreateNewWP_InTrail
0     ac24 TeleportToWP
0     acaa WPFlagsModify
0     ace9 NotWithinRange
0     ad1e NodeHere
0     adb0 CanGetToVector
0     addf CanGetToVectorTravel
0     af03 ConnectTrail
0     b514 OpposingEnds
0     b592 DoorBlockingSection
0     b675 RepairPaths
0     b7a7 OrgVisibleCurve
0     b807 CanForceJumpTo
0     b8f2 CalculatePaths
0     bb6c GetObjectThatTargets
0     bb9b CalculateSagaGoals
0     bcc8 GetNearestVisibleWPToItem
0     bdb4 CalculateWeightGoals
0     bf84 CalculateJumpRoutes
0     c0a8 LoadPathData
0     c44f FlagObjects
0     c67b SavePathData
0     c9bc LoadPath_ThisLevel
0     ca57 GetClosestSpawn
0     caf5 GetNextSpawnInIndex
0     cb99 AcceptBotCommand
0     d00c swapfunc
0     d093 med3
0     d116 qsort
0     d4cf strlen
0     d4ea strcat
0     d52d strcpy
0     d562 strcmp
0     d59b strchr
0     d5ba strstr
0     d600 tolower
0     d618 toupper
0     d630 memmove
0     d677 tan
0     d68e srand
0     d695 rand
0     d6aa atof
0     d76f _atof
0     d83a atoi
0     d8b2 _atoi
0     d934 abs
0     d949 fabs
0     d95e AddInt
0     da39 AddFloat
0     db47 AddString
0     dbde vsprintf
0     dd76 sscanf
0     dde1 BG_LegalizedForcePowers
0     e1ae vectoyaw
0     e208 BG_HasYsalamiri
0     e237 BG_CanUseFPNow
0     e29e BG_FindItemForPowerup
0     e2da BG_FindItemForHoldable
0     e314 BG_FindItemForWeapon
0     e347 BG_FindItem
0     e370 BG_PlayerTouchesItem
0     e3d0 BG_ProperForceIndex
0     e3f3 BG_CycleForce
0     e4cb BG_GetItemIndexByTag
0     e4fb BG_CycleInven
0     e567 BG_CanItemBeGrabbed
0     e764 BG_EvaluateTrajectory
0     e932 BG_EvaluateTrajectoryDelta
0     ea2c BG_AddPredictableEventToPlayerstate
0     ea67 BG_TouchJumpPad
0     eacb BG_PlayerStateToEntityState
0     edd6 BG_PlayerStateToEntityStateExtraPolate
0     f0ee BG_SwingAngles
0     f1f3 BG_AddPainTwitch
0     f234 BG_G2PlayerAngles
0     f3d1 BG_Alloc
0     f411 BG_AllocUnaligned
0     f444 BG_TempAlloc
0     f47c BG_TempFree
0     f4a9 BG_StringAlloc
0     f4cc BG_OutOfMemory
0     f4de PM_GetSaberStance
0     f4e3 PM_DoSlowFall
0     f506 PM_AddEvent
0     f515 PM_AddEventWithParm
0     f525 PM_AddTouchEnt
0     f57a PM_ClipVelocity
0     f5f3 PM_Friction
0     f6ef PM_Accelerate
0     f76b PM_CmdScale
0     f802 PM_SetMovementDir
0     f94e PM_ForceJumpingUp
0     fa0d PM_JumpForDir
0     fab0 PM_SetPMViewAngle
0     faf1 PM_AdjustAngleForWallRun
0     fcf5 PM_CheckJump
0    10875 PM_CheckWaterJump
0    1095c PM_WaterJumpMove
0    1099d PM_WaterMove
0    10ace PM_FlyMove
0    10b59 PM_AirMove
0    10c1c PM_WalkMove
0    10ebe PM_DeadMove
0    10f37 PM_NoclipMove
0    110a9 PM_FootstepForSurface
0    110c2 PM_TryRoll
0    112b4 PM_CrashLand
0    115c5 PM_CorrectAllSolid
0    116ac PM_GroundTraceMissed
0    11817 PM_GroundTrace
0    119aa PM_SetWaterLevel
0    11a77 PM_CheckDuck
0    11c4d PM_Use
0    11c96 PM_RunningAnim
0    11cc4 PM_Footsteps
0    11f3b PM_WaterEvents
0    11f92 PM_BeginWeaponChange
0    11ff8 PM_FinishWeaponChange
0    1204b PM_DoChargedWeapons
0    12525 PM_ItemUsable
0    12750 PM_Weapon
0    1307d PM_Animate
0    130db PM_DropTimers
0    13165 PM_UpdateViewAngles
0    13209 PM_AdjustAttackStates
0    13581 BG_CmdForRoll
0    135d6 BG_AdjustClientSpeed
0    13954 PmoveSingle
0    13dca Pmove
0    13e76 BG_InSpecialJump
0    13e9b BG_InSaberStandAnim
0    13ec1 BG_DirectFlippingAnim
0    13ee0 BG_SaberInAttack
0    13f0d BG_SaberInSpecial
0    13f2a BG_SaberInIdle
0    13f47 BG_FlippingAnim
0    13f8f BG_SpinningSaberAnim
0    140a7 BG_SaberInSpecialAttack
0    140d0 BG_InRoll
0    140f6 BG_InDeathAnim
0    1411b PM_SaberInParry
0    14130 PM_SaberInReflect
0    14145 PM_SaberInStart
0    1415a PM_InSaberAnim
0    14171 PM_InKnockDown
0    1419e PM_PainAnim
0    141bd PM_JumpingAnim
0    141dc PM_LandingAnim
0    14223 PM_SpinningAnim
0    14230 PM_InOnGroundAnim
0    1428d PM_InRollComplete
0    142b3 PM_AnimLength
0    142e0 PM_DebugLegsAnim
0    1432b BG_ParseAnimationFile
0    144a3 PM_StartLegsAnim
0    14502 PM_ContinueLegsAnim
0    14522 PM_ForceLegsAnim
0    14592 PM_StartTorsoAnim
0    145c7 PM_SetLegsAnimTimer
0    145e5 PM_SetTorsoAnimTimer
0    14603 BG_SaberStartTransAnim
0    14652 PM_SetAnimFinal
0    1488e PM_SetAnim
0    14907 PM_SlideMove
0    14cf7 PM_StepSlideMove
0    15046 PM_irand_timesync
0    1507b BG_ForcePowerDrain
0    15139 PM_AttackMoveForQuad
0    1516e PM_SaberAnimTransitionAnim
0    15281 PM_SaberMoveQuadrantForMovement
0    152e6 PM_SaberInBounce
0    1530b PM_SaberInTransition
0    15320 PM_SaberKataDone
0    15358 PM_SetAnimFrame
0    15362 PM_SaberLockBreak
0    1562b PM_SaberLocked
0    1584f PM_SaberInBrokenParry
0    15864 PM_BrokenParryForParry
0    158a6 PM_CanBackstab
0    15927 PM_SaberFlipOverAttackMove
0    15a28 PM_SomeoneInFront
0    15ab8 PM_SaberLungeAttackMove
0    15b02 PM_SaberJumpAttackMove
0    15b6f PM_GroundDistance
0    15bd8 PM_SaberAttackForMovement
0    15c82 PM_WeaponLightsaber
0    1644d PM_SetSaberMove
0    16625 P_SetTwitchInfo
0    1663d P_DamageFeedback
0    16747 P_WorldEffects
0    168ee DoImpact
0    16b68 G_SetClientSound
0    16b99 ClientImpacts
0    16c3c G_TouchTriggers
0    16e1e G_MoverTouchPushTriggers
0    16fce SpectatorThink
0    17075 ClientInactivityTimer
0    17117 ClientTimerActions
0    17179 ClientIntermissionThink
0    171d4 ClientEvents
0    1736c SendPendingPredictableEvents
0    17413 G_UpdateForceSightBroadcasts
0    174f3 G_UpdateJediMasterBroadcasts
0    175d5 G_UpdateClientBroadcasts
0    175f0 ClientThink_real
0    182eb G_CheckClientTimeouts
0    18318 ClientThink
0    18353 G_RunClient
0    1837a SpectatorClientEndFrame
0    18451 ClientEndFrame
0    18529 Boot_ManualBlockThink
0    18701 Boot_GetDirFromMouseMovement
0    18767 BootPort_PM_SomeoneInFront
0    187f7 UpdateTournamentInfo
0    189dc trap_Cvar_VariableValue
0    189f2 G_ParseInfos
0    18ae0 G_LoadArenasFromFile
0    18b60 G_GetMapTypeBits
0    18c02 G_DoesMapSupportGametype
0    18c95 G_RefreshNextMap
0    18da2 G_LoadArenas
0    18e54 G_GetArenaInfoByMap
0    18e8f PlayerIntroSound
0    18ee0 G_AddRandomBot
0    1904d G_RemoveRandomBot
0    190b9 G_CountHumanPlayers
0    1910c G_CountBotPlayers
0    19189 G_CheckMinimumPlayers
0    19306 G_CheckBotSpawn
0    19366 AddBotToSpawnQueue
0    193a3 G_RemoveQueuedBotBegin
0    193c7 G_BotConnect
0    19429 G_AddBot
0    19742 Svcmd_AddBot_f
0    197d9 Svcmd_BotList_f
0    1988d G_SpawnBots
0    1993f G_LoadBotsFromFile
0    199bf G_LoadBots
0    19a4c G_GetBotInfoByNumber
0    19a77 G_GetBotInfoByName
0    19ab6 G_InitBots
0    19ba8 SP_info_player_deathmatch
0    19be1 SP_info_player_start
0    19bf0 SP_info_player_imperial
0    19c03 SP_info_player_rebel
0    19c16 SP_info_player_intermission
0    19c19 ThrowSaberToAttacker
0    19de0 JMSaberThink
0    19edb JMSaberTouch
0    1a05b SP_info_jedimaster_start
0    1a115 SpotWouldTelefrag
0    1a196 SelectNearestDeathmatchSpawnPoint
0    1a1fa SelectRandomDeathmatchSpawnPoint
0    1a25a SelectRandomFurthestSpawnPoint
0    1a3ca SelectSpawnPoint
0    1a3dd SelectInitialSpawnPoint
0    1a442 SelectSpectatorSpawnPoint
0    1a452 InitBodyQue
0    1a482 BodySink
0    1a4b4 CopyToBodyQue
0    1a6a0 SetClientViewAngle
0    1a6f8 respawn
0    1a72e TeamCount
0    1a76f TeamLeader
0    1a7b0 PickTeam
0    1a7ea ClientCleanName
0    1a8df SetupGameGhoul2Model
0    1aa8e ClientUserinfoChanged
0    1ad6a ClientConnect
0    1aee4 ClientBegin
0    1b1a9 ClientSpawn
0    1b6b5 ClientDisconnect
0    1b842 DeathmatchScoreboardMessage
0    1b97b Cmd_Score_f
0    1b984 CheatsOk
0    1b9d8 ConcatArgs
0    1ba43 SanitizeString
0    1ba95 ClientNumberFromString
0    1bb61 Cmd_Give_f
0    1be0d Cmd_God_f
0    1be52 Cmd_Notarget_f
0    1be97 Cmd_Noclip_f
0    1beea Cmd_LevelShot_f
0    1bf1b Cmd_TeamTask_f
0    1bf72 Cmd_Kill_f
0    1bff0 Cmd_Info_Boot
0    1c024 G_GetDuelWinner
0    1c069 BroadcastTeamChange
0    1c13f SetTeam
0    1c3b8 StopFollowing
0    1c410 Cmd_Team_f
0    1c520 Cmd_ForceChanged_f
0    1c588 Cmd_Follow_f
0    1c622 Cmd_FollowCycle_f
0    1c6c7 G_SayTo
0    1c758 G_Say
0    1c8ba Cmd_Say_f
0    1c8f3 Cmd_Tell_f
0    1c99d G_VoiceTo
0    1ca13 G_Voice
0    1ca77 Cmd_Voice_f
0    1cab3 Cmd_VoiceTell_f
0    1cb63 Cmd_VoiceTaunt_f
0    1cd22 Cmd_GameCommand_f
0    1cd97 Cmd_Where_f
0    1cdb9 Cmd_CallVote_f
0    1d100 Cmd_Vote_f
0    1d1fe Cmd_CallTeamVote_f
0    1d56c Cmd_TeamVote_f
0    1d6a3 Cmd_SetViewpos_f
0    1d73b Cmd_Stats_f
0    1d73e G_ItemUsable
0    1d973 Cmd_ToggleSaber_f
0    1da17 Cmd_SaberAttackCycle_f
0    1da56 G_OtherPlayersDueling
0    1da9d Cmd_EngageDuel_f
0    1ddab ClientCommand
0    1e31e ObjectDie
0    1e337 G_GetHitLocation
0    1e58d ExplodeDeath
0    1e61f ScorePlum
0    1e654 AddScore
0    1e696 TossClientWeapon
0    1e832 TossClientItems
0    1e93a LookAtKiller
0    1ea0c GibEntity
0    1ea2c BodyRid
0    1ea3b body_die
0    1eae4 CheckAlmostCapture
0    1eae7 G_PickDeathAnim
0    1ed65 G_GetJediMaster
0    1edad player_die
0    1f4b5 CheckArmor
0    1f539 G_ApplyKnockback
0    1f6d0 RaySphereIntersections
0    1f87a LimbTouch
0    1f87d LimbThink
0    1f8f3 G_GetDismemberBolt
0    1fa5c G_Dismember
0    1fc53 G_GetHitQuad
0    1fd17 G_CheckForDismemberment
0    1fdaf G_ThereIsAMaster
0    1fdea G_Damage
0    2072a CanDamage
0    20855 G_RadiusDamage
0    209d2 adjustRespawnTime
0    20a33 ShieldRemove
0    20a56 ShieldThink
0    20a83 ShieldDie
0    20a97 ShieldPain
0    20aba ShieldGoSolid
0    20b5b ShieldGoNotSolid
0    20b9e ShieldTouch
0    20bfa CreateShield
0    20e65 PlaceShield
0    21030 ItemUse_Binoculars
0    210a5 ItemUse_Shield
0    210ae SentryTouch
0    210b1 pas_fire
0    2112d G_SetEnemy
0    21140 pas_find_enemies
0    212dd pas_adjust_enemy
0    213ac sentryExpire
0    213c3 pas_think
0    217b8 turret_die
0    21860 SP_PAS
0    218eb ItemUse_Sentry
0    21ab2 ItemUse_Seeker
0    21ae0 ItemUse_MedPack
0    21b68 Pickup_Powerup
0    21cf0 Pickup_Holdable
0    21d4a Add_Ammo
0    21da0 Pickup_Ammo
0    21deb Pickup_Weapon
0    21ee8 Pickup_Health
0    21f88 Pickup_Armor
0    21ff4 RespawnItem
0    220d5 Touch_Item
0    2245c LaunchItem
0    225c5 Drop_Item
0    22628 Use_Item
0    22631 FinishSpawningItem
0    228d7 G_CheckTeamItems
0    2292d ClearRegisteredItems
0    2295d RegisterItem
0    22975 SaveRegisteredItems
0    229bd G_ItemDisabled
0    229d6 G_SpawnItem
0    22a38 G_BounceItem
0    22c2d G_RunItem
0    22cfb G_LogWeaponInit
0    22d58 G_LogWeaponPickup
0    22d78 G_LogWeaponFire
0    22dde G_LogWeaponDamage
0    22e05 G_LogWeaponKill
0    22e2b G_LogWeaponFrag
0    22e5a G_LogWeaponDeath
0    22e80 G_LogWeaponPowerup
0    22ea6 G_LogWeaponItem
0    22ecc G_LogWeaponOutput
0    23d64 CalculateEfficiency
0    23df2 CalculateSharpshooter
0    23e7c CalculateUntouchable
0    23ec7 CalculateLogistics
0    23fa0 CalculateTactician
0    24116 CalculateDemolitionist
0    241f5 CalculateStreak
0    241fa CalculateTeamMVP
0    24270 CalculateTeamMVPByRank
0    242fe CalculateTeamDefender
0    24374 CalculateTeamWarrior
0    243ea CalculateTeamCarrier
0    24460 CalculateTeamInterceptor
0    244e3 CalculateTeamRedShirt
0    24566 CalculateTeamAward
0    245e1 CalculateSection31Award
0    2463d CalculateAwards
0    247de GetMaxDeathsForClient
0    24824 GetMaxKillsForClient
0    2486a GetFavoriteTargetForClient
0    248b7 GetWorstEnemyForClient
0    2491a GetFavoriteWeaponForClient
0    249a2 G_ClearClientLog
0    24abc G_Alloc
0    24b07 G_InitMemory
0    24b0d Svcmd_GameMem_f
0    24b1a SP_info_camp
0    24b2c SP_info_null
0    24b35 SP_info_notnull
0    24b47 SP_light
0    24b50 TeleportPlayer
0    24c7b SP_misc_teleporter_dest
0    24c7e SP_misc_model
0    24c87 SP_misc_G2model
0    24c90 locateCamera
0    24d6f SP_misc_portal_surface
0    24de1 SP_misc_portal_camera
0    24e37 HolocronRespawn
0    24e4a HolocronPopOut
0    24ec3 HolocronTouch
0    25037 HolocronThink
0    252e4 SP_misc_holocron
0    2548e Use_Shooter
0    25588 InitShooter_Finish
0    255ac InitShooter
0    2561a SP_shooter_blaster
0    25625 check_recharge
0    25664 EnergyShieldStationSettings
0    25699 shield_power_converter_use
0    2579d SP_misc_shield_floor_unit
0    25909 SP_misc_model_shield_power_converter
0    259cf EnergyAmmoStationSettings
0    259eb ammo_power_converter_use
0    25aed SP_misc_model_ammo_power_converter
0    25ba6 EnergyHealthStationSettings
0    25bc2 health_power_converter_use
0    25c6b SP_misc_model_health_power_converter
0    25d24 DmgBoxHit
0    25d27 DmgBoxUpdateSelf
0    25dbe DmgBoxAbsorb_Die
0    25dc7 DmgBoxAbsorb_Pain
0    25dd0 CreateNewDamageBox
0    25e4d ATST_ManageDamageBoxes
0    2601d G_PlayerBecomeATST
0    26094 fx_runner_think
0    260e2 fx_runner_use
0    2612b fx_runner_link
0    2621e SP_fx_runner
0    2632d G_ReflectMissile
0    265b7 G_DeflectMissile
0    266e2 G_BounceMissile
0    268ca G_ExplodeMissile
0    26998 G_RunStuckMissile
0    26a19 G_BounceProjectile
0    26ad8 CreateMissile
0    26bbb G_MissileImpact
0    2700b G_RunMissile
0    2722c G_TestEntityPosition
0    272b3 G_CreateRotationMatrix
0    272d5 G_TransposeMatrix
0    27316 G_RotatePoint
0    27382 G_TryPushingEntity
0    27674 G_MoverPush
0    279c1 G_MoverTeam
0    27af4 G_RunMover
0    27b25 SetMoverState
0    27c64 MatchTeam
0    27c84 ReturnToPos1
0    27cb9 Reached_BinaryMover
0    27dc2 Use_BinaryMover
0    27f07 InitMover
0    28097 Blocked_Door
0    281ea Touch_DoorTriggerSpectator
0    282c3 Touch_DoorTrigger
0    28315 Think_SpawnNewDoorTrigger
0    28417 Think_MatchTeam
0    2842d SP_func_door
0    2864b Touch_Plat
0    286cf Touch_PlatCenterTrigger
0    28710 SpawnPlatTrigger
0    287fe SP_func_plat
0    28971 Touch_Button
0    28994 SP_func_button
0    28b01 Think_BeginMoving
0    28b11 Reached_Train
0    28bf6 Think_SetupTrainTargets
0    28cad SP_path_corner
0    28cce SP_func_train
0    28d63 SP_func_static
0    28d96 SP_func_rotating
0    28e3c SP_func_bobbing
0    28eee SP_func_pendulum
0    28fa7 BreakableBrushDie
0    290a7 BreakableBrushPain
0    290aa BrushThink
0    290cd BreakableBrushUse
0    290f7 SP_func_breakable
0    2926a GlassDie
0    29304 GlassDie_Old
0    29375 GlassPain
0    29378 GlassUse
0    2946d SP_func_glass
0    294fa func_wait_return_solid
0    2958a func_usable_think
0    295b0 func_usable_use
0    2967d func_usable_pain
0    29698 func_usable_die
0    296b5 SP_func_usable
0    2975e pitch_roll_for_slope
0    298ec G_BounceObject
0    29a2b G_RunObject
0    29cbb G_StopObjectMoving
0    29cfa G_StartObjectMoving
0    29d59 InitSagaMode
0    29e35 UseSagaTarget
0    29eac SagaBroadcast_OBJECTIVECOMPLETE
0    29eed SagaBroadcast_ROUNDOVER
0    29f27 BroadcastObjectiveCompletion
0    29f6e AddSagaWinningTeamPoints
0    29fcb SagaRoundComplete
0    2a025 SagaObjectiveCompleted
0    2a087 StripTabs
0    2a0c7 sagaTriggerUse
0    2a1cd SP_info_saga_objective
0    2a220 G_WriteClientSessionData
0    2a288 G_ReadSessionData
0    2a30c G_InitSessionData
0    2a3e9 G_InitWorldSession
0    2a40c G_WriteSessionData
0    2a447 G_SpawnString
0    2a48b G_SpawnFloat
0    2a4ad G_SpawnInt
0    2a4cf G_SpawnVector
0    2a4fe SP_item_botroam
0    2a501 G_CallSpawn
0    2a580 G_NewString
0    2a604 G_ParseField
0    2a6ec G_SpawnGEntityFromSpawnVars
0    2a7d7 G_AddSpawnVarToken
0    2a818 G_ParseSpawnVars
0    2a8a8 SP_worldspawn
0    2aab5 G_SpawnEntitiesFromString
0    2aade StringToFilter
0    2ab91 UpdateIPBans
0    2abe9 G_FilterPacket
0    2ac9c AddIP
0    2acf2 G_ProcessIPBans
0    2ad48 Svcmd_AddIP_f
0    2ad68 Svcmd_RemoveIP_f
0    2add0 Svcmd_EntityList_f
0    2ae8a ClientForString
0    2af21 Svcmd_ForceTeam_f
0    2af57 ConsoleCommand
0    2b047 Use_Target_Give
0    2b0a1 SP_target_give
0    2b0aa Use_target_remove_powerups
0    2b0f6 SP_target_remove_powerups
0    2b0ff Think_Target_Delay
0    2b112 Use_Target_Delay
0    2b164 SP_target_delay
0    2b197 Use_Target_Score
0    2b1af SP_target_score
0    2b1c5 Use_Target_Print
0    2b24c SP_target_print
0    2b255 Use_Target_Speaker
0    2b2d4 SP_target_speaker
0    2b3b6 target_laser_think
0    2b512 target_laser_on
0    2b52d target_laser_off
0    2b53c target_laser_use
0    2b55b target_laser_start
0    2b5ec SP_target_laser
0    2b5fe target_teleporter_use
0    2b633 SP_target_teleporter
0    2b65a target_relay_use
0    2b6eb SP_target_relay
0    2b6f4 target_kill_use
0    2b715 SP_target_kill
0    2b71e SP_target_position
0    2b730 target_location_linkup
0    2b7a0 SP_target_location
0    2b7c1 Team_InitGame
0    2b7f4 OtherTeam
0    2b80a TeamName
0    2b827 OtherTeamName
0    2b844 TeamColorString
0    2b861 PrintCTFMessage
0    2b8b9 AddTeamScore
0    2b944 OnSameTeam
0    2b98c Team_SetFlagStatus
0    2b9f0 Team_CheckDroppedItem
0    2ba2a Team_ForceGesture
0    2ba6f Team_FragBonuses
0    2bfce Team_CheckHurtCarrier
0    2c064 Team_ResetFlag
0    2c0ce Team_ResetFlags
0    2c0e3 Team_ReturnFlagSound
0    2c120 Team_TakeFlagSound
0    2c18f Team_CaptureFlagSound
0    2c1cc Team_ReturnFlag
0    2c1ef Team_FreeEntity
0    2c223 Team_DroppedFlagThink
0    2c264 Team_TouchOurFlag
0    2c4bc Team_TouchEnemyFlag
0    2c50c Pickup_Team
0    2c583 Team_GetLocation
0    2c5fd Team_GetLocationMsg
0    2c664 SelectRandomTeamSpawnPoint
0    2c712 SelectCTFSpawnPoint
0    2c757 SelectSagaSpawnPoint
0    2c79c SortClients
0    2c7a7 TeamplayInfoMessage
0    2c905 CheckTeamStatus
0    2c9ba SP_team_CTF_redplayer
0    2c9bd SP_team_CTF_blueplayer
0    2c9c0 SP_team_CTF_redspawn
0    2c9c3 SP_team_CTF_bluespawn
0    2c9c6 InitTrigger
0    2ca05 multi_wait
0    2ca0e multi_trigger
0    2cbc9 Use_Multi
0    2cbd5 Touch_Multi
0    2cbea SP_trigger_multiple
0    2cc6d trigger_always_think
0    2cc83 SP_trigger_always
0    2cc95 trigger_push_touch
0    2ccad AimAtTarget
0    2cdb2 SP_trigger_push
0    2cdef Use_target_push
0    2ce3a SP_target_push
0    2cef1 trigger_teleporter_touch
0    2cf4c SP_trigger_teleport
0    2cf93 hurt_use
0    2cfd5 hurt_touch
0    2d174 SP_trigger_hurt
0    2d1da func_timer_think
0    2d218 func_timer_use
0    2d237 SP_func_timer
0    2d2b1 AddRemap
0    2d320 BuildShaderStateConfig
0    2d366 G_FindConfigstringIndex
0    2d3d2 G_SkinIndex
0    2d3e5 G_ModelIndex
0    2d3f8 G_SoundIndex
0    2d40b G_EffectIndex
0    2d41e G_TeamCommand
0    2d45c G_Find
0    2d4ab G_RadiusList
0    2d5cb G_PickTarget
0    2d631 G_UseTargets
0    2d6d0 tv
0    2d6fe vtos
0    2d73a G_SetMovedir
0    2d78f G_InitGentity
0    2d7b7 G_Spawn
0    2d865 G_EntitiesFree
0    2d890 G_SendG2KillQueue
0    2d8d4 G_KillG2Queue
0    2d902 G_FreeEntity
0    2d9ad G_TempEntity
0    2d9fb GetTrackerEnt
0    2da31 G_SoundTempEntity
0    2da85 G_KillBox
0    2db51 G_AddPredictableEvent
0    2db6c G_AddEvent
0    2dbe5 G_PlayEffect
0    2dc0d G_ScreenShake
0    2dc5d G_MuteSound
0    2dca1 G_Sound
0    2dd74 G_SoundAtLoc
0    2dd8b G_EntitySound
0    2ddb3 ValidUseTarget
0    2ddd0 TryUse
0    2de6c G_PointInBounds
0    2deac G_BoxInBounds
0    2df5f G_SetAngles
0    2df77 G_ClearTrace
0    2dfa8 G_SetOrigin
0    2dfe7 DebugLine
0    2e0ea G_ROFF_NotetrackCallback
0    2e19d touch_NULL
0    2e1a0 W_TraceSetStart
0    2e262 WP_FireBryarPistol
0    2e338 WP_FireTurretMissile
0    2e38f WP_FireGenericBlasterMissile
0    2e3d8 WP_FireBlasterMissile
0    2e426 WP_FireEmplacedMissile
0    2e489 WP_FireBlaster
0    2e4e0 WP_DisruptorMainFire
0    2e70d WP_DisruptorAltFire
0    2eab9 WP_FireDisruptor
0    2eaf0 WP_BowcasterAltFire
0    2eb7a WP_BowcasterMainFire
0    2ecbf WP_FireBowcaster
0    2ecd4 WP_RepeaterMainFire
0    2ed1b WP_RepeaterAltFire
0    2edbd WP_FireRepeater
0    2ee17 WP_DEMP2_MainFire
0    2ee93 DEMP2_AltRadiusDamage
0    2f0d7 DEMP2_AltDetonate
0    2f158 WP_DEMP2_AltFire
0    2f251 WP_FireDEMP2
0    2f266 WP_FlechetteMainFire
0    2f34b prox_mine_think
0    2f3d9 WP_TraceSetStart
0    2f491 WP_ExplosiveDie
0    2f49a WP_flechette_alt_blow
0    2f4b5 WP_CreateFlechetteBouncyThing
0    2f586 WP_FlechetteAltFire
0    2f5fd WP_FireFlechette
0    2f612 rocketThink
0    2f893 WP_FireRocket
0    2f9f3 thermalDetonatorExplode
0    2fad1 thermalThinkStandard
0    2faf8 WP_FireThermalDetonator
0    2fc8a WP_DropThermal
0    2fcaa laserTrapExplode
0    2fd34 laserTrapDelayedExplode
0    2fd7c touchLaserTrap
0    2fde3 laserTrapThink
0    2feaa laserTrapStick
0    2ffbd TrapThink
0    2ffcf CreateLaserTrap
0    30170 WP_PlaceLaserTrap
0    302a4 VectorNPos
0    3030b charge_stick
0    30568 DetPackBlow
0    305d1 DetPackPain
0    305f2 DetPackDie
0    30613 drop_charge
0    307b6 BlowDetpacks
0    30825 CheatsOn
0    30832 WP_DropDetPack
0    30974 WP_FireStunBaton
0    30ad9 SnapVectorTowards
0    30b22 LogAccuracyHit
0    30b71 CalcMuzzlePoint
0    30ca6 CalcMuzzlePointOrigin
0    30d30 FireWeapon
0    30ec3 WP_FireEmplaced
0    30fc7 emplaced_gun_use
0    311c0 emplaced_gun_realuse
0    311ce emplaced_gun_pain
0    311d8 emplaced_gun_update
0    314bc emplaced_gun_die
0    314dd SP_emplaced_gun
0    3165b G_PreDefSound
0    31679 InFront
0    316f3 WP_InitForcePowers
0    31bcc WP_SpawnInitForcePowers
0    31e09 ForcePowerUsableOn
0    31ed1 WP_ForcePowerAvailable
0    31f23 WP_ForcePowerInUse
0    31f3b WP_ForcePowerUsable
0    32014 WP_AbsorbConversion
0    320b7 WP_ForcePowerRegenerate
0    3210f WP_ForcePowerStart
0    32424 ForceHeal
0    32545 WP_AddToClientBitflags
0    325aa ForceTeamHeal
0    327ec ForceTeamForceReplenish
0    329ca ForceGrip
0    32b0b ForceSpeed
0    32b8d ForceSeeing
0    32bfc ForceProtect
0    32c8f ForceAbsorb
0    32d22 ForceRage
0    32dcf ForceLightning
0    32e4d ForceLightningDamage
0    32f5c ForceShootLightning
0    3324c ForceDrain
0    332ca ForceDrainDamage
0    334ab ForceShootDrain
0    337ee ForceJumpCharge
0    33928 WP_GetVelocityForForceJump
0    33adc ForceJump
0    33bad WP_AddAsMindtricked
0    33c12 ForceTelepathy
0    3404e GEntity_UseFunc
0    34065 CanCounterThrow
0    340cf ForceThrow
0    34db0 WP_ForcePowerStop
0    34ff1 DoGripAction
0    35596 G_IsMindTricked
0    355fd RemoveTrickedEnt
0    35666 WP_UpdateMindtrickEnts
0    357b0 WP_ForcePowerRun
0    35b07 WP_DoSpecificPower
0    35d1c FindGenericEnemyIndex
0    35e53 SeekerDroneUpdate
0    36235 HolocronUpdate
0    363cc JediMasterUpdate
0    364ca WP_ForcePowersUpdate
0    36e63 Jedi_DodgeEvasion
0    36fca RandFloat
0    36fe4 SaberUpdateSelf
0    370d9 SaberGotHit
0    370f7 WP_SaberInitBladeData
0    371b0 G_G2ClientSpineAngles
0    3743b G_G2PlayerAngles
0    37790 SaberAttacking
0    377aa WP_SabersCheckLock2
0    37b4f WP_SabersCheckLock
0    38245 CheckSaberDamage
0    38958 CheckThrownSaberDamaged
0    38db7 saberCheckRadiusDamage
0    38e22 saberMoveBack
0    38e58 SaberBounceSound
0    38e6e DeadSaberThink
0    38e8f MakeDeadSaber
0    38fdd saberBackToOwner
0    3925a thrownSaberTouch
0    3932f saberFirstThrown
0    3963e WP_SaberPositionUpdate
0    39f65 WP_MissileBlockForBlock
0    39f93 WP_SaberBlockNonRandom
0    3a09f WP_SaberBlock
0    3a1fe WP_SaberCanBlock
0    3a33e Boot_BlockMatchesAttack
0    3a397 HasSetSaberOnly
0    3a3de Q_rand
0    3a3f3 Q_random
0    3a405 Q_crandom
0    3a416 VectorCompare
0    3a44e VectorLength
0    3a481 VectorLengthSquared
0    3a4ad Distance
0    3a4ee DistanceSquared
0    3a53c VectorNormalizeFast
0    3a59b VectorInverse
0    3a5c3 CrossProduct
0    3a63c ClampChar
0    3a653 ClampShort
0    3a66a DirToByte
0    3a6c5 ByteToDir
0    3a6e3 ColorBytes3
0    3a752 ColorBytes4
0    3a7e4 NormalizeColor
0    3a85a PlaneFromPoints
0    3a918 RotatePointAroundVector
0    3aa23 RotateAroundDirection
0    3aa67 vectoangles
0    3ab23 AnglesToAxis
0    3ab58 AxisClear
0    3ab8f AxisCopy
0    3abb3 ProjectPointOnPlane
0    3ac6e MakeNormalVectors
0    3ad19 VectorRotate
0    3adb6 Q_rsqrt
0    3aded Q_fabs
0    3adfd LerpAngle
0    3ae2e AngleSubtract
0    3ae53 AnglesSubtract
0    3aea1 AngleMod
0    3aeb3 AngleNormalize360
0    3aec1 AngleNormalize180
0    3aedc AngleDelta
0    3aeec SetPlaneSignbits
0    3af19 BoxOnPlaneSide
0    3b2da RadiusFromBounds
0    3b32d ClearBounds
0    3b364 AddPointToBounds
0    3b3fd VectorNormalize
0    3b46d VectorNormalize2
0    3b4fb _VectorMA
0    3b53d _DotProduct
0    3b572 _VectorSubtract
0    3b5ab _VectorAdd
0    3b5e4 _VectorCopy
0    3b60b _VectorScale
0    3b63b Vector4Scale
0    3b67d Q_log2
0    3b69c MatrixMultiply
0    3b871 AngleVectors
0    3b969 PerpendicularVector
0    3b9d5 Rand_Init
0    3b9dc flrand
0    3ba17 irand
0    3ba49 powf
0    3ba6c GetIDForString
0    3bab1 GetStringForID
0    3baed Com_Clamp
0    3bb07 COM_SkipPath
0    3bb2b COM_StripExtension
0    3bb61 COM_DefaultExtension
0    3bba9 ShortSwap
0    3bbc9 ShortNoSwap
0    3bbd4 LongSwap
0    3bc07 LongNoSwap
0    3bc0d Long64Swap
0    3bc4a Long64NoSwap
0    3bc52 FloatSwap
0    3bc68 FloatNoSwap
0    3bc6f COM_BeginParseSession
0    3bc81 COM_GetCurrentParseLine
0    3bc87 COM_Parse
0    3bc96 COM_ParseError
0    3bcb6 COM_ParseWarning
0    3bcd6 SkipWhitespace
0    3bd0d COM_Compress
0    3be60 COM_ParseExt
0    3bfac COM_MatchToken
0    3bfd5 SkipBracedSection
0    3c013 SkipRestOfLine
0    3c04b Parse1DMatrix
0    3c08a Parse2DMatrix
0    3c0c5 Parse3DMatrix
0    3c10a Q_isprint
0    3c11f Q_islower
0    3c134 Q_isupper
0    3c149 Q_isalpha
0    3c16a Q_strrchr
0    3c19e Q_strncpyz
0    3c1d9 Q_stricmpn
0    3c264 Q_strncmp
0    3c2b6 Q_stricmp
0    3c2de Q_strlwr
0    3c304 Q_strupr
0    3c32a Q_strcat
0    3c356 Q_PrintStrlen
0    3c3a6 Q_CleanStr
0    3c40c Com_sprintf
0    3c44b va
0    3c478 Info_ValueForKey
0    3c558 Info_NextPair
0    3c5f6 Info_RemoveKey
0    3c6c6 Info_RemoveKey_Big
0    3c796 Info_Validate
0    3c7bd Info_SetValueForKey
0    3c88d Info_SetValueForKey_Big
0    3c955 Q_irand
1        4 gDuelExit
1        8 gDuelist1
1        c gDuelist2
1       10 gameCvarTable
1      860 gameCvarTableSize
1      894 gDidDuelStuff
1      89c g_LastFrameTime
1      8a0 g_TimeSinceLastFrame
1      8a4 ctfStateNames
1      8c0 ctfStateDescriptions
1      8d8 sagaStateDescriptions
1      8e4 teamplayStateDescriptions
1      9ac gWPRenderTime
1      9b0 gDeactivated
1      9b4 gBotEdit
1      9b8 gWPRenderedFrame
1      9bc gWPNum
1      9c0 gLastPrintedIndex
1      9c4 gLevelFlags
1      9c8 botGlobalNavWeaponWeights
1      a08 randSeed
1      a7c forceMasteryLevels
1      a9c forceMasteryPoints
1      abc bgForcePowerCost
1      bdc forcePowerSorted
1      c24 forcePowerDarkLight
1      c6c WeaponReadyAnim
1      cac WeaponAttackAnim
1      cec bg_itemlist
1     15a8 bg_numItems
1     1600 eventnames
1     17d8 bg_poolSize
1     17dc bg_poolTail
1     17e0 gPMDoSlowFall
1     17e4 pm_stopspeed
1     17e8 pm_duckScale
1     17ec pm_swimScale
1     17f0 pm_wadeScale
1     17f4 pm_accelerate
1     17f8 pm_airaccelerate
1     17fc pm_wateraccelerate
1     1800 pm_flyaccelerate
1     1804 pm_friction
1     1808 pm_waterfriction
1     180c pm_flightfriction
1     1810 pm_spectatorfriction
1     1814 c_pmove
1     1818 forceSpeedLevels
1     1828 forcePowerNeeded
1     1948 forceJumpHeight
1     1958 forceJumpStrength
1     19fc animTable
1     40a4 BGPAFtextLoaded
1     40a8 WP_MuzzlePoint
1     4168 weaponData
1     44e8 ammoData
1     4510 saberMoveData
1     5a00 transitionMove
1     5d7c playerMins
1     5d88 playerMaxs
1     5d94 gJMSaberEnt
1     5d98 g2SaberInstance
1     5db8 gc_orders
1     5dd4 gameNames
1     5e10 modNames
1     6060 shieldLoopSound
1     6064 shieldAttachSound
1     6068 shieldActivateSound
1     606c shieldDeactivateSound
1     6070 shieldDamageSound
1     60b0 weaponFromMOD
1     6148 weaponNameFromIndex
1     61b8 fields
1     6338 spawns
1     6574 defaultStyles
1     66f4 precachedKyle
1     6730 remapCount
1     6764 gG2KillNum
1     87c4 speedLoopSound
1     87c8 rageLoopSound
1     87cc protectLoopSound
1     87d0 absorbLoopSound
1     87d4 seeLoopSound
1     87d8 ysalamiriLoopSound
1     87dc forcePowerMinRank
1     8a74 saberSpinSound
1     8a78 saberOffSound
1     8a7c saberOnSound
1     8a80 saberHumSound
1     8b1c vec3_origin
1     8b28 axisDefault
1     8b4c colorBlack
1     8b5c colorRed
1     8b6c colorGreen
1     8b7c colorBlue
1     8b8c colorYellow
1     8b9c colorMagenta
1     8bac colorCyan
1     8bbc colorWhite
1     8bcc colorLtGrey
1     8bdc colorMdGrey
1     8bec colorDkGrey
1     8bfc colorLtBlue
1     8c0c colorDkBlue
1     8c1c g_color_table
1     8c9c bytedirs
1     9454 holdrand
2     aed4 ctfFlagStatusRemap
2   3c43cc _stackStart
2   3d43cc _stackEnd
3        0 g_listEntity
3      110 g_podiumDrop
3      220 g_podiumDist
3      330 g_statLogFile
3      440 g_statLog
3      550 g_logSync
3      660 g_log
3      770 g_MaxHolocronCarry
3      880 g_clients
3     e400 boot_noFlips
3     e510 boot_screenShakeOnHeadChop
3     e620 boot_trainingMode
3     e730 boot_feintTimer
3     e840 g_timeouttospec
3     e950 g_forceDodge
3     ea60 g_dismember
3     eb70 g_singlePlayer
3     ec80 g_enableBreath
3     ed90 g_enableDust
3     eea0 g_rankings
3     efb0 pmove_msec
3     f0c0 pmove_fixed
3     f1d0 g_smoothClients
3     f2e0 g_blueteam
3     f3f0 g_redteam
3     f500 g_debugUp
3     f610 g_debugRight
3     f720 g_debugForward
3     f830 g_filterBan
3     f940 g_banIPs
3     fa50 g_teamForceBalance
3     fb60 g_teamAutoJoin
3     fc70 g_allowVote
3     fd80 g_blood
3     fe90 g_doWarmup
3     ffa0 g_warmup
3    100b0 g_motd
3    101c0 g_synchronousClients
3    102d0 g_adaptRespawn
3    103e0 g_weaponTeamRespawn
3    104f0 g_weaponRespawn
3    10600 g_debugDamage
3    10710 g_debugAlloc
3    10820 g_debugMove
3    10930 g_inactivity
3    10a40 g_forcerespawn
3    10b50 g_quadfactor
3    10c60 g_knockback
3    10d70 g_speed
3    10e80 g_gravity
3    10f90 g_needpass
3    110a0 g_password
3    111b0 g_friendlySaber
3    112c0 g_friendlyFire
3    113d0 g_saberInterpolate
3    114e0 g_capturelimit
3    115f0 g_timelimit
3    11700 g_duel_fraglimit
3    11810 g_fraglimit
3    11920 g_duelWeaponDisable
3    11a30 g_weaponDisable
3    11b40 g_forcePowerDisable
3    11c50 g_spawnInvulnerability
3    11d60 g_forceRegenTime
3    11e70 g_saberLocking
3    11f80 g_privateDuel
3    12090 g_forceBasedTeams
3    121a0 g_maxForceRank
3    122b0 g_dmflags
3    123c0 g_autoMapCycle
3    124d0 g_restarted
3    125e0 g_maxGameClients
3    126f0 g_maxclients
3    12800 g_cheats
3    12910 g_dedicated
3    12a20 g_gametype
3    12b30 g_entities
3    e1b30 level
3    e3eb8 g_ff_objectives
3    e3fc8 bootSession
3    e4754 droppedBlueFlag
3    e4758 droppedRedFlag
3    e475c gBotEventTracker
3    e495c regularupdate_time
3    e4960 numbots
3    e4964 botstates
3    e49e4 floattime
3    e49e8 eFlagBlue
3    e49ec eFlagRed
3    e49f0 oFlagBlue
3    e49f4 flagBlue
3    e49f8 oFlagRed
3    e49fc flagRed
3    e4a00 bot_wp_visconnect
3    e4b10 bot_wp_distconnect
3    e4c20 bot_wp_clearweight
3    e4d30 bot_wp_edit
3    e4e40 bot_wp_info
3    e4f50 bot_camp
3    e5060 bot_attachments
3    e5170 bot_forgimmick
3    e5280 bot_forcepowers
3    e5390 gBotChatBuffer
3   125390 nodenum
3   125394 nodetable
3   145394 gWPArray
3   149394 bg_pool
3   33d394 pml
3   33d820 pm
3   33d824 BGPAFtext
3   347464 bgGlobalAnimations
3   34ed5c podium3
3   34ed60 podium2
3   34ed64 podium1
3   34ed6c bot_minplayers
3   34ee7c botSpawnQueue
3   34eefc g_arenaInfos
3   34fefc g_numArenas
3   34ff00 g_botInfos
3   350f00 g_numBots
3   351304 Client_Force
3   35520c itemRegistered
3   35560c G_WeaponLogItems
3   355e0c G_WeaponLogPowerups
3   35618c G_WeaponLogClientTouch
3   35620c G_WeaponLogLastTime
3   35628c G_WeaponLogTime
3   356a8c G_WeaponLogFrags
3   357a8c G_WeaponLogDeaths
3   35828c G_WeaponLogKills
3   35958c G_WeaponLogDamage
3   35a88c G_WeaponLogFired
3   35b08c G_WeaponLogPickups
3   35b88c allocPoint
3   35b890 memoryPool
3   39b890 gExplSound
3   39b894 pushed_p
3   39b898 pushed
3   3a3898 imperial_attackers
3   3a389c rebel_attackers
3   3a38a0 rebel_goals_completed
3   3a38a4 rebel_goals_required
3   3a38a8 imperial_goals_completed
3   3a38ac imperial_goals_required
3   3a38b0 saga_round_over
3   3a38b4 saga_valid
3   3a38b8 saga_info
3   3a58b8 numIPFilters
3   3a58bc ipFilters
3   3a78bc teamgame
3   3a78d8 gTrigFallSound
3   3a8e7c gG2KillIndex
3   3a8f7c remappedShaders
3   3ad17c ent_list
3   3ae17c muzzle
3   3ae188 up
3   3ae194 right
3   3ae1a0 forward
3   3ae1ac s_quadFactor
3   3c3bc8 com_lines
3   3c3bcc com_parsename
3   3c3fcc com_token
