0 fffffda8 trap_G2API_CleanGhoul2Models
0 fffffda9 trap_G2API_RemoveGhoul2Model
0 fffffdaa trap_G2API_HasGhoul2ModelOnIndex
0 fffffdab trap_G2API_DuplicateGhoul2Instance
0 fffffdac trap_G2API_CopySpecificGhoul2Model
0 fffffdad trap_G2API_CopyGhoul2Instance
0 fffffdae trap_G2API_GetGLAName
0 fffffdaf trap_G2API_SetBoneAnim
0 fffffdb0 trap_G2API_SetBoneAngles
0 fffffdb1 trap_G2API_SetBoltInfo
0 fffffdb2 trap_G2API_AddBolt
0 fffffdb3 trap_G2API_InitGhoul2Model
0 fffffdb4 trap_G2API_GetBoltMatrix_NoReconstruct
0 fffffdb5 trap_G2API_GetBoltMatrix
0 fffffdb6 trap_G2_SetGhoul2ModelIndexes
0 fffffdb7 trap_G2_HaveWeGhoul2Models
0 fffffdb8 trap_G2_ListModelSurfaces
0 fffffdb9 trap_G2_ListModelBones
0 fffffdba trap_PC_SourceFileAndLine
0 fffffdbb trap_PC_ReadToken
0 fffffdbc trap_PC_FreeSource
0 fffffdbd trap_PC_LoadSource
0 fffffdbe trap_AAS_PointReachabilityAreaIndex
0 fffffdbf trap_AAS_PredictRoute
0 fffffdc0 trap_AAS_AlternativeRouteGoals
0 fffffdc1 trap_BotAddAvoidSpot
0 fffffdc2 trap_BotSetAvoidGoalTime
0 fffffdc3 trap_BotPredictVisiblePosition
0 fffffdc4 trap_BotRemoveFromAvoidGoals
0 fffffdc5 trap_BotGetChatMessage
0 fffffdc6 trap_BotNumInitialChats
0 fffffdc7 trap_BotGetMapLocationGoal
0 fffffdc8 trap_BotGetNextCampSpotGoal
0 fffffdc9 trap_BotMutateGoalFuzzyLogic
0 fffffdca trap_BotInterbreedGoalFuzzyLogic
0 fffffdcb trap_GeneticParentsAndChildSelection
0 fffffdcc trap_BotResetWeaponState
0 fffffdcd trap_BotFreeWeaponState
0 fffffdce trap_BotAllocWeaponState
0 fffffdcf trap_BotLoadWeaponWeights
0 fffffdd0 trap_BotGetWeaponInfo
0 fffffdd1 trap_BotChooseBestFightWeapon
0 fffffdd2 trap_BotInitMoveState
0 fffffdd3 trap_BotFreeMoveState
0 fffffdd4 trap_BotAllocMoveState
0 fffffdd5 trap_BotMovementViewTarget
0 fffffdd6 trap_BotReachabilityArea
0 fffffdd7 trap_BotResetLastAvoidReach
0 fffffdd8 trap_BotResetAvoidReach
0 fffffdd9 trap_BotMoveInDirection
0 fffffdda trap_BotMoveToGoal
0 fffffddb trap_BotResetMoveState
0 fffffddc trap_BotFreeGoalState
0 fffffddd trap_BotAllocGoalState
0 fffffdde trap_BotSaveGoalFuzzyLogic
0 fffffddf trap_BotFreeItemWeights
0 fffffde0 trap_BotLoadItemWeights
0 fffffde1 trap_BotUpdateEntityItems
0 fffffde2 trap_BotInitLevelItems
0 fffffde3 trap_BotAvoidGoalTime
0 fffffde4 trap_BotGetLevelItemGoal
0 fffffde5 trap_BotItemGoalInVisButNotVisible
0 fffffde6 trap_BotTouchingGoal
0 fffffde7 trap_BotChooseNBGItem
0 fffffde8 trap_BotChooseLTGItem
0 fffffde9 trap_BotGetSecondGoal
0 fffffdea trap_BotGetTopGoal
0 fffffdeb trap_BotGoalName
0 fffffdec trap_BotDumpGoalStack
0 fffffded trap_BotDumpAvoidGoals
0 fffffdee trap_BotEmptyGoalStack
0 fffffdef trap_BotPopGoal
0 fffffdf0 trap_BotPushGoal
0 fffffdf1 trap_BotResetAvoidGoals
0 fffffdf2 trap_BotResetGoalState
0 fffffdf3 trap_BotSetChatName
0 fffffdf4 trap_BotSetChatGender
0 fffffdf5 trap_BotLoadChatFile
0 fffffdf6 trap_BotReplaceSynonyms
0 fffffdf7 trap_UnifyWhiteSpaces
0 fffffdf8 trap_BotMatchVariable
0 fffffdf9 trap_BotFindMatch
0 fffffdfa trap_StringContains
0 fffffdfb trap_BotEnterChat
0 fffffdfc trap_BotChatLength
0 fffffdfd trap_BotReplyChat
0 fffffdfe trap_BotInitialChat
0 fffffdff trap_BotNumConsoleMessages
0 fffffe00 trap_BotNextConsoleMessage
0 fffffe01 trap_BotRemoveConsoleMessage
0 fffffe02 trap_BotQueueConsoleMessage
0 fffffe03 trap_BotFreeChatState
0 fffffe04 trap_BotAllocChatState
0 fffffe05 trap_Characteristic_String
0 fffffe06 trap_Characteristic_BInteger
0 fffffe07 trap_Characteristic_Integer
0 fffffe08 trap_Characteristic_BFloat
0 fffffe09 trap_Characteristic_Float
0 fffffe0a trap_BotFreeCharacter
0 fffffe0b trap_BotLoadCharacter
0 fffffe56 trap_EA_ResetInput
0 fffffe57 trap_EA_GetInput
0 fffffe58 trap_EA_EndRegular
0 fffffe59 trap_EA_View
0 fffffe5a trap_EA_Move
0 fffffe5b trap_EA_DelayedJump
0 fffffe5c trap_EA_Jump
0 fffffe5d trap_EA_SelectWeapon
0 fffffe5e trap_EA_MoveRight
0 fffffe5f trap_EA_MoveLeft
0 fffffe60 trap_EA_MoveBack
0 fffffe61 trap_EA_MoveForward
0 fffffe62 trap_EA_MoveDown
0 fffffe63 trap_EA_MoveUp
0 fffffe64 trap_EA_Crouch
0 fffffe65 trap_EA_Respawn
0 fffffe66 trap_EA_Use
0 fffffe67 trap_EA_ForcePower
0 fffffe68 trap_EA_Alt_Attack
0 fffffe69 trap_EA_Attack
0 fffffe6a trap_EA_Talk
0 fffffe6b trap_EA_Gesture
0 fffffe6c trap_EA_Action
0 fffffe6d trap_EA_Command
0 fffffe6e trap_EA_SayTeam
0 fffffe6f trap_EA_Say
0 fffffec1 trap_AAS_PredictClientMovement
0 fffffec2 trap_AAS_Swimming
0 fffffec3 trap_AAS_AreaTravelTimeToGoalArea
0 fffffec4 trap_AAS_AreaReachability
0 fffffec5 trap_AAS_IntForBSPEpairKey
0 fffffec6 trap_AAS_FloatForBSPEpairKey
0 fffffec7 trap_AAS_VectorForBSPEpairKey
0 fffffec8 trap_AAS_ValueForBSPEpairKey
0 fffffec9 trap_AAS_NextBSPEntity
0 fffffeca trap_AAS_PointContents
0 fffffecb trap_AAS_TraceAreas
0 fffffecc trap_AAS_PointAreaNum
0 fffffecd trap_AAS_Time
0 fffffece trap_AAS_PresenceTypeBoundingBox
0 fffffecf trap_AAS_Initialized
0 fffffed0 trap_AAS_EntityInfo
0 fffffed1 trap_AAS_AreaInfo
0 fffffed2 trap_AAS_BBoxAreas
0 fffffed3 trap_AAS_EnableRoutingArea
0 ffffff2c trap_BotUserCommand
0 ffffff2d trap_BotGetServerCommand
0 ffffff2e trap_BotGetSnapshotEntity
0 ffffff2f trap_BotLibTest
0 ffffff30 trap_BotLibUpdateEntity
0 ffffff31 trap_BotLibLoadMap
0 ffffff32 trap_BotLibStartFrame
0 ffffff33 trap_BotLibDefine
0 ffffff34 trap_BotLibVarGet
0 ffffff35 trap_BotLibVarSet
0 ffffff36 trap_BotLibShutdown
0 ffffff37 trap_BotLibSetup
0 ffffff8c asin
0 ffffff8d acos
0 ffffff90 ceil
0 ffffff91 floor
0 ffffff92 perpendicularvector
0 ffffff93 anglevectors
0 ffffff94 matrixmultiply
0 ffffff95 sqrt
0 ffffff96 atan2
0 ffffff97 cos
0 ffffff98 sin
0 ffffff99 strncpy
0 ffffff9a memcpy
0 ffffff9b memset
0 ffffffcc trap_ROFF_Purge_Ent
0 ffffffcd trap_ROFF_Play
0 ffffffce trap_ROFF_Cache
0 ffffffcf trap_ROFF_UpdateEntities
0 ffffffd0 trap_ROFF_Clean
0 ffffffd1 trap_SP_GetStringTextString
0 ffffffd2 trap_SP_RegisterServer
0 ffffffd3 trap_EntityContactCapsule
0 ffffffd4 trap_TraceCapsule
0 ffffffd5 trap_SnapVector
0 ffffffd6 trap_RealTime
0 ffffffd7 trap_DebugPolygonDelete
0 ffffffd8 trap_DebugPolygonCreate
0 ffffffd9 trap_FS_GetFileList
0 ffffffda trap_GetEntityToken
0 ffffffdb trap_GetUsercmd
0 ffffffdc trap_BotFreeClient
0 ffffffdd trap_BotAllocateClient
0 ffffffde trap_EntityContact
0 ffffffdf trap_EntitiesInBox
0 ffffffe0 trap_UnlinkEntity
0 ffffffe1 trap_LinkEntity
0 ffffffe2 trap_AreasConnected
0 ffffffe3 trap_AdjustAreaPortalState
0 ffffffe4 trap_InPVSIgnorePortals
0 ffffffe5 trap_InPVS
0 ffffffe6 trap_PointContents
0 ffffffe7 trap_Trace
0 ffffffe8 trap_SetBrushModel
0 ffffffe9 trap_GetServerinfo
0 ffffffea trap_SetUserinfo
0 ffffffeb trap_GetUserinfo
0 ffffffec trap_GetConfigstring
0 ffffffed trap_SetConfigstring
0 ffffffee trap_SendServerCommand
0 ffffffef trap_DropClient
0 fffffff0 trap_LocateGameData
0 fffffff1 trap_SendConsoleCommand
0 fffffff2 trap_FS_FCloseFile
0 fffffff3 trap_FS_Write
0 fffffff4 trap_FS_Read
0 fffffff5 trap_FS_FOpenFile
0 fffffff6 trap_Argv
0 fffffff7 trap_Argc
0 fffffff8 trap_Cvar_VariableStringBuffer
0 fffffff9 trap_Cvar_VariableIntegerValue
0 fffffffa trap_Cvar_Set
0 fffffffb trap_Cvar_Update
0 fffffffc trap_Cvar_Register
0 fffffffd trap_Milliseconds
0 fffffffe trap_Error
0 ffffffff trap_Printf
0        0 vmMain
0       a5 G_Printf
0       be G_Error
0       d7 G_FindTeams
0      1db G_RemapTeamShaders
0      1de G_RegisterCvars
0      252 G_UpdateCvars
0      2c6 G_InitGame
0      42d G_ShutdownGame
0      465 Com_Error
0      480 Com_Printf
0      49b AddTournamentPlayer
0      514 RemoveTournamentLoser
0      53b RemoveTournamentWinner
0      562 AdjustTournamentScores
0      5c8 SortRanks
0      69d CalculateRanks
0      94d SendScoreboardMessageToAllClients
0      976 MoveClientToIntermission
0      9e6 FindIntermissionPoint
0      a54 BeginIntermission
0      ac7 DuelLimitHit
0      afe DuelResetWinsLosses
0      b2f ExitLevel
0      bbc G_LogPrintf
0      c28 LogExit
0      d11 CheckIntermissionExit
0      e86 ScoreIsTied
0      ecf CheckExitRules
0     103a CheckTournament
0     115d CheckVote
0     1241 PrintTeam
0     126c SetLeader
0     132f CheckTeamLeader
0     13c7 CheckTeamVote
0     14c0 CheckCvars
0     14ed G_RunThink
0     1526 G_RunFrame
0     170d G_GetStripEdString
0     171e BotStraightTPOrderCheck
0     1788 BotSelectWeapon
0     179a BotReportStatus
0     17f9 BotOrder
0     1994 BotMindTricked
0     1a0b BotAI_Print
0     1a0e IsTeamplay
0     1a1b BotAI_GetClientState
0     1a4c BotAI_GetEntityState
0     1a91 BotAI_GetSnapshotEntity
0     1ac2 BotEntityInfo
0     1ace NumBots
0     1ad4 AngleDifference
0     1afc BotChangeViewAngle
0     1b68 BotChangeViewAngles
0     1d07 BotInputToUserCommand
0     1fb3 BotUpdateInput
0     2076 BotAIRegularUpdate
0     2087 RemoveColorEscapeSequences
0     20fb BotAI
0     224c BotScheduleBotThink
0     228a PlayersInGame
0     22cb BotAISetupClient
0     23eb BotAIShutdownClient
0     243a BotResetState
0     2525 BotAILoadMap
0     255f OrgVisible
0     2585 WPOrgVisible
0     261a OrgVisibleBox
0     264a CheckForFunc
0     269d GetNearestVisibleWP
0     2763 PassWayCheck
0     27fd TotalTrailDistance
0     28d6 CheckForShorterRoutes
0     2a28 WPConstantRoutine
0     2b82 BotCTFGuardDuty
0     2b9e WPTouchRoutine
0     2d65 MoveTowardIdealAngles
0     2d75 BotTrace_Strafe
0     2f13 BotTrace_Jump
0     304c BotTrace_Duck
0     3130 PassStandardEnemyChecks
0     3305 BotDamageNotification
0     3406 BotCanHear
0     3504 UpdateEventTracker
0     3567 InFieldOfVision
0     35e9 PassLovedOneCheck
0     36b9 ScanForEnemies
0     38cb WaitingForNow
0     39a1 BotGetWeaponRange
0     39f1 BotIsAChickenWuss
0     3aeb GetNearestBadThing
0     3d9a BotDefendFlag
0     3e0f BotGetEnemyFlag
0     3e84 BotGetFlagBack
0     3f7c BotGuardFlagCarrier
0     4074 BotGetFlagHome
0     40e9 GetNewFlagPoint
0     4200 CTFTakesPriority
0     450b EntityVisibleBox
0     4548 Saga_TargetClosestObjective
0     476c Saga_DefendFromAttackers
0     4862 Saga_CountDefenders
0     48c8 Saga_CountTeammates
0     4919 SagaTakesPriority
0     4c31 JMTakesPriority
0     4d18 BotHasAssociated
0     4dd7 GetBestIdleGoal
0     4ec2 GetIdealDestination
0     5481 CommanderBotCTFAI
0     5757 CommanderBotSagaAI
0     5882 BotDoTeamplayAI
0     58ad CommanderBotTeamplayAI
0     5a54 CommanderBotAI
0     5a7d MeleeCombatHandling
0     5bdb SaberCombatHandling
0     5f8b BotWeaponCanLead
0     5fcf BotAimLeading
0     6126 BotAimOffsetGoalAngles
0     6328 ShouldSecondaryFire
0     6430 CombatBotAI
0     6612 BotFallbackNavigation
0     66b5 BotTryAnotherWeapon
0     6735 BotWeaponSelectable
0     676b BotSelectIdealWeapon
0     6909 BotSelectChoiceWeapon
0     6997 BotSelectMelee
0     69c8 GetLoveLevel
0     6a5d BotLovedOneDied
0     6baa BotDeathNotify
0     6c30 StrafeTracing
0     6d16 PrimFiring
0     6d47 KeepPrimFromFiring
0     6d7c AltFiring
0     6dad KeepAltFromFiring
0     6de2 CheckForFriendInLOF
0     6ea9 BotScanForLeader
0     6f39 BotReplyGreetings
0     6fa8 CTFFlagMovement
0     718a BotCheckDetPacks
0     72d0 BotUseInventoryItem
0     73aa BotSurfaceNear
0     740f BotWeaponBlockable
0     7444 StandardBotAI
0     930f BotAIStartFrame
0     940d BotAISetup
0     9497 BotAIShutdown
0     94d5 B_TempAlloc
0     94e2 B_TempFree
0     94eb B_Alloc
0     94f8 B_Free
0     94fb B_InitAlloc
0     9507 B_CleanupAlloc
0     950a GetValueGroup
0     9605 GetPairedValue
0     97ab BotDoChat
0     9a78 ParseEmotionalAttachments
0     9bbb ReadChatGroups
0     9c4b BotUtilizePersonality
0     a0ef GetFlagStr
0     a3ea G_TestLine
0     a424 BotWaypointRender
0     a652 TransferWPData
0     a776 CreateNewWP
0     a814 CreateNewWP_FromObject
0     a97f RemoveWP
0     a9d5 RemoveWP_InTrail
0     aaba CreateNewWP_InTrail
0     ac09 TeleportToWP
0     ac8f WPFlagsModify
0     acce NotWithinRange
0     ad03 NodeHere
0     ad95 CanGetToVector
0     adc4 CanGetToVectorTravel
0     aee8 ConnectTrail
0     b4f9 OpposingEnds
0     b577 DoorBlockingSection
0     b65a RepairPaths
0     b78c OrgVisibleCurve
0     b7ec CanForceJumpTo
0     b8d7 CalculatePaths
0     bb51 GetObjectThatTargets
0     bb80 CalculateSagaGoals
0     bcad GetNearestVisibleWPToItem
0     bd99 CalculateWeightGoals
0     bf69 CalculateJumpRoutes
0     c08d LoadPathData
0     c434 FlagObjects
0     c660 SavePathData
0     c9a1 LoadPath_ThisLevel
0     ca3c GetClosestSpawn
0     cada GetNextSpawnInIndex
0     cb7e AcceptBotCommand
0     cff1 swapfunc
0     d078 med3
0     d0fb qsort
0     d4b4 strlen
0     d4cf strcat
0     d512 strcpy
0     d547 strcmp
0     d580 strchr
0     d59f strstr
0     d5e5 tolower
0     d5fd toupper
0     d615 memmove
0     d65c tan
0     d673 srand
0     d67a rand
0     d68f atof
0     d754 _atof
0     d81f atoi
0     d897 _atoi
0     d919 abs
0     d92e fabs
0     d943 AddInt
0     da1e AddFloat
0     db2c AddString
0     dbc3 vsprintf
0     dd5b sscanf
0     ddc6 BG_LegalizedForcePowers
0     e193 vectoyaw
0     e1ed BG_HasYsalamiri
0     e21c BG_CanUseFPNow
0     e283 BG_FindItemForPowerup
0     e2bf BG_FindItemForHoldable
0     e2f9 BG_FindItemForWeapon
0     e32c BG_FindItem
0     e355 BG_PlayerTouchesItem
0     e3b5 BG_ProperForceIndex
0     e3d8 BG_CycleForce
0     e4b0 BG_GetItemIndexByTag
0     e4e0 BG_CycleInven
0     e54c BG_CanItemBeGrabbed
0     e749 BG_EvaluateTrajectory
0     e917 BG_EvaluateTrajectoryDelta
0     ea11 BG_AddPredictableEventToPlayerstate
0     ea4c BG_TouchJumpPad
0     eab0 BG_PlayerStateToEntityState
0     edbb BG_PlayerStateToEntityStateExtraPolate
0     f0d3 BG_SwingAngles
0     f1d8 BG_AddPainTwitch
0     f219 BG_G2PlayerAngles
0     f3b6 BG_Alloc
0     f3f6 BG_AllocUnaligned
0     f429 BG_TempAlloc
0     f461 BG_TempFree
0     f48e BG_StringAlloc
0     f4b1 BG_OutOfMemory
0     f4c3 PM_GetSaberStance
0     f4c8 PM_DoSlowFall
0     f4eb PM_AddEvent
0     f4fa PM_AddEventWithParm
0     f50a PM_AddTouchEnt
0     f55f PM_ClipVelocity
0     f5d8 PM_Friction
0     f6d4 PM_Accelerate
0     f750 PM_CmdScale
0     f7e7 PM_SetMovementDir
0     f933 PM_ForceJumpingUp
0     f9f2 PM_JumpForDir
0     fa95 PM_SetPMViewAngle
0     fad6 PM_AdjustAngleForWallRun
0     fcda PM_CheckJump
0    108df PM_CheckWaterJump
0    109c6 PM_WaterJumpMove
0    10a07 PM_WaterMove
0    10b38 PM_FlyMove
0    10bc3 PM_AirMove
0    10c86 PM_WalkMove
0    10f28 PM_DeadMove
0    10fa1 PM_NoclipMove
0    11113 PM_FootstepForSurface
0    1112c PM_TryRoll
0    1131e PM_CrashLand
0    1162f PM_CorrectAllSolid
0    11716 PM_GroundTraceMissed
0    11881 PM_GroundTrace
0    11a14 PM_SetWaterLevel
0    11ae1 PM_CheckDuck
0    11cb7 PM_Use
0    11d00 PM_RunningAnim
0    11d2e PM_Footsteps
0    11fa5 PM_WaterEvents
0    11ffc PM_BeginWeaponChange
0    12062 PM_FinishWeaponChange
0    120b5 PM_DoChargedWeapons
0    1258f PM_ItemUsable
0    127ba PM_Weapon
0    130e7 PM_Animate
0    13145 PM_DropTimers
0    131cf PM_UpdateViewAngles
0    13273 PM_AdjustAttackStates
0    135eb BG_CmdForRoll
0    13640 BG_AdjustClientSpeed
0    13a13 PmoveSingle
0    13e89 Pmove
0    13f35 BG_InSpecialJump
0    13f5a BG_InSaberStandAnim
0    13f80 BG_DirectFlippingAnim
0    13f9f BG_SaberInAttack
0    13fcc BG_SaberInSpecial
0    13fe9 BG_SaberInIdle
0    14006 BG_FlippingAnim
0    1404e BG_SpinningSaberAnim
0    14166 BG_SaberInSpecialAttack
0    1418f BG_InRoll
0    141b5 BG_InDeathAnim
0    141da PM_SaberInParry
0    141ef PM_SaberInReflect
0    14204 PM_SaberInStart
0    14219 PM_InSaberAnim
0    14230 PM_InKnockDown
0    1425d PM_PainAnim
0    1427c PM_JumpingAnim
0    1429b PM_LandingAnim
0    142e2 PM_SpinningAnim
0    142ef PM_InOnGroundAnim
0    1434c PM_InRollComplete
0    14372 PM_AnimLength
0    1439f PM_DebugLegsAnim
0    143ea BG_ParseAnimationFile
0    14562 PM_StartLegsAnim
0    145e7 PM_ContinueLegsAnim
0    14607 PM_ForceLegsAnim
0    14677 PM_StartTorsoAnim
0    146d2 PM_SetLegsAnimTimer
0    146f0 PM_SetTorsoAnimTimer
0    1470e BG_SaberStartTransAnim
0    1475d PM_SetAnimFinal
0    14999 PM_SetAnim
0    14a12 PM_SlideMove
0    14e02 PM_StepSlideMove
0    15151 PM_irand_timesync
0    15186 BG_ForcePowerDrain
0    15244 PM_AttackMoveForQuad
0    15279 PM_SaberAnimTransitionAnim
0    15398 PM_SaberMoveQuadrantForMovement
0    153fd PM_SaberInBounce
0    15422 PM_SaberInTransition
0    15437 PM_SaberKataDone
0    15474 PM_SetAnimFrame
0    1547e PM_SaberLockBreak
0    15747 PM_SaberLocked
0    1596b PM_SaberInBrokenParry
0    15980 PM_BrokenParryForParry
0    159c2 PM_CanBackstab
0    15a43 PM_SaberFlipOverAttackMove
0    15b44 PM_SomeoneInFront
0    15bd4 PM_SaberLungeAttackMove
0    15c1e PM_SaberJumpAttackMove
0    15c8b PM_GroundDistance
0    15cf4 PM_SaberAttackForMovement
0    15e0e PM_WeaponLightsaber
0    165cb PM_SetSaberMove
0    16798 P_SetTwitchInfo
0    167b0 P_DamageFeedback
0    168ba P_WorldEffects
0    16a61 DoImpact
0    16cdb G_SetClientSound
0    16d0c ClientImpacts
0    16daf G_TouchTriggers
0    16f91 G_MoverTouchPushTriggers
0    17141 SpectatorThink
0    171e8 ClientInactivityTimer
0    1728a ClientTimerActions
0    172ec ClientIntermissionThink
0    17347 ClientEvents
0    174df SendPendingPredictableEvents
0    17586 G_UpdateForceSightBroadcasts
0    17666 G_UpdateJediMasterBroadcasts
0    17748 G_UpdateClientBroadcasts
0    17763 ClientThink_real
0    1845e G_CheckClientTimeouts
0    1848b ClientThink
0    184c6 G_RunClient
0    184ed SpectatorClientEndFrame
0    185c4 ClientEndFrame
0    1869c Boot_ManualBlockThink
0    1881b BootLerp
0    1882e Boot_GetDirFromMouseMovement
0    1888a BootPort_PM_SomeoneInFront
0    1891a Boot_GetParryAnimFromMovement
0    18957 UpdateTournamentInfo
0    18b3c trap_Cvar_VariableValue
0    18b52 G_ParseInfos
0    18c40 G_LoadArenasFromFile
0    18cc0 G_GetMapTypeBits
0    18d62 G_DoesMapSupportGametype
0    18df5 G_RefreshNextMap
0    18f02 G_LoadArenas
0    18fb4 G_GetArenaInfoByMap
0    18fef PlayerIntroSound
0    19040 G_AddRandomBot
0    191ad G_RemoveRandomBot
0    19219 G_CountHumanPlayers
0    1926c G_CountBotPlayers
0    192e9 G_CheckMinimumPlayers
0    19466 G_CheckBotSpawn
0    194c6 AddBotToSpawnQueue
0    19503 G_RemoveQueuedBotBegin
0    19527 G_BotConnect
0    19589 G_AddBot
0    198a2 Svcmd_AddBot_f
0    19939 Svcmd_BotList_f
0    199ed G_SpawnBots
0    19a9f G_LoadBotsFromFile
0    19b1f G_LoadBots
0    19bac G_GetBotInfoByNumber
0    19bd7 G_GetBotInfoByName
0    19c16 G_InitBots
0    19d08 SP_info_player_deathmatch
0    19d41 SP_info_player_start
0    19d50 SP_info_player_imperial
0    19d63 SP_info_player_rebel
0    19d76 SP_info_player_intermission
0    19d79 ThrowSaberToAttacker
0    19f40 JMSaberThink
0    1a03b JMSaberTouch
0    1a1bb SP_info_jedimaster_start
0    1a275 SpotWouldTelefrag
0    1a2f6 SelectNearestDeathmatchSpawnPoint
0    1a35a SelectRandomDeathmatchSpawnPoint
0    1a3ba SelectRandomFurthestSpawnPoint
0    1a52a SelectSpawnPoint
0    1a53d SelectInitialSpawnPoint
0    1a5a2 SelectSpectatorSpawnPoint
0    1a5b2 InitBodyQue
0    1a5e2 BodySink
0    1a614 CopyToBodyQue
0    1a800 SetClientViewAngle
0    1a858 respawn
0    1a88e TeamCount
0    1a8cf TeamLeader
0    1a910 PickTeam
0    1a94a ClientCleanName
0    1aa3f SetupGameGhoul2Model
0    1abee ClientUserinfoChanged
0    1aeca ClientConnect
0    1b02d ClientBegin
0    1b2f2 ClientSpawn
0    1b7fe ClientDisconnect
0    1b98b DeathmatchScoreboardMessage
0    1bac4 Cmd_Score_f
0    1bacd CheatsOk
0    1bb21 ConcatArgs
0    1bb8c SanitizeString
0    1bbde ClientNumberFromString
0    1bcaa Cmd_Give_f
0    1bf56 Cmd_God_f
0    1bf9b Cmd_Notarget_f
0    1bfe0 Cmd_Noclip_f
0    1c033 Cmd_LevelShot_f
0    1c064 Cmd_TeamTask_f
0    1c0bb Cmd_Kill_f
0    1c139 Cmd_Info_Boot
0    1c16d Cmd_ToggleMouseMovementBlock_Boot
0    1c196 G_GetDuelWinner
0    1c1db BroadcastTeamChange
0    1c2b1 SetTeam
0    1c52a StopFollowing
0    1c582 Cmd_Team_f
0    1c692 Cmd_ForceChanged_f
0    1c6fa Cmd_Follow_f
0    1c794 Cmd_FollowCycle_f
0    1c839 G_SayTo
0    1c8ca G_Say
0    1ca2c Cmd_Say_f
0    1ca65 Cmd_Tell_f
0    1cb0f G_VoiceTo
0    1cb85 G_Voice
0    1cbe9 Cmd_Voice_f
0    1cc25 Cmd_VoiceTell_f
0    1ccd5 Cmd_VoiceTaunt_f
0    1ce94 Cmd_GameCommand_f
0    1cf09 Cmd_Where_f
0    1cf2b Cmd_CallVote_f
0    1d272 Cmd_Vote_f
0    1d370 Cmd_CallTeamVote_f
0    1d6de Cmd_TeamVote_f
0    1d815 Cmd_SetViewpos_f
0    1d8ad Cmd_Stats_f
0    1d8b0 G_ItemUsable
0    1dae5 Cmd_ToggleSaber_f
0    1db89 Cmd_SaberAttackCycle_f
0    1dbc8 G_OtherPlayersDueling
0    1dc0f Cmd_EngageDuel_f
0    1df1d ClientCommand
0    1e482 ObjectDie
0    1e49b G_GetHitLocation
0    1e6f1 ExplodeDeath
0    1e783 ScorePlum
0    1e7b8 AddScore
0    1e7fa TossClientWeapon
0    1e996 TossClientItems
0    1ea9e LookAtKiller
0    1eb70 GibEntity
0    1eb90 BodyRid
0    1eb9f body_die
0    1ec48 CheckAlmostCapture
0    1ec4b G_PickDeathAnim
0    1eec9 G_GetJediMaster
0    1ef11 player_die
0    1f619 CheckArmor
0    1f69d G_ApplyKnockback
0    1f834 RaySphereIntersections
0    1f9de LimbTouch
0    1f9e1 LimbThink
0    1fa57 G_GetDismemberBolt
0    1fbc0 G_Dismember
0    1fdb7 G_GetHitQuad
0    1fe7b G_CheckForDismemberment
0    1ff0d G_ThereIsAMaster
0    1ff48 G_Damage
0    20888 CanDamage
0    209b3 G_RadiusDamage
0    20b30 adjustRespawnTime
0    20b91 ShieldRemove
0    20bb4 ShieldThink
0    20be1 ShieldDie
0    20bf5 ShieldPain
0    20c18 ShieldGoSolid
0    20cb9 ShieldGoNotSolid
0    20cfc ShieldTouch
0    20d58 CreateShield
0    20fc3 PlaceShield
0    2118e ItemUse_Binoculars
0    21203 ItemUse_Shield
0    2120c SentryTouch
0    2120f pas_fire
0    2128b G_SetEnemy
0    2129e pas_find_enemies
0    2143b pas_adjust_enemy
0    2150a sentryExpire
0    21521 pas_think
0    21916 turret_die
0    219be SP_PAS
0    21a49 ItemUse_Sentry
0    21c10 ItemUse_Seeker
0    21c3e ItemUse_MedPack
0    21cc6 Pickup_Powerup
0    21e4e Pickup_Holdable
0    21ea8 Add_Ammo
0    21efe Pickup_Ammo
0    21f49 Pickup_Weapon
0    22046 Pickup_Health
0    220e6 Pickup_Armor
0    22152 RespawnItem
0    22233 Touch_Item
0    225ba LaunchItem
0    22723 Drop_Item
0    22786 Use_Item
0    2278f FinishSpawningItem
0    22a35 G_CheckTeamItems
0    22a8b ClearRegisteredItems
0    22abb RegisterItem
0    22ad3 SaveRegisteredItems
0    22b1b G_ItemDisabled
0    22b34 G_SpawnItem
0    22b96 G_BounceItem
0    22d8b G_RunItem
0    22e59 G_LogWeaponInit
0    22eb6 G_LogWeaponPickup
0    22ed6 G_LogWeaponFire
0    22f3c G_LogWeaponDamage
0    22f63 G_LogWeaponKill
0    22f89 G_LogWeaponFrag
0    22fb8 G_LogWeaponDeath
0    22fde G_LogWeaponPowerup
0    23004 G_LogWeaponItem
0    2302a G_LogWeaponOutput
0    23ec2 CalculateEfficiency
0    23f50 CalculateSharpshooter
0    23fda CalculateUntouchable
0    24025 CalculateLogistics
0    240fe CalculateTactician
0    24274 CalculateDemolitionist
0    24353 CalculateStreak
0    24358 CalculateTeamMVP
0    243ce CalculateTeamMVPByRank
0    2445c CalculateTeamDefender
0    244d2 CalculateTeamWarrior
0    24548 CalculateTeamCarrier
0    245be CalculateTeamInterceptor
0    24641 CalculateTeamRedShirt
0    246c4 CalculateTeamAward
0    2473f CalculateSection31Award
0    2479b CalculateAwards
0    2493c GetMaxDeathsForClient
0    24982 GetMaxKillsForClient
0    249c8 GetFavoriteTargetForClient
0    24a15 GetWorstEnemyForClient
0    24a78 GetFavoriteWeaponForClient
0    24b00 G_ClearClientLog
0    24c1a G_Alloc
0    24c65 G_InitMemory
0    24c6b Svcmd_GameMem_f
0    24c78 SP_info_camp
0    24c8a SP_info_null
0    24c93 SP_info_notnull
0    24ca5 SP_light
0    24cae TeleportPlayer
0    24dd9 SP_misc_teleporter_dest
0    24ddc SP_misc_model
0    24de5 SP_misc_G2model
0    24dee locateCamera
0    24ecd SP_misc_portal_surface
0    24f3f SP_misc_portal_camera
0    24f95 HolocronRespawn
0    24fa8 HolocronPopOut
0    25021 HolocronTouch
0    25195 HolocronThink
0    25442 SP_misc_holocron
0    255ec Use_Shooter
0    256e6 InitShooter_Finish
0    2570a InitShooter
0    25778 SP_shooter_blaster
0    25783 check_recharge
0    257c2 EnergyShieldStationSettings
0    257f7 shield_power_converter_use
0    258fb SP_misc_shield_floor_unit
0    25a67 SP_misc_model_shield_power_converter
0    25b2d EnergyAmmoStationSettings
0    25b49 ammo_power_converter_use
0    25c4b SP_misc_model_ammo_power_converter
0    25d04 EnergyHealthStationSettings
0    25d20 health_power_converter_use
0    25dc9 SP_misc_model_health_power_converter
0    25e82 DmgBoxHit
0    25e85 DmgBoxUpdateSelf
0    25f1c DmgBoxAbsorb_Die
0    25f25 DmgBoxAbsorb_Pain
0    25f2e CreateNewDamageBox
0    25fab ATST_ManageDamageBoxes
0    2617b G_PlayerBecomeATST
0    261f2 fx_runner_think
0    26240 fx_runner_use
0    26289 fx_runner_link
0    2637c SP_fx_runner
0    2648b G_ReflectMissile
0    26721 G_DeflectMissile
0    2684c G_BounceMissile
0    26a34 G_ExplodeMissile
0    26b02 G_RunStuckMissile
0    26b83 G_BounceProjectile
0    26c42 CreateMissile
0    26d25 G_MissileImpact
0    2729e G_RunMissile
0    274bf G_TestEntityPosition
0    27546 G_CreateRotationMatrix
0    27568 G_TransposeMatrix
0    275a9 G_RotatePoint
0    27615 G_TryPushingEntity
0    27907 G_MoverPush
0    27c54 G_MoverTeam
0    27d87 G_RunMover
0    27db8 SetMoverState
0    27ef7 MatchTeam
0    27f17 ReturnToPos1
0    27f4c Reached_BinaryMover
0    28055 Use_BinaryMover
0    2819a InitMover
0    2832a Blocked_Door
0    2847d Touch_DoorTriggerSpectator
0    28556 Touch_DoorTrigger
0    285a8 Think_SpawnNewDoorTrigger
0    286aa Think_MatchTeam
0    286c0 SP_func_door
0    288de Touch_Plat
0    28962 Touch_PlatCenterTrigger
0    289a3 SpawnPlatTrigger
0    28a91 SP_func_plat
0    28c04 Touch_Button
0    28c27 SP_func_button
0    28d94 Think_BeginMoving
0    28da4 Reached_Train
0    28e89 Think_SetupTrainTargets
0    28f40 SP_path_corner
0    28f61 SP_func_train
0    28ff6 SP_func_static
0    29029 SP_func_rotating
0    290cf SP_func_bobbing
0    29181 SP_func_pendulum
0    2923a BreakableBrushDie
0    2933a BreakableBrushPain
0    2933d BrushThink
0    29360 BreakableBrushUse
0    2938a SP_func_breakable
0    294fd GlassDie
0    29597 GlassDie_Old
0    29608 GlassPain
0    2960b GlassUse
0    29700 SP_func_glass
0    2978d func_wait_return_solid
0    2981d func_usable_think
0    29843 func_usable_use
0    29910 func_usable_pain
0    2992b func_usable_die
0    29948 SP_func_usable
0    299f1 pitch_roll_for_slope
0    29b7f G_BounceObject
0    29cbe G_RunObject
0    29f4e G_StopObjectMoving
0    29f8d G_StartObjectMoving
0    29fec InitSagaMode
0    2a0c8 UseSagaTarget
0    2a13f SagaBroadcast_OBJECTIVECOMPLETE
0    2a180 SagaBroadcast_ROUNDOVER
0    2a1ba BroadcastObjectiveCompletion
0    2a201 AddSagaWinningTeamPoints
0    2a25e SagaRoundComplete
0    2a2b8 SagaObjectiveCompleted
0    2a31a StripTabs
0    2a35a sagaTriggerUse
0    2a460 SP_info_saga_objective
0    2a4b3 G_WriteClientSessionData
0    2a51b G_ReadSessionData
0    2a59f G_InitSessionData
0    2a67c G_InitWorldSession
0    2a69f G_WriteSessionData
0    2a6da G_SpawnString
0    2a71e G_SpawnFloat
0    2a740 G_SpawnInt
0    2a762 G_SpawnVector
0    2a791 SP_item_botroam
0    2a794 G_CallSpawn
0    2a813 G_NewString
0    2a897 G_ParseField
0    2a97f G_SpawnGEntityFromSpawnVars
0    2aa6a G_AddSpawnVarToken
0    2aaab G_ParseSpawnVars
0    2ab3b SP_worldspawn
0    2ad48 G_SpawnEntitiesFromString
0    2ad71 StringToFilter
0    2ae24 UpdateIPBans
0    2ae7c G_FilterPacket
0    2af2f AddIP
0    2af85 G_ProcessIPBans
0    2afdb Svcmd_AddIP_f
0    2affb Svcmd_RemoveIP_f
0    2b063 Svcmd_EntityList_f
0    2b11d ClientForString
0    2b1b4 Svcmd_ForceTeam_f
0    2b1ea ConsoleCommand
0    2b2da Use_Target_Give
0    2b334 SP_target_give
0    2b33d Use_target_remove_powerups
0    2b389 SP_target_remove_powerups
0    2b392 Think_Target_Delay
0    2b3a5 Use_Target_Delay
0    2b3f7 SP_target_delay
0    2b42a Use_Target_Score
0    2b442 SP_target_score
0    2b458 Use_Target_Print
0    2b4df SP_target_print
0    2b4e8 Use_Target_Speaker
0    2b567 SP_target_speaker
0    2b649 target_laser_think
0    2b7a5 target_laser_on
0    2b7c0 target_laser_off
0    2b7cf target_laser_use
0    2b7ee target_laser_start
0    2b87f SP_target_laser
0    2b891 target_teleporter_use
0    2b8c6 SP_target_teleporter
0    2b8ed target_relay_use
0    2b97e SP_target_relay
0    2b987 target_kill_use
0    2b9a8 SP_target_kill
0    2b9b1 SP_target_position
0    2b9c3 target_location_linkup
0    2ba33 SP_target_location
0    2ba54 Team_InitGame
0    2ba87 OtherTeam
0    2ba9d TeamName
0    2baba OtherTeamName
0    2bad7 TeamColorString
0    2baf4 PrintCTFMessage
0    2bb4c AddTeamScore
0    2bbd7 OnSameTeam
0    2bc1f Team_SetFlagStatus
0    2bc83 Team_CheckDroppedItem
0    2bcbd Team_ForceGesture
0    2bd02 Team_FragBonuses
0    2c261 Team_CheckHurtCarrier
0    2c2f7 Team_ResetFlag
0    2c361 Team_ResetFlags
0    2c376 Team_ReturnFlagSound
0    2c3b3 Team_TakeFlagSound
0    2c422 Team_CaptureFlagSound
0    2c45f Team_ReturnFlag
0    2c482 Team_FreeEntity
0    2c4b6 Team_DroppedFlagThink
0    2c4f7 Team_TouchOurFlag
0    2c74f Team_TouchEnemyFlag
0    2c79f Pickup_Team
0    2c816 Team_GetLocation
0    2c890 Team_GetLocationMsg
0    2c8f7 SelectRandomTeamSpawnPoint
0    2c9a5 SelectCTFSpawnPoint
0    2c9ea SelectSagaSpawnPoint
0    2ca2f SortClients
0    2ca3a TeamplayInfoMessage
0    2cb98 CheckTeamStatus
0    2cc4d SP_team_CTF_redplayer
0    2cc50 SP_team_CTF_blueplayer
0    2cc53 SP_team_CTF_redspawn
0    2cc56 SP_team_CTF_bluespawn
0    2cc59 InitTrigger
0    2cc98 multi_wait
0    2cca1 multi_trigger
0    2ce5c Use_Multi
0    2ce68 Touch_Multi
0    2ce7d SP_trigger_multiple
0    2cf00 trigger_always_think
0    2cf16 SP_trigger_always
0    2cf28 trigger_push_touch
0    2cf40 AimAtTarget
0    2d045 SP_trigger_push
0    2d082 Use_target_push
0    2d0cd SP_target_push
0    2d184 trigger_teleporter_touch
0    2d1df SP_trigger_teleport
0    2d226 hurt_use
0    2d268 hurt_touch
0    2d407 SP_trigger_hurt
0    2d46d func_timer_think
0    2d4ab func_timer_use
0    2d4ca SP_func_timer
0    2d544 AddRemap
0    2d5b3 BuildShaderStateConfig
0    2d5f9 G_FindConfigstringIndex
0    2d665 G_SkinIndex
0    2d678 G_ModelIndex
0    2d68b G_SoundIndex
0    2d69e G_EffectIndex
0    2d6b1 G_TeamCommand
0    2d6ef G_Find
0    2d73e G_RadiusList
0    2d85e G_PickTarget
0    2d8c4 G_UseTargets
0    2d963 tv
0    2d991 vtos
0    2d9cd G_SetMovedir
0    2da22 G_InitGentity
0    2da4a G_Spawn
0    2daf8 G_EntitiesFree
0    2db23 G_SendG2KillQueue
0    2db67 G_KillG2Queue
0    2db95 G_FreeEntity
0    2dc40 G_TempEntity
0    2dc8e GetTrackerEnt
0    2dcc4 G_SoundTempEntity
0    2dd18 G_KillBox
0    2dde4 G_AddPredictableEvent
0    2ddff G_AddEvent
0    2de78 G_PlayEffect
0    2dea0 G_ScreenShake
0    2def0 G_MuteSound
0    2df34 G_Sound
0    2e007 G_SoundAtLoc
0    2e01e G_EntitySound
0    2e046 ValidUseTarget
0    2e063 TryUse
0    2e0ff G_PointInBounds
0    2e13f G_BoxInBounds
0    2e1f2 G_SetAngles
0    2e20a G_ClearTrace
0    2e23b G_SetOrigin
0    2e27a DebugLine
0    2e37d G_ROFF_NotetrackCallback
0    2e430 touch_NULL
0    2e433 W_TraceSetStart
0    2e4f5 WP_FireBryarPistol
0    2e5cb WP_FireTurretMissile
0    2e622 WP_FireGenericBlasterMissile
0    2e66b WP_FireBlasterMissile
0    2e6b9 WP_FireEmplacedMissile
0    2e71c WP_FireBlaster
0    2e773 WP_DisruptorMainFire
0    2e9a0 WP_DisruptorAltFire
0    2ed4c WP_FireDisruptor
0    2ed83 WP_BowcasterAltFire
0    2ee0d WP_BowcasterMainFire
0    2ef52 WP_FireBowcaster
0    2ef67 WP_RepeaterMainFire
0    2efae WP_RepeaterAltFire
0    2f050 WP_FireRepeater
0    2f0aa WP_DEMP2_MainFire
0    2f126 DEMP2_AltRadiusDamage
0    2f36a DEMP2_AltDetonate
0    2f3eb WP_DEMP2_AltFire
0    2f4e4 WP_FireDEMP2
0    2f4f9 WP_FlechetteMainFire
0    2f5de prox_mine_think
0    2f66c WP_TraceSetStart
0    2f724 WP_ExplosiveDie
0    2f72d WP_flechette_alt_blow
0    2f748 WP_CreateFlechetteBouncyThing
0    2f819 WP_FlechetteAltFire
0    2f890 WP_FireFlechette
0    2f8a5 rocketThink
0    2fb26 WP_FireRocket
0    2fc86 thermalDetonatorExplode
0    2fd64 thermalThinkStandard
0    2fd8b WP_FireThermalDetonator
0    2ff1d WP_DropThermal
0    2ff3d laserTrapExplode
0    2ffc7 laserTrapDelayedExplode
0    3000f touchLaserTrap
0    30076 laserTrapThink
0    3013d laserTrapStick
0    30250 TrapThink
0    30262 CreateLaserTrap
0    30403 WP_PlaceLaserTrap
0    30537 VectorNPos
0    3059e charge_stick
0    307fb DetPackBlow
0    30864 DetPackPain
0    30885 DetPackDie
0    308a6 drop_charge
0    30a49 BlowDetpacks
0    30ab8 CheatsOn
0    30ac5 WP_DropDetPack
0    30c07 WP_FireStunBaton
0    30d6c SnapVectorTowards
0    30db5 LogAccuracyHit
0    30e04 CalcMuzzlePoint
0    30f39 CalcMuzzlePointOrigin
0    30fc3 FireWeapon
0    31156 WP_FireEmplaced
0    3125a emplaced_gun_use
0    31453 emplaced_gun_realuse
0    31461 emplaced_gun_pain
0    3146b emplaced_gun_update
0    3174f emplaced_gun_die
0    31770 SP_emplaced_gun
0    318ee G_PreDefSound
0    3190c InFront
0    31986 WP_InitForcePowers
0    31e5f WP_SpawnInitForcePowers
0    3209c ForcePowerUsableOn
0    32164 WP_ForcePowerAvailable
0    321b6 WP_ForcePowerInUse
0    321ce WP_ForcePowerUsable
0    322a7 WP_AbsorbConversion
0    3234a WP_ForcePowerRegenerate
0    323a2 WP_ForcePowerStart
0    326b7 ForceHeal
0    327d8 WP_AddToClientBitflags
0    3283d ForceTeamHeal
0    32a7f ForceTeamForceReplenish
0    32c5d ForceGrip
0    32d9e ForceSpeed
0    32e20 ForceSeeing
0    32e8f ForceProtect
0    32f22 ForceAbsorb
0    32fb5 ForceRage
0    33062 ForceLightning
0    330e0 ForceLightningDamage
0    331ef ForceShootLightning
0    334df ForceDrain
0    3355d ForceDrainDamage
0    3373e ForceShootDrain
0    33a81 ForceJumpCharge
0    33bbb WP_GetVelocityForForceJump
0    33d6f ForceJump
0    33e40 WP_AddAsMindtricked
0    33ea5 ForceTelepathy
0    342e1 GEntity_UseFunc
0    342f8 CanCounterThrow
0    34362 ForceThrow
0    35043 WP_ForcePowerStop
0    35284 DoGripAction
0    35829 G_IsMindTricked
0    35890 RemoveTrickedEnt
0    358f9 WP_UpdateMindtrickEnts
0    35a43 WP_ForcePowerRun
0    35d9a WP_DoSpecificPower
0    35faf FindGenericEnemyIndex
0    360e6 SeekerDroneUpdate
0    364c8 HolocronUpdate
0    3665f JediMasterUpdate
0    3675d WP_ForcePowersUpdate
0    370f6 Jedi_DodgeEvasion
0    3725d RandFloat
0    37277 SaberUpdateSelf
0    3736c SaberGotHit
0    3738a WP_SaberInitBladeData
0    37443 G_G2ClientSpineAngles
0    376ce G_G2PlayerAngles
0    37a23 SaberAttacking
0    37a3d WP_SabersCheckLock2
0    37de2 WP_SabersCheckLock
0    384d8 CheckSaberDamage
0    38bc4 CheckThrownSaberDamaged
0    39023 saberCheckRadiusDamage
0    3908e saberMoveBack
0    390c4 SaberBounceSound
0    390da DeadSaberThink
0    390fb MakeDeadSaber
0    39249 saberBackToOwner
0    394c6 thrownSaberTouch
0    3959b saberFirstThrown
0    398aa WP_SaberPositionUpdate
0    3a1ed WP_MissileBlockForBlock
0    3a21b WP_SaberBlockNonRandom
0    3a327 WP_SaberBlock
0    3a486 WP_SaberCanBlock
0    3a5c6 Boot_BlockMatchesAttack
0    3a627 HasSetSaberOnly
0    3a66e Q_rand
0    3a683 Q_random
0    3a695 Q_crandom
0    3a6a6 VectorCompare
0    3a6de VectorLength
0    3a711 VectorLengthSquared
0    3a73d Distance
0    3a77e DistanceSquared
0    3a7cc VectorNormalizeFast
0    3a82b VectorInverse
0    3a853 CrossProduct
0    3a8cc ClampChar
0    3a8e3 ClampShort
0    3a8fa DirToByte
0    3a955 ByteToDir
0    3a973 ColorBytes3
0    3a9e2 ColorBytes4
0    3aa74 NormalizeColor
0    3aaea PlaneFromPoints
0    3aba8 RotatePointAroundVector
0    3acb3 RotateAroundDirection
0    3acf7 vectoangles
0    3adb3 AnglesToAxis
0    3ade8 AxisClear
0    3ae1f AxisCopy
0    3ae43 ProjectPointOnPlane
0    3aefe MakeNormalVectors
0    3afa9 VectorRotate
0    3b046 Q_rsqrt
0    3b07d Q_fabs
0    3b08d LerpAngle
0    3b0be AngleSubtract
0    3b0e3 AnglesSubtract
0    3b131 AngleMod
0    3b143 AngleNormalize360
0    3b151 AngleNormalize180
0    3b16c AngleDelta
0    3b17c SetPlaneSignbits
0    3b1a9 BoxOnPlaneSide
0    3b56a RadiusFromBounds
0    3b5bd ClearBounds
0    3b5f4 AddPointToBounds
0    3b68d VectorNormalize
0    3b6fd VectorNormalize2
0    3b78b _VectorMA
0    3b7cd _DotProduct
0    3b802 _VectorSubtract
0    3b83b _VectorAdd
0    3b874 _VectorCopy
0    3b89b _VectorScale
0    3b8cb Vector4Scale
0    3b90d Q_log2
0    3b92c MatrixMultiply
0    3bb01 AngleVectors
0    3bbf9 PerpendicularVector
0    3bc65 Rand_Init
0    3bc6c flrand
0    3bca7 irand
0    3bcd9 powf
0    3bcfc GetIDForString
0    3bd41 GetStringForID
0    3bd7d Com_Clamp
0    3bd97 COM_SkipPath
0    3bdbb COM_StripExtension
0    3bdf1 COM_DefaultExtension
0    3be39 ShortSwap
0    3be59 ShortNoSwap
0    3be64 LongSwap
0    3be97 LongNoSwap
0    3be9d Long64Swap
0    3beda Long64NoSwap
0    3bee2 FloatSwap
0    3bef8 FloatNoSwap
0    3beff COM_BeginParseSession
0    3bf11 COM_GetCurrentParseLine
0    3bf17 COM_Parse
0    3bf26 COM_ParseError
0    3bf46 COM_ParseWarning
0    3bf66 SkipWhitespace
0    3bf9d COM_Compress
0    3c0f0 COM_ParseExt
0    3c23c COM_MatchToken
0    3c265 SkipBracedSection
0    3c2a3 SkipRestOfLine
0    3c2db Parse1DMatrix
0    3c31a Parse2DMatrix
0    3c355 Parse3DMatrix
0    3c39a Q_isprint
0    3c3af Q_islower
0    3c3c4 Q_isupper
0    3c3d9 Q_isalpha
0    3c3fa Q_strrchr
0    3c42e Q_strncpyz
0    3c469 Q_stricmpn
0    3c4f4 Q_strncmp
0    3c546 Q_stricmp
0    3c56e Q_strlwr
0    3c594 Q_strupr
0    3c5ba Q_strcat
0    3c5e6 Q_PrintStrlen
0    3c636 Q_CleanStr
0    3c69c Com_sprintf
0    3c6db va
0    3c708 Info_ValueForKey
0    3c7e8 Info_NextPair
0    3c886 Info_RemoveKey
0    3c956 Info_RemoveKey_Big
0    3ca26 Info_Validate
0    3ca4d Info_SetValueForKey
0    3cb1d Info_SetValueForKey_Big
0    3cbe5 Q_irand
1        4 gDuelExit
1        8 gDuelist1
1        c gDuelist2
1       10 gameCvarTable
1      860 gameCvarTableSize
1      894 gDidDuelStuff
1      89c g_LastFrameTime
1      8a0 g_TimeSinceLastFrame
1      8a4 ctfStateNames
1      8c0 ctfStateDescriptions
1      8d8 sagaStateDescriptions
1      8e4 teamplayStateDescriptions
1      9ac gWPRenderTime
1      9b0 gDeactivated
1      9b4 gBotEdit
1      9b8 gWPRenderedFrame
1      9bc gWPNum
1      9c0 gLastPrintedIndex
1      9c4 gLevelFlags
1      9c8 botGlobalNavWeaponWeights
1      a08 randSeed
1      a7c forceMasteryLevels
1      a9c forceMasteryPoints
1      abc bgForcePowerCost
1      bdc forcePowerSorted
1      c24 forcePowerDarkLight
1      c6c WeaponReadyAnim
1      cac WeaponAttackAnim
1      cec bg_itemlist
1     15a8 bg_numItems
1     1600 eventnames
1     17d8 bg_poolSize
1     17dc bg_poolTail
1     17e0 gPMDoSlowFall
1     17e4 pm_stopspeed
1     17e8 pm_duckScale
1     17ec pm_swimScale
1     17f0 pm_wadeScale
1     17f4 pm_accelerate
1     17f8 pm_airaccelerate
1     17fc pm_wateraccelerate
1     1800 pm_flyaccelerate
1     1804 pm_friction
1     1808 pm_waterfriction
1     180c pm_flightfriction
1     1810 pm_spectatorfriction
1     1814 c_pmove
1     1818 forceSpeedLevels
1     1828 forcePowerNeeded
1     1948 forceJumpHeight
1     1958 forceJumpStrength
1     19fc animTable
1     4024 BGPAFtextLoaded
1     4028 WP_MuzzlePoint
1     40e8 weaponData
1     4468 ammoData
1     4490 saberMoveData
1     5700 transitionMove
1     5a44 playerMins
1     5a50 playerMaxs
1     5a5c gJMSaberEnt
1     5a60 g2SaberInstance
1     5a80 gc_orders
1     5a9c gameNames
1     5ad8 modNames
1     5d28 shieldLoopSound
1     5d2c shieldAttachSound
1     5d30 shieldActivateSound
1     5d34 shieldDeactivateSound
1     5d38 shieldDamageSound
1     5d78 weaponFromMOD
1     5e10 weaponNameFromIndex
1     5e80 fields
1     6000 spawns
1     623c defaultStyles
1     63bc precachedKyle
1     63f8 remapCount
1     642c gG2KillNum
1     848c speedLoopSound
1     8490 rageLoopSound
1     8494 protectLoopSound
1     8498 absorbLoopSound
1     849c seeLoopSound
1     84a0 ysalamiriLoopSound
1     84a4 forcePowerMinRank
1     873c saberSpinSound
1     8740 saberOffSound
1     8744 saberOnSound
1     8748 saberHumSound
1     87d0 vec3_origin
1     87dc axisDefault
1     8800 colorBlack
1     8810 colorRed
1     8820 colorGreen
1     8830 colorBlue
1     8840 colorYellow
1     8850 colorMagenta
1     8860 colorCyan
1     8870 colorWhite
1     8880 colorLtGrey
1     8890 colorMdGrey
1     88a0 colorDkGrey
1     88b0 colorLtBlue
1     88c0 colorDkBlue
1     88d0 g_color_table
1     8950 bytedirs
1     9108 holdrand
2     ae88 ctfFlagStatusRemap
2   3c3e8c _stackStart
2   3d3e8c _stackEnd
3        0 g_listEntity
3      110 g_podiumDrop
3      220 g_podiumDist
3      330 g_statLogFile
3      440 g_statLog
3      550 g_logSync
3      660 g_log
3      770 g_MaxHolocronCarry
3      880 g_clients
3     e400 boot_noFlips
3     e510 boot_screenShakeOnHeadChop
3     e620 boot_trainingMode
3     e730 boot_feintTimer
3     e840 g_timeouttospec
3     e950 g_forceDodge
3     ea60 g_dismember
3     eb70 g_singlePlayer
3     ec80 g_enableBreath
3     ed90 g_enableDust
3     eea0 g_rankings
3     efb0 pmove_msec
3     f0c0 pmove_fixed
3     f1d0 g_smoothClients
3     f2e0 g_blueteam
3     f3f0 g_redteam
3     f500 g_debugUp
3     f610 g_debugRight
3     f720 g_debugForward
3     f830 g_filterBan
3     f940 g_banIPs
3     fa50 g_teamForceBalance
3     fb60 g_teamAutoJoin
3     fc70 g_allowVote
3     fd80 g_blood
3     fe90 g_doWarmup
3     ffa0 g_warmup
3    100b0 g_motd
3    101c0 g_synchronousClients
3    102d0 g_adaptRespawn
3    103e0 g_weaponTeamRespawn
3    104f0 g_weaponRespawn
3    10600 g_debugDamage
3    10710 g_debugAlloc
3    10820 g_debugMove
3    10930 g_inactivity
3    10a40 g_forcerespawn
3    10b50 g_quadfactor
3    10c60 g_knockback
3    10d70 g_speed
3    10e80 g_gravity
3    10f90 g_needpass
3    110a0 g_password
3    111b0 g_friendlySaber
3    112c0 g_friendlyFire
3    113d0 g_saberInterpolate
3    114e0 g_capturelimit
3    115f0 g_timelimit
3    11700 g_duel_fraglimit
3    11810 g_fraglimit
3    11920 g_duelWeaponDisable
3    11a30 g_weaponDisable
3    11b40 g_forcePowerDisable
3    11c50 g_spawnInvulnerability
3    11d60 g_forceRegenTime
3    11e70 g_saberLocking
3    11f80 g_privateDuel
3    12090 g_forceBasedTeams
3    121a0 g_maxForceRank
3    122b0 g_dmflags
3    123c0 g_autoMapCycle
3    124d0 g_restarted
3    125e0 g_maxGameClients
3    126f0 g_maxclients
3    12800 g_cheats
3    12910 g_dedicated
3    12a20 g_gametype
3    12b30 g_entities
3    e1b30 level
3    e3eb8 g_ff_objectives
3    e3fc8 bootSession
3    e47d4 droppedBlueFlag
3    e47d8 droppedRedFlag
3    e47dc gBotEventTracker
3    e49dc regularupdate_time
3    e49e0 numbots
3    e49e4 botstates
3    e4a64 floattime
3    e4a68 eFlagBlue
3    e4a6c eFlagRed
3    e4a70 oFlagBlue
3    e4a74 flagBlue
3    e4a78 oFlagRed
3    e4a7c flagRed
3    e4a80 bot_wp_visconnect
3    e4b90 bot_wp_distconnect
3    e4ca0 bot_wp_clearweight
3    e4db0 bot_wp_edit
3    e4ec0 bot_wp_info
3    e4fd0 bot_camp
3    e50e0 bot_attachments
3    e51f0 bot_forgimmick
3    e5300 bot_forcepowers
3    e5410 gBotChatBuffer
3   125410 nodenum
3   125414 nodetable
3   145414 gWPArray
3   149414 bg_pool
3   33d414 pml
3   33d8a0 pm
3   33d8a4 BGPAFtext
3   3474e4 bgGlobalAnimations
3   34ec1c podium3
3   34ec20 podium2
3   34ec24 podium1
3   34ec2c bot_minplayers
3   34ed3c botSpawnQueue
3   34edbc g_arenaInfos
3   34fdbc g_numArenas
3   34fdc0 g_botInfos
3   350dc0 g_numBots
3   350dc4 Client_Force
3   354ccc itemRegistered
3   3550cc G_WeaponLogItems
3   3558cc G_WeaponLogPowerups
3   355c4c G_WeaponLogClientTouch
3   355ccc G_WeaponLogLastTime
3   355d4c G_WeaponLogTime
3   35654c G_WeaponLogFrags
3   35754c G_WeaponLogDeaths
3   357d4c G_WeaponLogKills
3   35904c G_WeaponLogDamage
3   35a34c G_WeaponLogFired
3   35ab4c G_WeaponLogPickups
3   35b34c allocPoint
3   35b350 memoryPool
3   39b350 gExplSound
3   39b354 pushed_p
3   39b358 pushed
3   3a3358 imperial_attackers
3   3a335c rebel_attackers
3   3a3360 rebel_goals_completed
3   3a3364 rebel_goals_required
3   3a3368 imperial_goals_completed
3   3a336c imperial_goals_required
3   3a3370 saga_round_over
3   3a3374 saga_valid
3   3a3378 saga_info
3   3a5378 numIPFilters
3   3a537c ipFilters
3   3a737c teamgame
3   3a7398 gTrigFallSound
3   3a893c gG2KillIndex
3   3a8a3c remappedShaders
3   3acc3c ent_list
3   3adc3c muzzle
3   3adc48 up
3   3adc54 right
3   3adc60 forward
3   3adc6c s_quadFactor
3   3c3688 com_lines
3   3c368c com_parsename
3   3c3a8c com_token
