0 fffffda8 trap_G2API_CleanGhoul2Models
0 fffffda9 trap_G2API_RemoveGhoul2Model
0 fffffdaa trap_G2API_HasGhoul2ModelOnIndex
0 fffffdab trap_G2API_DuplicateGhoul2Instance
0 fffffdac trap_G2API_CopySpecificGhoul2Model
0 fffffdad trap_G2API_CopyGhoul2Instance
0 fffffdae trap_G2API_GetGLAName
0 fffffdaf trap_G2API_SetBoneAnim
0 fffffdb0 trap_G2API_SetBoneAngles
0 fffffdb1 trap_G2API_SetBoltInfo
0 fffffdb2 trap_G2API_AddBolt
0 fffffdb3 trap_G2API_InitGhoul2Model
0 fffffdb4 trap_G2API_GetBoltMatrix_NoReconstruct
0 fffffdb5 trap_G2API_GetBoltMatrix
0 fffffdb6 trap_G2_SetGhoul2ModelIndexes
0 fffffdb7 trap_G2_HaveWeGhoul2Models
0 fffffdb8 trap_G2_ListModelSurfaces
0 fffffdb9 trap_G2_ListModelBones
0 fffffdba trap_PC_SourceFileAndLine
0 fffffdbb trap_PC_ReadToken
0 fffffdbc trap_PC_FreeSource
0 fffffdbd trap_PC_LoadSource
0 fffffdbe trap_AAS_PointReachabilityAreaIndex
0 fffffdbf trap_AAS_PredictRoute
0 fffffdc0 trap_AAS_AlternativeRouteGoals
0 fffffdc1 trap_BotAddAvoidSpot
0 fffffdc2 trap_BotSetAvoidGoalTime
0 fffffdc3 trap_BotPredictVisiblePosition
0 fffffdc4 trap_BotRemoveFromAvoidGoals
0 fffffdc5 trap_BotGetChatMessage
0 fffffdc6 trap_BotNumInitialChats
0 fffffdc7 trap_BotGetMapLocationGoal
0 fffffdc8 trap_BotGetNextCampSpotGoal
0 fffffdc9 trap_BotMutateGoalFuzzyLogic
0 fffffdca trap_BotInterbreedGoalFuzzyLogic
0 fffffdcb trap_GeneticParentsAndChildSelection
0 fffffdcc trap_BotResetWeaponState
0 fffffdcd trap_BotFreeWeaponState
0 fffffdce trap_BotAllocWeaponState
0 fffffdcf trap_BotLoadWeaponWeights
0 fffffdd0 trap_BotGetWeaponInfo
0 fffffdd1 trap_BotChooseBestFightWeapon
0 fffffdd2 trap_BotInitMoveState
0 fffffdd3 trap_BotFreeMoveState
0 fffffdd4 trap_BotAllocMoveState
0 fffffdd5 trap_BotMovementViewTarget
0 fffffdd6 trap_BotReachabilityArea
0 fffffdd7 trap_BotResetLastAvoidReach
0 fffffdd8 trap_BotResetAvoidReach
0 fffffdd9 trap_BotMoveInDirection
0 fffffdda trap_BotMoveToGoal
0 fffffddb trap_BotResetMoveState
0 fffffddc trap_BotFreeGoalState
0 fffffddd trap_BotAllocGoalState
0 fffffdde trap_BotSaveGoalFuzzyLogic
0 fffffddf trap_BotFreeItemWeights
0 fffffde0 trap_BotLoadItemWeights
0 fffffde1 trap_BotUpdateEntityItems
0 fffffde2 trap_BotInitLevelItems
0 fffffde3 trap_BotAvoidGoalTime
0 fffffde4 trap_BotGetLevelItemGoal
0 fffffde5 trap_BotItemGoalInVisButNotVisible
0 fffffde6 trap_BotTouchingGoal
0 fffffde7 trap_BotChooseNBGItem
0 fffffde8 trap_BotChooseLTGItem
0 fffffde9 trap_BotGetSecondGoal
0 fffffdea trap_BotGetTopGoal
0 fffffdeb trap_BotGoalName
0 fffffdec trap_BotDumpGoalStack
0 fffffded trap_BotDumpAvoidGoals
0 fffffdee trap_BotEmptyGoalStack
0 fffffdef trap_BotPopGoal
0 fffffdf0 trap_BotPushGoal
0 fffffdf1 trap_BotResetAvoidGoals
0 fffffdf2 trap_BotResetGoalState
0 fffffdf3 trap_BotSetChatName
0 fffffdf4 trap_BotSetChatGender
0 fffffdf5 trap_BotLoadChatFile
0 fffffdf6 trap_BotReplaceSynonyms
0 fffffdf7 trap_UnifyWhiteSpaces
0 fffffdf8 trap_BotMatchVariable
0 fffffdf9 trap_BotFindMatch
0 fffffdfa trap_StringContains
0 fffffdfb trap_BotEnterChat
0 fffffdfc trap_BotChatLength
0 fffffdfd trap_BotReplyChat
0 fffffdfe trap_BotInitialChat
0 fffffdff trap_BotNumConsoleMessages
0 fffffe00 trap_BotNextConsoleMessage
0 fffffe01 trap_BotRemoveConsoleMessage
0 fffffe02 trap_BotQueueConsoleMessage
0 fffffe03 trap_BotFreeChatState
0 fffffe04 trap_BotAllocChatState
0 fffffe05 trap_Characteristic_String
0 fffffe06 trap_Characteristic_BInteger
0 fffffe07 trap_Characteristic_Integer
0 fffffe08 trap_Characteristic_BFloat
0 fffffe09 trap_Characteristic_Float
0 fffffe0a trap_BotFreeCharacter
0 fffffe0b trap_BotLoadCharacter
0 fffffe56 trap_EA_ResetInput
0 fffffe57 trap_EA_GetInput
0 fffffe58 trap_EA_EndRegular
0 fffffe59 trap_EA_View
0 fffffe5a trap_EA_Move
0 fffffe5b trap_EA_DelayedJump
0 fffffe5c trap_EA_Jump
0 fffffe5d trap_EA_SelectWeapon
0 fffffe5e trap_EA_MoveRight
0 fffffe5f trap_EA_MoveLeft
0 fffffe60 trap_EA_MoveBack
0 fffffe61 trap_EA_MoveForward
0 fffffe62 trap_EA_MoveDown
0 fffffe63 trap_EA_MoveUp
0 fffffe64 trap_EA_Crouch
0 fffffe65 trap_EA_Respawn
0 fffffe66 trap_EA_Use
0 fffffe67 trap_EA_ForcePower
0 fffffe68 trap_EA_Alt_Attack
0 fffffe69 trap_EA_Attack
0 fffffe6a trap_EA_Talk
0 fffffe6b trap_EA_Gesture
0 fffffe6c trap_EA_Action
0 fffffe6d trap_EA_Command
0 fffffe6e trap_EA_SayTeam
0 fffffe6f trap_EA_Say
0 fffffec1 trap_AAS_PredictClientMovement
0 fffffec2 trap_AAS_Swimming
0 fffffec3 trap_AAS_AreaTravelTimeToGoalArea
0 fffffec4 trap_AAS_AreaReachability
0 fffffec5 trap_AAS_IntForBSPEpairKey
0 fffffec6 trap_AAS_FloatForBSPEpairKey
0 fffffec7 trap_AAS_VectorForBSPEpairKey
0 fffffec8 trap_AAS_ValueForBSPEpairKey
0 fffffec9 trap_AAS_NextBSPEntity
0 fffffeca trap_AAS_PointContents
0 fffffecb trap_AAS_TraceAreas
0 fffffecc trap_AAS_PointAreaNum
0 fffffecd trap_AAS_Time
0 fffffece trap_AAS_PresenceTypeBoundingBox
0 fffffecf trap_AAS_Initialized
0 fffffed0 trap_AAS_EntityInfo
0 fffffed1 trap_AAS_AreaInfo
0 fffffed2 trap_AAS_BBoxAreas
0 fffffed3 trap_AAS_EnableRoutingArea
0 ffffff2c trap_BotUserCommand
0 ffffff2d trap_BotGetServerCommand
0 ffffff2e trap_BotGetSnapshotEntity
0 ffffff2f trap_BotLibTest
0 ffffff30 trap_BotLibUpdateEntity
0 ffffff31 trap_BotLibLoadMap
0 ffffff32 trap_BotLibStartFrame
0 ffffff33 trap_BotLibDefine
0 ffffff34 trap_BotLibVarGet
0 ffffff35 trap_BotLibVarSet
0 ffffff36 trap_BotLibShutdown
0 ffffff37 trap_BotLibSetup
0 ffffff8c asin
0 ffffff8d acos
0 ffffff90 ceil
0 ffffff91 floor
0 ffffff92 perpendicularvector
0 ffffff93 anglevectors
0 ffffff94 matrixmultiply
0 ffffff95 sqrt
0 ffffff96 atan2
0 ffffff97 cos
0 ffffff98 sin
0 ffffff99 strncpy
0 ffffff9a memcpy
0 ffffff9b memset
0 ffffffcc trap_ROFF_Purge_Ent
0 ffffffcd trap_ROFF_Play
0 ffffffce trap_ROFF_Cache
0 ffffffcf trap_ROFF_UpdateEntities
0 ffffffd0 trap_ROFF_Clean
0 ffffffd1 trap_SP_GetStringTextString
0 ffffffd2 trap_SP_RegisterServer
0 ffffffd3 trap_EntityContactCapsule
0 ffffffd4 trap_TraceCapsule
0 ffffffd5 trap_SnapVector
0 ffffffd6 trap_RealTime
0 ffffffd7 trap_DebugPolygonDelete
0 ffffffd8 trap_DebugPolygonCreate
0 ffffffd9 trap_FS_GetFileList
0 ffffffda trap_GetEntityToken
0 ffffffdb trap_GetUsercmd
0 ffffffdc trap_BotFreeClient
0 ffffffdd trap_BotAllocateClient
0 ffffffde trap_EntityContact
0 ffffffdf trap_EntitiesInBox
0 ffffffe0 trap_UnlinkEntity
0 ffffffe1 trap_LinkEntity
0 ffffffe2 trap_AreasConnected
0 ffffffe3 trap_AdjustAreaPortalState
0 ffffffe4 trap_InPVSIgnorePortals
0 ffffffe5 trap_InPVS
0 ffffffe6 trap_PointContents
0 ffffffe7 trap_Trace
0 ffffffe8 trap_SetBrushModel
0 ffffffe9 trap_GetServerinfo
0 ffffffea trap_SetUserinfo
0 ffffffeb trap_GetUserinfo
0 ffffffec trap_GetConfigstring
0 ffffffed trap_SetConfigstring
0 ffffffee trap_SendServerCommand
0 ffffffef trap_DropClient
0 fffffff0 trap_LocateGameData
0 fffffff1 trap_SendConsoleCommand
0 fffffff2 trap_FS_FCloseFile
0 fffffff3 trap_FS_Write
0 fffffff4 trap_FS_Read
0 fffffff5 trap_FS_FOpenFile
0 fffffff6 trap_Argv
0 fffffff7 trap_Argc
0 fffffff8 trap_Cvar_VariableStringBuffer
0 fffffff9 trap_Cvar_VariableIntegerValue
0 fffffffa trap_Cvar_Set
0 fffffffb trap_Cvar_Update
0 fffffffc trap_Cvar_Register
0 fffffffd trap_Milliseconds
0 fffffffe trap_Error
0 ffffffff trap_Printf
0        0 vmMain
0       a5 G_Printf
0       be G_Error
0       d7 G_FindTeams
0      1db G_RemapTeamShaders
0      1de G_RegisterCvars
0      252 G_UpdateCvars
0      2c6 G_InitGame
0      42d G_ShutdownGame
0      465 Com_Error
0      480 Com_Printf
0      49b AddTournamentPlayer
0      514 RemoveTournamentLoser
0      53b RemoveTournamentWinner
0      562 AdjustTournamentScores
0      5c8 SortRanks
0      69d CalculateRanks
0      94d SendScoreboardMessageToAllClients
0      976 MoveClientToIntermission
0      9e6 FindIntermissionPoint
0      a54 BeginIntermission
0      ac7 DuelLimitHit
0      afe DuelResetWinsLosses
0      b2f ExitLevel
0      bbc G_LogPrintf
0      c28 LogExit
0      d11 CheckIntermissionExit
0      e86 ScoreIsTied
0      ecf CheckExitRules
0     104c CheckTournament
0     116f CheckVote
0     1253 PrintTeam
0     127e SetLeader
0     1341 CheckTeamLeader
0     13d9 CheckTeamVote
0     14d2 CheckCvars
0     14ff G_RunThink
0     1538 G_RunFrame
0     171f G_GetStripEdString
0     1730 BotStraightTPOrderCheck
0     179a BotSelectWeapon
0     17ac BotReportStatus
0     180b BotOrder
0     19a6 BotMindTricked
0     1a1d BotAI_Print
0     1a20 IsTeamplay
0     1a2d BotAI_GetClientState
0     1a5e BotAI_GetEntityState
0     1aa3 BotAI_GetSnapshotEntity
0     1ad4 BotEntityInfo
0     1ae0 NumBots
0     1ae6 AngleDifference
0     1b0e BotChangeViewAngle
0     1b7a BotChangeViewAngles
0     1d19 BotInputToUserCommand
0     1fc5 BotUpdateInput
0     2088 BotAIRegularUpdate
0     2099 RemoveColorEscapeSequences
0     210d BotAI
0     225e BotScheduleBotThink
0     229c PlayersInGame
0     22dd BotAISetupClient
0     23fd BotAIShutdownClient
0     244c BotResetState
0     2537 BotAILoadMap
0     2571 OrgVisible
0     2597 WPOrgVisible
0     262c OrgVisibleBox
0     265c CheckForFunc
0     26af GetNearestVisibleWP
0     2775 PassWayCheck
0     280f TotalTrailDistance
0     28e8 CheckForShorterRoutes
0     2a3a WPConstantRoutine
0     2b94 BotCTFGuardDuty
0     2bb0 WPTouchRoutine
0     2d77 MoveTowardIdealAngles
0     2d87 BotTrace_Strafe
0     2f25 BotTrace_Jump
0     305e BotTrace_Duck
0     3142 PassStandardEnemyChecks
0     3317 BotDamageNotification
0     3418 BotCanHear
0     3516 UpdateEventTracker
0     3579 InFieldOfVision
0     35fb PassLovedOneCheck
0     36cb ScanForEnemies
0     38dd WaitingForNow
0     39b3 BotGetWeaponRange
0     3a03 BotIsAChickenWuss
0     3afd GetNearestBadThing
0     3dac BotDefendFlag
0     3e21 BotGetEnemyFlag
0     3e96 BotGetFlagBack
0     3f8e BotGuardFlagCarrier
0     4086 BotGetFlagHome
0     40fb GetNewFlagPoint
0     4212 CTFTakesPriority
0     451d EntityVisibleBox
0     455a Saga_TargetClosestObjective
0     477e Saga_DefendFromAttackers
0     4874 Saga_CountDefenders
0     48da Saga_CountTeammates
0     492b SagaTakesPriority
0     4c43 JMTakesPriority
0     4d2a BotHasAssociated
0     4de9 GetBestIdleGoal
0     4ed4 GetIdealDestination
0     5493 CommanderBotCTFAI
0     5769 CommanderBotSagaAI
0     5894 BotDoTeamplayAI
0     58bf CommanderBotTeamplayAI
0     5a66 CommanderBotAI
0     5a8f MeleeCombatHandling
0     5bed SaberCombatHandling
0     5f9d BotWeaponCanLead
0     5fe1 BotAimLeading
0     6138 BotAimOffsetGoalAngles
0     633a ShouldSecondaryFire
0     6442 CombatBotAI
0     6624 BotFallbackNavigation
0     66c7 BotTryAnotherWeapon
0     6747 BotWeaponSelectable
0     677d BotSelectIdealWeapon
0     691b BotSelectChoiceWeapon
0     69a9 BotSelectMelee
0     69da GetLoveLevel
0     6a6f BotLovedOneDied
0     6bbc BotDeathNotify
0     6c42 StrafeTracing
0     6d28 PrimFiring
0     6d59 KeepPrimFromFiring
0     6d8e AltFiring
0     6dbf KeepAltFromFiring
0     6df4 CheckForFriendInLOF
0     6ebb BotScanForLeader
0     6f4b BotReplyGreetings
0     6fba CTFFlagMovement
0     719c BotCheckDetPacks
0     72e2 BotUseInventoryItem
0     73bc BotSurfaceNear
0     7421 BotWeaponBlockable
0     7456 StandardBotAI
0     932a BotAIStartFrame
0     9428 BotAISetup
0     94b2 BotAIShutdown
0     94f0 B_TempAlloc
0     94fd B_TempFree
0     9506 B_Alloc
0     9513 B_Free
0     9516 B_InitAlloc
0     9522 B_CleanupAlloc
0     9525 GetValueGroup
0     9620 GetPairedValue
0     97c6 BotDoChat
0     9a93 ParseEmotionalAttachments
0     9bd6 ReadChatGroups
0     9c66 BotUtilizePersonality
0     a10a GetFlagStr
0     a405 G_TestLine
0     a43f BotWaypointRender
0     a66d TransferWPData
0     a791 CreateNewWP
0     a82f CreateNewWP_FromObject
0     a99a RemoveWP
0     a9f0 RemoveWP_InTrail
0     aad5 CreateNewWP_InTrail
0     ac24 TeleportToWP
0     acaa WPFlagsModify
0     ace9 NotWithinRange
0     ad1e NodeHere
0     adb0 CanGetToVector
0     addf CanGetToVectorTravel
0     af03 ConnectTrail
0     b514 OpposingEnds
0     b592 DoorBlockingSection
0     b675 RepairPaths
0     b7a7 OrgVisibleCurve
0     b807 CanForceJumpTo
0     b8f2 CalculatePaths
0     bb6c GetObjectThatTargets
0     bb9b CalculateSagaGoals
0     bcc8 GetNearestVisibleWPToItem
0     bdb4 CalculateWeightGoals
0     bf84 CalculateJumpRoutes
0     c0a8 LoadPathData
0     c44f FlagObjects
0     c67b SavePathData
0     c9bc LoadPath_ThisLevel
0     ca57 GetClosestSpawn
0     caf5 GetNextSpawnInIndex
0     cb99 AcceptBotCommand
0     d00c swapfunc
0     d093 med3
0     d116 qsort
0     d4cf strlen
0     d4ea strcat
0     d52d strcpy
0     d562 strcmp
0     d59b strchr
0     d5ba strstr
0     d600 tolower
0     d618 toupper
0     d630 memmove
0     d677 tan
0     d68e srand
0     d695 rand
0     d6aa atof
0     d76f _atof
0     d83a atoi
0     d8b2 _atoi
0     d934 abs
0     d949 fabs
0     d95e AddInt
0     da39 AddFloat
0     db47 AddString
0     dbde vsprintf
0     dd76 sscanf
0     dde1 BG_LegalizedForcePowers
0     e1ae vectoyaw
0     e208 BG_HasYsalamiri
0     e237 BG_CanUseFPNow
0     e29e BG_FindItemForPowerup
0     e2da BG_FindItemForHoldable
0     e314 BG_FindItemForWeapon
0     e347 BG_FindItem
0     e370 BG_PlayerTouchesItem
0     e3d0 BG_ProperForceIndex
0     e3f3 BG_CycleForce
0     e4cb BG_GetItemIndexByTag
0     e4fb BG_CycleInven
0     e567 BG_CanItemBeGrabbed
0     e764 BG_EvaluateTrajectory
0     e932 BG_EvaluateTrajectoryDelta
0     ea2c BG_AddPredictableEventToPlayerstate
0     ea67 BG_TouchJumpPad
0     eacb BG_PlayerStateToEntityState
0     edd6 BG_PlayerStateToEntityStateExtraPolate
0     f0ee BG_SwingAngles
0     f1f3 BG_AddPainTwitch
0     f234 BG_G2PlayerAngles
0     f3d1 BG_Alloc
0     f411 BG_AllocUnaligned
0     f444 BG_TempAlloc
0     f47c BG_TempFree
0     f4a9 BG_StringAlloc
0     f4cc BG_OutOfMemory
0     f4de PM_GetSaberStance
0     f4e3 PM_DoSlowFall
0     f506 PM_AddEvent
0     f515 PM_AddEventWithParm
0     f525 PM_AddTouchEnt
0     f57a PM_ClipVelocity
0     f5f3 PM_Friction
0     f6ef PM_Accelerate
0     f76b PM_CmdScale
0     f802 PM_SetMovementDir
0     f94e PM_ForceJumpingUp
0     fa0d PM_JumpForDir
0     fab0 PM_SetPMViewAngle
0     faf1 PM_AdjustAngleForWallRun
0     fcf5 PM_CheckJump
0    10875 PM_CheckWaterJump
0    1095c PM_WaterJumpMove
0    1099d PM_WaterMove
0    10ace PM_FlyMove
0    10b59 PM_AirMove
0    10c1c PM_WalkMove
0    10ebe PM_DeadMove
0    10f37 PM_NoclipMove
0    110a9 PM_FootstepForSurface
0    110c2 PM_TryRoll
0    112b4 PM_CrashLand
0    115c5 PM_CorrectAllSolid
0    116ac PM_GroundTraceMissed
0    11817 PM_GroundTrace
0    119aa PM_SetWaterLevel
0    11a77 PM_CheckDuck
0    11c4d PM_Use
0    11c96 PM_RunningAnim
0    11cc4 PM_Footsteps
0    11f3b PM_WaterEvents
0    11f92 PM_BeginWeaponChange
0    11ff8 PM_FinishWeaponChange
0    1204b PM_DoChargedWeapons
0    12525 PM_ItemUsable
0    12750 PM_Weapon
0    1307d PM_Animate
0    130db PM_DropTimers
0    13165 PM_UpdateViewAngles
0    13209 PM_AdjustAttackStates
0    13581 BG_CmdForRoll
0    135d6 BG_AdjustClientSpeed
0    13954 PmoveSingle
0    13dca Pmove
0    13e76 BG_InSpecialJump
0    13e9b BG_InSaberStandAnim
0    13ec1 BG_DirectFlippingAnim
0    13ee0 BG_SaberInAttack
0    13f0d BG_SaberInSpecial
0    13f2a BG_SaberInIdle
0    13f47 BG_FlippingAnim
0    13f8f BG_SpinningSaberAnim
0    140a7 BG_SaberInSpecialAttack
0    140d0 BG_InRoll
0    140f6 BG_InDeathAnim
0    1411b PM_SaberInParry
0    14130 PM_SaberInReflect
0    14145 PM_SaberInStart
0    1415a PM_InSaberAnim
0    14171 PM_InKnockDown
0    1419e PM_PainAnim
0    141bd PM_JumpingAnim
0    141dc PM_LandingAnim
0    14223 PM_SpinningAnim
0    14230 PM_InOnGroundAnim
0    1428d PM_InRollComplete
0    142b3 PM_AnimLength
0    142e0 PM_DebugLegsAnim
0    1432b BG_ParseAnimationFile
0    144a3 PM_StartLegsAnim
0    14528 PM_ContinueLegsAnim
0    14548 PM_ForceLegsAnim
0    145b8 PM_StartTorsoAnim
0    14613 PM_SetLegsAnimTimer
0    14631 PM_SetTorsoAnimTimer
0    1464f BG_SaberStartTransAnim
0    1469e PM_SetAnimFinal
0    148da PM_SetAnim
0    14953 PM_SlideMove
0    14d43 PM_StepSlideMove
0    15092 PM_irand_timesync
0    150c7 BG_ForcePowerDrain
0    15185 PM_AttackMoveForQuad
0    151ba PM_SaberAnimTransitionAnim
0    152cd PM_SaberMoveQuadrantForMovement
0    15332 PM_SaberInBounce
0    15357 PM_SaberInTransition
0    1536c PM_SaberKataDone
0    153a4 PM_SetAnimFrame
0    153ae PM_SaberLockBreak
0    15677 PM_SaberLocked
0    1589b PM_SaberInBrokenParry
0    158b0 PM_BrokenParryForParry
0    158f2 PM_CanBackstab
0    15973 PM_SaberFlipOverAttackMove
0    15a74 PM_SomeoneInFront
0    15b04 PM_SaberLungeAttackMove
0    15b4e PM_SaberJumpAttackMove
0    15bbb PM_GroundDistance
0    15c24 PM_SaberAttackForMovement
0    15cce PM_WeaponLightsaber
0    16499 PM_SetSaberMove
0    16671 P_SetTwitchInfo
0    16689 P_DamageFeedback
0    16793 P_WorldEffects
0    1693a DoImpact
0    16bb4 G_SetClientSound
0    16be5 ClientImpacts
0    16c88 G_TouchTriggers
0    16e6a G_MoverTouchPushTriggers
0    1701a SpectatorThink
0    170c1 ClientInactivityTimer
0    17163 ClientTimerActions
0    171c5 ClientIntermissionThink
0    17220 ClientEvents
0    173b8 SendPendingPredictableEvents
0    1745f G_UpdateForceSightBroadcasts
0    1753f G_UpdateJediMasterBroadcasts
0    17621 G_UpdateClientBroadcasts
0    1763c ClientThink_real
0    18337 G_CheckClientTimeouts
0    18364 ClientThink
0    1839f G_RunClient
0    183c6 SpectatorClientEndFrame
0    1849d ClientEndFrame
0    18575 Boot_ManualBlockThink
0    1874d Boot_GetDirFromMouseMovement
0    187b3 BootPort_PM_SomeoneInFront
0    18843 UpdateTournamentInfo
0    18a28 trap_Cvar_VariableValue
0    18a3e G_ParseInfos
0    18b2c G_LoadArenasFromFile
0    18bac G_GetMapTypeBits
0    18c4e G_DoesMapSupportGametype
0    18ce1 G_RefreshNextMap
0    18dee G_LoadArenas
0    18ea0 G_GetArenaInfoByMap
0    18edb PlayerIntroSound
0    18f2c G_AddRandomBot
0    19099 G_RemoveRandomBot
0    19105 G_CountHumanPlayers
0    19158 G_CountBotPlayers
0    191d5 G_CheckMinimumPlayers
0    19352 G_CheckBotSpawn
0    193b2 AddBotToSpawnQueue
0    193ef G_RemoveQueuedBotBegin
0    19413 G_BotConnect
0    19475 G_AddBot
0    1978e Svcmd_AddBot_f
0    19825 Svcmd_BotList_f
0    198d9 G_SpawnBots
0    1998b G_LoadBotsFromFile
0    19a0b G_LoadBots
0    19a98 G_GetBotInfoByNumber
0    19ac3 G_GetBotInfoByName
0    19b02 G_InitBots
0    19bf4 SP_info_player_deathmatch
0    19c2d SP_info_player_start
0    19c3c SP_info_player_imperial
0    19c4f SP_info_player_rebel
0    19c62 SP_info_player_intermission
0    19c65 ThrowSaberToAttacker
0    19e2c JMSaberThink
0    19f27 JMSaberTouch
0    1a0a7 SP_info_jedimaster_start
0    1a161 SpotWouldTelefrag
0    1a1e2 SelectNearestDeathmatchSpawnPoint
0    1a246 SelectRandomDeathmatchSpawnPoint
0    1a2a6 SelectRandomFurthestSpawnPoint
0    1a416 SelectSpawnPoint
0    1a429 SelectInitialSpawnPoint
0    1a48e SelectSpectatorSpawnPoint
0    1a49e InitBodyQue
0    1a4ce BodySink
0    1a500 CopyToBodyQue
0    1a6ec SetClientViewAngle
0    1a744 respawn
0    1a77a TeamCount
0    1a7bb TeamLeader
0    1a7fc PickTeam
0    1a836 ClientCleanName
0    1a92b SetupGameGhoul2Model
0    1aada ClientUserinfoChanged
0    1adb6 ClientConnect
0    1af30 ClientBegin
0    1b1f5 ClientSpawn
0    1b701 ClientDisconnect
0    1b88e DeathmatchScoreboardMessage
0    1b9c7 Cmd_Score_f
0    1b9d0 CheatsOk
0    1ba24 ConcatArgs
0    1ba8f SanitizeString
0    1bae1 ClientNumberFromString
0    1bbad Cmd_Give_f
0    1be59 Cmd_God_f
0    1be9e Cmd_Notarget_f
0    1bee3 Cmd_Noclip_f
0    1bf36 Cmd_LevelShot_f
0    1bf67 Cmd_TeamTask_f
0    1bfbe Cmd_Kill_f
0    1c03c Cmd_Info_Boot
0    1c070 Cmd_ToggleMouseMovementBlock_Boot
0    1c099 G_GetDuelWinner
0    1c0de BroadcastTeamChange
0    1c1b4 SetTeam
0    1c42d StopFollowing
0    1c485 Cmd_Team_f
0    1c595 Cmd_ForceChanged_f
0    1c5fd Cmd_Follow_f
0    1c697 Cmd_FollowCycle_f
0    1c73c G_SayTo
0    1c7cd G_Say
0    1c92f Cmd_Say_f
0    1c968 Cmd_Tell_f
0    1ca12 G_VoiceTo
0    1ca88 G_Voice
0    1caec Cmd_Voice_f
0    1cb28 Cmd_VoiceTell_f
0    1cbd8 Cmd_VoiceTaunt_f
0    1cd97 Cmd_GameCommand_f
0    1ce0c Cmd_Where_f
0    1ce2e Cmd_CallVote_f
0    1d175 Cmd_Vote_f
0    1d273 Cmd_CallTeamVote_f
0    1d5e1 Cmd_TeamVote_f
0    1d718 Cmd_SetViewpos_f
0    1d7b0 Cmd_Stats_f
0    1d7b3 G_ItemUsable
0    1d9e8 Cmd_ToggleSaber_f
0    1da8c Cmd_SaberAttackCycle_f
0    1dacb G_OtherPlayersDueling
0    1db12 Cmd_EngageDuel_f
0    1de20 ClientCommand
0    1e390 ObjectDie
0    1e3a9 G_GetHitLocation
0    1e5ff ExplodeDeath
0    1e691 ScorePlum
0    1e6c6 AddScore
0    1e708 TossClientWeapon
0    1e8a4 TossClientItems
0    1e9ac LookAtKiller
0    1ea7e GibEntity
0    1ea9e BodyRid
0    1eaad body_die
0    1eb56 CheckAlmostCapture
0    1eb59 G_PickDeathAnim
0    1edd7 G_GetJediMaster
0    1ee1f player_die
0    1f527 CheckArmor
0    1f5ab G_ApplyKnockback
0    1f742 RaySphereIntersections
0    1f8ec LimbTouch
0    1f8ef LimbThink
0    1f965 G_GetDismemberBolt
0    1face G_Dismember
0    1fcc5 G_GetHitQuad
0    1fd89 G_CheckForDismemberment
0    1fe0c G_ThereIsAMaster
0    1fe47 G_Damage
0    20787 CanDamage
0    208b2 G_RadiusDamage
0    20a2f adjustRespawnTime
0    20a90 ShieldRemove
0    20ab3 ShieldThink
0    20ae0 ShieldDie
0    20af4 ShieldPain
0    20b17 ShieldGoSolid
0    20bb8 ShieldGoNotSolid
0    20bfb ShieldTouch
0    20c57 CreateShield
0    20ec2 PlaceShield
0    2108d ItemUse_Binoculars
0    21102 ItemUse_Shield
0    2110b SentryTouch
0    2110e pas_fire
0    2118a G_SetEnemy
0    2119d pas_find_enemies
0    2133a pas_adjust_enemy
0    21409 sentryExpire
0    21420 pas_think
0    21815 turret_die
0    218bd SP_PAS
0    21948 ItemUse_Sentry
0    21b0f ItemUse_Seeker
0    21b3d ItemUse_MedPack
0    21bc5 Pickup_Powerup
0    21d4d Pickup_Holdable
0    21da7 Add_Ammo
0    21dfd Pickup_Ammo
0    21e48 Pickup_Weapon
0    21f45 Pickup_Health
0    21fe5 Pickup_Armor
0    22051 RespawnItem
0    22132 Touch_Item
0    224b9 LaunchItem
0    22622 Drop_Item
0    22685 Use_Item
0    2268e FinishSpawningItem
0    22934 G_CheckTeamItems
0    2298a ClearRegisteredItems
0    229ba RegisterItem
0    229d2 SaveRegisteredItems
0    22a1a G_ItemDisabled
0    22a33 G_SpawnItem
0    22a95 G_BounceItem
0    22c8a G_RunItem
0    22d58 G_LogWeaponInit
0    22db5 G_LogWeaponPickup
0    22dd5 G_LogWeaponFire
0    22e3b G_LogWeaponDamage
0    22e62 G_LogWeaponKill
0    22e88 G_LogWeaponFrag
0    22eb7 G_LogWeaponDeath
0    22edd G_LogWeaponPowerup
0    22f03 G_LogWeaponItem
0    22f29 G_LogWeaponOutput
0    23dc1 CalculateEfficiency
0    23e4f CalculateSharpshooter
0    23ed9 CalculateUntouchable
0    23f24 CalculateLogistics
0    23ffd CalculateTactician
0    24173 CalculateDemolitionist
0    24252 CalculateStreak
0    24257 CalculateTeamMVP
0    242cd CalculateTeamMVPByRank
0    2435b CalculateTeamDefender
0    243d1 CalculateTeamWarrior
0    24447 CalculateTeamCarrier
0    244bd CalculateTeamInterceptor
0    24540 CalculateTeamRedShirt
0    245c3 CalculateTeamAward
0    2463e CalculateSection31Award
0    2469a CalculateAwards
0    2483b GetMaxDeathsForClient
0    24881 GetMaxKillsForClient
0    248c7 GetFavoriteTargetForClient
0    24914 GetWorstEnemyForClient
0    24977 GetFavoriteWeaponForClient
0    249ff G_ClearClientLog
0    24b19 G_Alloc
0    24b64 G_InitMemory
0    24b6a Svcmd_GameMem_f
0    24b77 SP_info_camp
0    24b89 SP_info_null
0    24b92 SP_info_notnull
0    24ba4 SP_light
0    24bad TeleportPlayer
0    24cd8 SP_misc_teleporter_dest
0    24cdb SP_misc_model
0    24ce4 SP_misc_G2model
0    24ced locateCamera
0    24dcc SP_misc_portal_surface
0    24e3e SP_misc_portal_camera
0    24e94 HolocronRespawn
0    24ea7 HolocronPopOut
0    24f20 HolocronTouch
0    25094 HolocronThink
0    25341 SP_misc_holocron
0    254eb Use_Shooter
0    255e5 InitShooter_Finish
0    25609 InitShooter
0    25677 SP_shooter_blaster
0    25682 check_recharge
0    256c1 EnergyShieldStationSettings
0    256f6 shield_power_converter_use
0    257fa SP_misc_shield_floor_unit
0    25966 SP_misc_model_shield_power_converter
0    25a2c EnergyAmmoStationSettings
0    25a48 ammo_power_converter_use
0    25b4a SP_misc_model_ammo_power_converter
0    25c03 EnergyHealthStationSettings
0    25c1f health_power_converter_use
0    25cc8 SP_misc_model_health_power_converter
0    25d81 DmgBoxHit
0    25d84 DmgBoxUpdateSelf
0    25e1b DmgBoxAbsorb_Die
0    25e24 DmgBoxAbsorb_Pain
0    25e2d CreateNewDamageBox
0    25eaa ATST_ManageDamageBoxes
0    2607a G_PlayerBecomeATST
0    260f1 fx_runner_think
0    2613f fx_runner_use
0    26188 fx_runner_link
0    2627b SP_fx_runner
0    2638a G_ReflectMissile
0    26614 G_DeflectMissile
0    2673f G_BounceMissile
0    26927 G_ExplodeMissile
0    269f5 G_RunStuckMissile
0    26a76 G_BounceProjectile
0    26b35 CreateMissile
0    26c18 G_MissileImpact
0    27191 G_RunMissile
0    273b2 G_TestEntityPosition
0    27439 G_CreateRotationMatrix
0    2745b G_TransposeMatrix
0    2749c G_RotatePoint
0    27508 G_TryPushingEntity
0    277fa G_MoverPush
0    27b47 G_MoverTeam
0    27c7a G_RunMover
0    27cab SetMoverState
0    27dea MatchTeam
0    27e0a ReturnToPos1
0    27e3f Reached_BinaryMover
0    27f48 Use_BinaryMover
0    2808d InitMover
0    2821d Blocked_Door
0    28370 Touch_DoorTriggerSpectator
0    28449 Touch_DoorTrigger
0    2849b Think_SpawnNewDoorTrigger
0    2859d Think_MatchTeam
0    285b3 SP_func_door
0    287d1 Touch_Plat
0    28855 Touch_PlatCenterTrigger
0    28896 SpawnPlatTrigger
0    28984 SP_func_plat
0    28af7 Touch_Button
0    28b1a SP_func_button
0    28c87 Think_BeginMoving
0    28c97 Reached_Train
0    28d7c Think_SetupTrainTargets
0    28e33 SP_path_corner
0    28e54 SP_func_train
0    28ee9 SP_func_static
0    28f1c SP_func_rotating
0    28fc2 SP_func_bobbing
0    29074 SP_func_pendulum
0    2912d BreakableBrushDie
0    2922d BreakableBrushPain
0    29230 BrushThink
0    29253 BreakableBrushUse
0    2927d SP_func_breakable
0    293f0 GlassDie
0    2948a GlassDie_Old
0    294fb GlassPain
0    294fe GlassUse
0    295f3 SP_func_glass
0    29680 func_wait_return_solid
0    29710 func_usable_think
0    29736 func_usable_use
0    29803 func_usable_pain
0    2981e func_usable_die
0    2983b SP_func_usable
0    298e4 pitch_roll_for_slope
0    29a72 G_BounceObject
0    29bb1 G_RunObject
0    29e41 G_StopObjectMoving
0    29e80 G_StartObjectMoving
0    29edf InitSagaMode
0    29fbb UseSagaTarget
0    2a032 SagaBroadcast_OBJECTIVECOMPLETE
0    2a073 SagaBroadcast_ROUNDOVER
0    2a0ad BroadcastObjectiveCompletion
0    2a0f4 AddSagaWinningTeamPoints
0    2a151 SagaRoundComplete
0    2a1ab SagaObjectiveCompleted
0    2a20d StripTabs
0    2a24d sagaTriggerUse
0    2a353 SP_info_saga_objective
0    2a3a6 G_WriteClientSessionData
0    2a40e G_ReadSessionData
0    2a492 G_InitSessionData
0    2a56f G_InitWorldSession
0    2a592 G_WriteSessionData
0    2a5cd G_SpawnString
0    2a611 G_SpawnFloat
0    2a633 G_SpawnInt
0    2a655 G_SpawnVector
0    2a684 SP_item_botroam
0    2a687 G_CallSpawn
0    2a706 G_NewString
0    2a78a G_ParseField
0    2a872 G_SpawnGEntityFromSpawnVars
0    2a95d G_AddSpawnVarToken
0    2a99e G_ParseSpawnVars
0    2aa2e SP_worldspawn
0    2ac3b G_SpawnEntitiesFromString
0    2ac64 StringToFilter
0    2ad17 UpdateIPBans
0    2ad6f G_FilterPacket
0    2ae22 AddIP
0    2ae78 G_ProcessIPBans
0    2aece Svcmd_AddIP_f
0    2aeee Svcmd_RemoveIP_f
0    2af56 Svcmd_EntityList_f
0    2b010 ClientForString
0    2b0a7 Svcmd_ForceTeam_f
0    2b0dd ConsoleCommand
0    2b1cd Use_Target_Give
0    2b227 SP_target_give
0    2b230 Use_target_remove_powerups
0    2b27c SP_target_remove_powerups
0    2b285 Think_Target_Delay
0    2b298 Use_Target_Delay
0    2b2ea SP_target_delay
0    2b31d Use_Target_Score
0    2b335 SP_target_score
0    2b34b Use_Target_Print
0    2b3d2 SP_target_print
0    2b3db Use_Target_Speaker
0    2b45a SP_target_speaker
0    2b53c target_laser_think
0    2b698 target_laser_on
0    2b6b3 target_laser_off
0    2b6c2 target_laser_use
0    2b6e1 target_laser_start
0    2b772 SP_target_laser
0    2b784 target_teleporter_use
0    2b7b9 SP_target_teleporter
0    2b7e0 target_relay_use
0    2b871 SP_target_relay
0    2b87a target_kill_use
0    2b89b SP_target_kill
0    2b8a4 SP_target_position
0    2b8b6 target_location_linkup
0    2b926 SP_target_location
0    2b947 Team_InitGame
0    2b97a OtherTeam
0    2b990 TeamName
0    2b9ad OtherTeamName
0    2b9ca TeamColorString
0    2b9e7 PrintCTFMessage
0    2ba3f AddTeamScore
0    2baca OnSameTeam
0    2bb12 Team_SetFlagStatus
0    2bb76 Team_CheckDroppedItem
0    2bbb0 Team_ForceGesture
0    2bbf5 Team_FragBonuses
0    2c154 Team_CheckHurtCarrier
0    2c1ea Team_ResetFlag
0    2c254 Team_ResetFlags
0    2c269 Team_ReturnFlagSound
0    2c2a6 Team_TakeFlagSound
0    2c315 Team_CaptureFlagSound
0    2c352 Team_ReturnFlag
0    2c375 Team_FreeEntity
0    2c3a9 Team_DroppedFlagThink
0    2c3ea Team_TouchOurFlag
0    2c642 Team_TouchEnemyFlag
0    2c692 Pickup_Team
0    2c709 Team_GetLocation
0    2c783 Team_GetLocationMsg
0    2c7ea SelectRandomTeamSpawnPoint
0    2c898 SelectCTFSpawnPoint
0    2c8dd SelectSagaSpawnPoint
0    2c922 SortClients
0    2c92d TeamplayInfoMessage
0    2ca8b CheckTeamStatus
0    2cb40 SP_team_CTF_redplayer
0    2cb43 SP_team_CTF_blueplayer
0    2cb46 SP_team_CTF_redspawn
0    2cb49 SP_team_CTF_bluespawn
0    2cb4c InitTrigger
0    2cb8b multi_wait
0    2cb94 multi_trigger
0    2cd4f Use_Multi
0    2cd5b Touch_Multi
0    2cd70 SP_trigger_multiple
0    2cdf3 trigger_always_think
0    2ce09 SP_trigger_always
0    2ce1b trigger_push_touch
0    2ce33 AimAtTarget
0    2cf38 SP_trigger_push
0    2cf75 Use_target_push
0    2cfc0 SP_target_push
0    2d077 trigger_teleporter_touch
0    2d0d2 SP_trigger_teleport
0    2d119 hurt_use
0    2d15b hurt_touch
0    2d2fa SP_trigger_hurt
0    2d360 func_timer_think
0    2d39e func_timer_use
0    2d3bd SP_func_timer
0    2d437 AddRemap
0    2d4a6 BuildShaderStateConfig
0    2d4ec G_FindConfigstringIndex
0    2d558 G_SkinIndex
0    2d56b G_ModelIndex
0    2d57e G_SoundIndex
0    2d591 G_EffectIndex
0    2d5a4 G_TeamCommand
0    2d5e2 G_Find
0    2d631 G_RadiusList
0    2d751 G_PickTarget
0    2d7b7 G_UseTargets
0    2d856 tv
0    2d884 vtos
0    2d8c0 G_SetMovedir
0    2d915 G_InitGentity
0    2d93d G_Spawn
0    2d9eb G_EntitiesFree
0    2da16 G_SendG2KillQueue
0    2da5a G_KillG2Queue
0    2da88 G_FreeEntity
0    2db33 G_TempEntity
0    2db81 GetTrackerEnt
0    2dbb7 G_SoundTempEntity
0    2dc0b G_KillBox
0    2dcd7 G_AddPredictableEvent
0    2dcf2 G_AddEvent
0    2dd6b G_PlayEffect
0    2dd93 G_ScreenShake
0    2dde3 G_MuteSound
0    2de27 G_Sound
0    2defa G_SoundAtLoc
0    2df11 G_EntitySound
0    2df39 ValidUseTarget
0    2df56 TryUse
0    2dff2 G_PointInBounds
0    2e032 G_BoxInBounds
0    2e0e5 G_SetAngles
0    2e0fd G_ClearTrace
0    2e12e G_SetOrigin
0    2e16d DebugLine
0    2e270 G_ROFF_NotetrackCallback
0    2e323 touch_NULL
0    2e326 W_TraceSetStart
0    2e3e8 WP_FireBryarPistol
0    2e4be WP_FireTurretMissile
0    2e515 WP_FireGenericBlasterMissile
0    2e55e WP_FireBlasterMissile
0    2e5ac WP_FireEmplacedMissile
0    2e60f WP_FireBlaster
0    2e666 WP_DisruptorMainFire
0    2e893 WP_DisruptorAltFire
0    2ec3f WP_FireDisruptor
0    2ec76 WP_BowcasterAltFire
0    2ed00 WP_BowcasterMainFire
0    2ee45 WP_FireBowcaster
0    2ee5a WP_RepeaterMainFire
0    2eea1 WP_RepeaterAltFire
0    2ef43 WP_FireRepeater
0    2ef9d WP_DEMP2_MainFire
0    2f019 DEMP2_AltRadiusDamage
0    2f25d DEMP2_AltDetonate
0    2f2de WP_DEMP2_AltFire
0    2f3d7 WP_FireDEMP2
0    2f3ec WP_FlechetteMainFire
0    2f4d1 prox_mine_think
0    2f55f WP_TraceSetStart
0    2f617 WP_ExplosiveDie
0    2f620 WP_flechette_alt_blow
0    2f63b WP_CreateFlechetteBouncyThing
0    2f70c WP_FlechetteAltFire
0    2f783 WP_FireFlechette
0    2f798 rocketThink
0    2fa19 WP_FireRocket
0    2fb79 thermalDetonatorExplode
0    2fc57 thermalThinkStandard
0    2fc7e WP_FireThermalDetonator
0    2fe10 WP_DropThermal
0    2fe30 laserTrapExplode
0    2feba laserTrapDelayedExplode
0    2ff02 touchLaserTrap
0    2ff69 laserTrapThink
0    30030 laserTrapStick
0    30143 TrapThink
0    30155 CreateLaserTrap
0    302f6 WP_PlaceLaserTrap
0    3042a VectorNPos
0    30491 charge_stick
0    306ee DetPackBlow
0    30757 DetPackPain
0    30778 DetPackDie
0    30799 drop_charge
0    3093c BlowDetpacks
0    309ab CheatsOn
0    309b8 WP_DropDetPack
0    30afa WP_FireStunBaton
0    30c5f SnapVectorTowards
0    30ca8 LogAccuracyHit
0    30cf7 CalcMuzzlePoint
0    30e2c CalcMuzzlePointOrigin
0    30eb6 FireWeapon
0    31049 WP_FireEmplaced
0    3114d emplaced_gun_use
0    31346 emplaced_gun_realuse
0    31354 emplaced_gun_pain
0    3135e emplaced_gun_update
0    31642 emplaced_gun_die
0    31663 SP_emplaced_gun
0    317e1 G_PreDefSound
0    317ff InFront
0    31879 WP_InitForcePowers
0    31d52 WP_SpawnInitForcePowers
0    31f8f ForcePowerUsableOn
0    32057 WP_ForcePowerAvailable
0    320a9 WP_ForcePowerInUse
0    320c1 WP_ForcePowerUsable
0    3219a WP_AbsorbConversion
0    3223d WP_ForcePowerRegenerate
0    32295 WP_ForcePowerStart
0    325aa ForceHeal
0    326cb WP_AddToClientBitflags
0    32730 ForceTeamHeal
0    32972 ForceTeamForceReplenish
0    32b50 ForceGrip
0    32c91 ForceSpeed
0    32d13 ForceSeeing
0    32d82 ForceProtect
0    32e15 ForceAbsorb
0    32ea8 ForceRage
0    32f55 ForceLightning
0    32fd3 ForceLightningDamage
0    330e2 ForceShootLightning
0    333d2 ForceDrain
0    33450 ForceDrainDamage
0    33631 ForceShootDrain
0    33974 ForceJumpCharge
0    33aae WP_GetVelocityForForceJump
0    33c62 ForceJump
0    33d33 WP_AddAsMindtricked
0    33d98 ForceTelepathy
0    341d4 GEntity_UseFunc
0    341eb CanCounterThrow
0    34255 ForceThrow
0    34f36 WP_ForcePowerStop
0    35177 DoGripAction
0    3571c G_IsMindTricked
0    35783 RemoveTrickedEnt
0    357ec WP_UpdateMindtrickEnts
0    35936 WP_ForcePowerRun
0    35c8d WP_DoSpecificPower
0    35ea2 FindGenericEnemyIndex
0    35fd9 SeekerDroneUpdate
0    363bb HolocronUpdate
0    36552 JediMasterUpdate
0    36650 WP_ForcePowersUpdate
0    36fe9 Jedi_DodgeEvasion
0    37150 RandFloat
0    3716a SaberUpdateSelf
0    3725f SaberGotHit
0    3727d WP_SaberInitBladeData
0    37336 G_G2ClientSpineAngles
0    375c1 G_G2PlayerAngles
0    37916 SaberAttacking
0    37930 WP_SabersCheckLock2
0    37cd5 WP_SabersCheckLock
0    383cb CheckSaberDamage
0    38acd CheckThrownSaberDamaged
0    38f2c saberCheckRadiusDamage
0    38f97 saberMoveBack
0    38fcd SaberBounceSound
0    38fe3 DeadSaberThink
0    39004 MakeDeadSaber
0    39152 saberBackToOwner
0    393cf thrownSaberTouch
0    394a4 saberFirstThrown
0    397b3 WP_SaberPositionUpdate
0    3a0f6 WP_MissileBlockForBlock
0    3a124 WP_SaberBlockNonRandom
0    3a230 WP_SaberBlock
0    3a38f WP_SaberCanBlock
0    3a4cf Boot_BlockMatchesAttack
0    3a528 HasSetSaberOnly
0    3a56f Q_rand
0    3a584 Q_random
0    3a596 Q_crandom
0    3a5a7 VectorCompare
0    3a5df VectorLength
0    3a612 VectorLengthSquared
0    3a63e Distance
0    3a67f DistanceSquared
0    3a6cd VectorNormalizeFast
0    3a72c VectorInverse
0    3a754 CrossProduct
0    3a7cd ClampChar
0    3a7e4 ClampShort
0    3a7fb DirToByte
0    3a856 ByteToDir
0    3a874 ColorBytes3
0    3a8e3 ColorBytes4
0    3a975 NormalizeColor
0    3a9eb PlaneFromPoints
0    3aaa9 RotatePointAroundVector
0    3abb4 RotateAroundDirection
0    3abf8 vectoangles
0    3acb4 AnglesToAxis
0    3ace9 AxisClear
0    3ad20 AxisCopy
0    3ad44 ProjectPointOnPlane
0    3adff MakeNormalVectors
0    3aeaa VectorRotate
0    3af47 Q_rsqrt
0    3af7e Q_fabs
0    3af8e LerpAngle
0    3afbf AngleSubtract
0    3afe4 AnglesSubtract
0    3b032 AngleMod
0    3b044 AngleNormalize360
0    3b052 AngleNormalize180
0    3b06d AngleDelta
0    3b07d SetPlaneSignbits
0    3b0aa BoxOnPlaneSide
0    3b46b RadiusFromBounds
0    3b4be ClearBounds
0    3b4f5 AddPointToBounds
0    3b58e VectorNormalize
0    3b5fe VectorNormalize2
0    3b68c _VectorMA
0    3b6ce _DotProduct
0    3b703 _VectorSubtract
0    3b73c _VectorAdd
0    3b775 _VectorCopy
0    3b79c _VectorScale
0    3b7cc Vector4Scale
0    3b80e Q_log2
0    3b82d MatrixMultiply
0    3ba02 AngleVectors
0    3bafa PerpendicularVector
0    3bb66 Rand_Init
0    3bb6d flrand
0    3bba8 irand
0    3bbda powf
0    3bbfd GetIDForString
0    3bc42 GetStringForID
0    3bc7e Com_Clamp
0    3bc98 COM_SkipPath
0    3bcbc COM_StripExtension
0    3bcf2 COM_DefaultExtension
0    3bd3a ShortSwap
0    3bd5a ShortNoSwap
0    3bd65 LongSwap
0    3bd98 LongNoSwap
0    3bd9e Long64Swap
0    3bddb Long64NoSwap
0    3bde3 FloatSwap
0    3bdf9 FloatNoSwap
0    3be00 COM_BeginParseSession
0    3be12 COM_GetCurrentParseLine
0    3be18 COM_Parse
0    3be27 COM_ParseError
0    3be47 COM_ParseWarning
0    3be67 SkipWhitespace
0    3be9e COM_Compress
0    3bff1 COM_ParseExt
0    3c13d COM_MatchToken
0    3c166 SkipBracedSection
0    3c1a4 SkipRestOfLine
0    3c1dc Parse1DMatrix
0    3c21b Parse2DMatrix
0    3c256 Parse3DMatrix
0    3c29b Q_isprint
0    3c2b0 Q_islower
0    3c2c5 Q_isupper
0    3c2da Q_isalpha
0    3c2fb Q_strrchr
0    3c32f Q_strncpyz
0    3c36a Q_stricmpn
0    3c3f5 Q_strncmp
0    3c447 Q_stricmp
0    3c46f Q_strlwr
0    3c495 Q_strupr
0    3c4bb Q_strcat
0    3c4e7 Q_PrintStrlen
0    3c537 Q_CleanStr
0    3c59d Com_sprintf
0    3c5dc va
0    3c609 Info_ValueForKey
0    3c6e9 Info_NextPair
0    3c787 Info_RemoveKey
0    3c857 Info_RemoveKey_Big
0    3c927 Info_Validate
0    3c94e Info_SetValueForKey
0    3ca1e Info_SetValueForKey_Big
0    3cae6 Q_irand
1        4 gDuelExit
1        8 gDuelist1
1        c gDuelist2
1       10 gameCvarTable
1      860 gameCvarTableSize
1      894 gDidDuelStuff
1      89c g_LastFrameTime
1      8a0 g_TimeSinceLastFrame
1      8a4 ctfStateNames
1      8c0 ctfStateDescriptions
1      8d8 sagaStateDescriptions
1      8e4 teamplayStateDescriptions
1      9ac gWPRenderTime
1      9b0 gDeactivated
1      9b4 gBotEdit
1      9b8 gWPRenderedFrame
1      9bc gWPNum
1      9c0 gLastPrintedIndex
1      9c4 gLevelFlags
1      9c8 botGlobalNavWeaponWeights
1      a08 randSeed
1      a7c forceMasteryLevels
1      a9c forceMasteryPoints
1      abc bgForcePowerCost
1      bdc forcePowerSorted
1      c24 forcePowerDarkLight
1      c6c WeaponReadyAnim
1      cac WeaponAttackAnim
1      cec bg_itemlist
1     15a8 bg_numItems
1     1600 eventnames
1     17d8 bg_poolSize
1     17dc bg_poolTail
1     17e0 gPMDoSlowFall
1     17e4 pm_stopspeed
1     17e8 pm_duckScale
1     17ec pm_swimScale
1     17f0 pm_wadeScale
1     17f4 pm_accelerate
1     17f8 pm_airaccelerate
1     17fc pm_wateraccelerate
1     1800 pm_flyaccelerate
1     1804 pm_friction
1     1808 pm_waterfriction
1     180c pm_flightfriction
1     1810 pm_spectatorfriction
1     1814 c_pmove
1     1818 forceSpeedLevels
1     1828 forcePowerNeeded
1     1948 forceJumpHeight
1     1958 forceJumpStrength
1     19fc animTable
1     40a4 BGPAFtextLoaded
1     40a8 WP_MuzzlePoint
1     4168 weaponData
1     44e8 ammoData
1     4510 saberMoveData
1     5a00 transitionMove
1     5d7c playerMins
1     5d88 playerMaxs
1     5d94 gJMSaberEnt
1     5d98 g2SaberInstance
1     5db8 gc_orders
1     5dd4 gameNames
1     5e10 modNames
1     6060 shieldLoopSound
1     6064 shieldAttachSound
1     6068 shieldActivateSound
1     606c shieldDeactivateSound
1     6070 shieldDamageSound
1     60b0 weaponFromMOD
1     6148 weaponNameFromIndex
1     61b8 fields
1     6338 spawns
1     6574 defaultStyles
1     66f4 precachedKyle
1     6730 remapCount
1     6764 gG2KillNum
1     87c4 speedLoopSound
1     87c8 rageLoopSound
1     87cc protectLoopSound
1     87d0 absorbLoopSound
1     87d4 seeLoopSound
1     87d8 ysalamiriLoopSound
1     87dc forcePowerMinRank
1     8a74 saberSpinSound
1     8a78 saberOffSound
1     8a7c saberOnSound
1     8a80 saberHumSound
1     8b1c vec3_origin
1     8b28 axisDefault
1     8b4c colorBlack
1     8b5c colorRed
1     8b6c colorGreen
1     8b7c colorBlue
1     8b8c colorYellow
1     8b9c colorMagenta
1     8bac colorCyan
1     8bbc colorWhite
1     8bcc colorLtGrey
1     8bdc colorMdGrey
1     8bec colorDkGrey
1     8bfc colorLtBlue
1     8c0c colorDkBlue
1     8c1c g_color_table
1     8c9c bytedirs
1     9454 holdrand
2     aee0 ctfFlagStatusRemap
2   3c434c _stackStart
2   3d434c _stackEnd
3        0 g_listEntity
3      110 g_podiumDrop
3      220 g_podiumDist
3      330 g_statLogFile
3      440 g_statLog
3      550 g_logSync
3      660 g_log
3      770 g_MaxHolocronCarry
3      880 g_clients
3     e400 boot_noFlips
3     e510 boot_screenShakeOnHeadChop
3     e620 boot_trainingMode
3     e730 boot_feintTimer
3     e840 g_timeouttospec
3     e950 g_forceDodge
3     ea60 g_dismember
3     eb70 g_singlePlayer
3     ec80 g_enableBreath
3     ed90 g_enableDust
3     eea0 g_rankings
3     efb0 pmove_msec
3     f0c0 pmove_fixed
3     f1d0 g_smoothClients
3     f2e0 g_blueteam
3     f3f0 g_redteam
3     f500 g_debugUp
3     f610 g_debugRight
3     f720 g_debugForward
3     f830 g_filterBan
3     f940 g_banIPs
3     fa50 g_teamForceBalance
3     fb60 g_teamAutoJoin
3     fc70 g_allowVote
3     fd80 g_blood
3     fe90 g_doWarmup
3     ffa0 g_warmup
3    100b0 g_motd
3    101c0 g_synchronousClients
3    102d0 g_adaptRespawn
3    103e0 g_weaponTeamRespawn
3    104f0 g_weaponRespawn
3    10600 g_debugDamage
3    10710 g_debugAlloc
3    10820 g_debugMove
3    10930 g_inactivity
3    10a40 g_forcerespawn
3    10b50 g_quadfactor
3    10c60 g_knockback
3    10d70 g_speed
3    10e80 g_gravity
3    10f90 g_needpass
3    110a0 g_password
3    111b0 g_friendlySaber
3    112c0 g_friendlyFire
3    113d0 g_saberInterpolate
3    114e0 g_capturelimit
3    115f0 g_timelimit
3    11700 g_duel_fraglimit
3    11810 g_fraglimit
3    11920 g_duelWeaponDisable
3    11a30 g_weaponDisable
3    11b40 g_forcePowerDisable
3    11c50 g_spawnInvulnerability
3    11d60 g_forceRegenTime
3    11e70 g_saberLocking
3    11f80 g_privateDuel
3    12090 g_forceBasedTeams
3    121a0 g_maxForceRank
3    122b0 g_dmflags
3    123c0 g_autoMapCycle
3    124d0 g_restarted
3    125e0 g_maxGameClients
3    126f0 g_maxclients
3    12800 g_cheats
3    12910 g_dedicated
3    12a20 g_gametype
3    12b30 g_entities
3    e1b30 level
3    e3eb8 g_ff_objectives
3    e3fc8 bootSession
3    e46d4 droppedBlueFlag
3    e46d8 droppedRedFlag
3    e46dc gBotEventTracker
3    e48dc regularupdate_time
3    e48e0 numbots
3    e48e4 botstates
3    e4964 floattime
3    e4968 eFlagBlue
3    e496c eFlagRed
3    e4970 oFlagBlue
3    e4974 flagBlue
3    e4978 oFlagRed
3    e497c flagRed
3    e4980 bot_wp_visconnect
3    e4a90 bot_wp_distconnect
3    e4ba0 bot_wp_clearweight
3    e4cb0 bot_wp_edit
3    e4dc0 bot_wp_info
3    e4ed0 bot_camp
3    e4fe0 bot_attachments
3    e50f0 bot_forgimmick
3    e5200 bot_forcepowers
3    e5310 gBotChatBuffer
3   125310 nodenum
3   125314 nodetable
3   145314 gWPArray
3   149314 bg_pool
3   33d314 pml
3   33d7a0 pm
3   33d7a4 BGPAFtext
3   3473e4 bgGlobalAnimations
3   34ecdc podium3
3   34ece0 podium2
3   34ece4 podium1
3   34ecec bot_minplayers
3   34edfc botSpawnQueue
3   34ee7c g_arenaInfos
3   34fe7c g_numArenas
3   34fe80 g_botInfos
3   350e80 g_numBots
3   351284 Client_Force
3   35518c itemRegistered
3   35558c G_WeaponLogItems
3   355d8c G_WeaponLogPowerups
3   35610c G_WeaponLogClientTouch
3   35618c G_WeaponLogLastTime
3   35620c G_WeaponLogTime
3   356a0c G_WeaponLogFrags
3   357a0c G_WeaponLogDeaths
3   35820c G_WeaponLogKills
3   35950c G_WeaponLogDamage
3   35a80c G_WeaponLogFired
3   35b00c G_WeaponLogPickups
3   35b80c allocPoint
3   35b810 memoryPool
3   39b810 gExplSound
3   39b814 pushed_p
3   39b818 pushed
3   3a3818 imperial_attackers
3   3a381c rebel_attackers
3   3a3820 rebel_goals_completed
3   3a3824 rebel_goals_required
3   3a3828 imperial_goals_completed
3   3a382c imperial_goals_required
3   3a3830 saga_round_over
3   3a3834 saga_valid
3   3a3838 saga_info
3   3a5838 numIPFilters
3   3a583c ipFilters
3   3a783c teamgame
3   3a7858 gTrigFallSound
3   3a8dfc gG2KillIndex
3   3a8efc remappedShaders
3   3ad0fc ent_list
3   3ae0fc muzzle
3   3ae108 up
3   3ae114 right
3   3ae120 forward
3   3ae12c s_quadFactor
3   3c3b48 com_lines
3   3c3b4c com_parsename
3   3c3f4c com_token
